Component: ARM Compiler 5.06 update 6 (build 750) Tool: armlink [4d35ed]

==============================================================================

Section Cross References

    startup_stm32f10x_hd.o(RESET) refers to startup_stm32f10x_hd.o(STACK) for __initial_sp
    startup_stm32f10x_hd.o(RESET) refers to startup_stm32f10x_hd.o(.text) for Reset_Handler
    startup_stm32f10x_hd.o(RESET) refers to stm32f10x_it.o(i.NMI_Handler) for NMI_Handler
    startup_stm32f10x_hd.o(RESET) refers to context_rvds.o(.text) for HardFault_Handler
    startup_stm32f10x_hd.o(RESET) refers to stm32f10x_it.o(i.MemManage_Handler) for MemManage_Handler
    startup_stm32f10x_hd.o(RESET) refers to stm32f10x_it.o(i.BusFault_Handler) for BusFault_Handler
    startup_stm32f10x_hd.o(RESET) refers to stm32f10x_it.o(i.UsageFault_Handler) for UsageFault_Handler
    startup_stm32f10x_hd.o(RESET) refers to stm32f10x_it.o(i.SVC_Handler) for SVC_Handler
    startup_stm32f10x_hd.o(RESET) refers to stm32f10x_it.o(i.DebugMon_Handler) for DebugMon_Handler
    startup_stm32f10x_hd.o(RESET) refers to board.o(i.SysTick_Handler) for SysTick_Handler
    startup_stm32f10x_hd.o(RESET) refers to usart.o(i.USART1_IRQHandler) for USART1_IRQHandler
    startup_stm32f10x_hd.o(RESET) refers to usart2.o(i.USART2_IRQHandler) for USART2_IRQHandler
    startup_stm32f10x_hd.o(RESET) refers to usart3.o(i.USART3_IRQHandler) for USART3_IRQHandler
    startup_stm32f10x_hd.o(RESET) refers to uart4.o(i.UART4_IRQHandler) for UART4_IRQHandler
    startup_stm32f10x_hd.o(RESET) refers to uart5.o(i.UART5_IRQHandler) for UART5_IRQHandler
    startup_stm32f10x_hd.o(RESET) refers to timer_mq2.o(i.TIM7_IRQHandler) for TIM7_IRQHandler
    startup_stm32f10x_hd.o(.text) refers to system_stm32f10x.o(i.SystemInit) for SystemInit
    startup_stm32f10x_hd.o(.text) refers to entry.o(.ARM.Collect$$$$00000000) for __main
    system_stm32f10x.o(i.SetSysClock) refers to system_stm32f10x.o(i.SetSysClockTo72) for SetSysClockTo72
    system_stm32f10x.o(i.SystemCoreClockUpdate) refers to system_stm32f10x.o(.data) for SystemCoreClock
    system_stm32f10x.o(i.SystemInit) refers to system_stm32f10x.o(i.SetSysClock) for SetSysClock
    stm32f10x_adc.o(i.ADC_DeInit) refers to stm32f10x_rcc.o(i.RCC_APB2PeriphResetCmd) for RCC_APB2PeriphResetCmd
    stm32f10x_bkp.o(i.BKP_DeInit) refers to stm32f10x_rcc.o(i.RCC_BackupResetCmd) for RCC_BackupResetCmd
    stm32f10x_can.o(i.CAN_DeInit) refers to stm32f10x_rcc.o(i.RCC_APB1PeriphResetCmd) for RCC_APB1PeriphResetCmd
    stm32f10x_can.o(i.CAN_GetITStatus) refers to stm32f10x_can.o(i.CheckITStatus) for CheckITStatus
    stm32f10x_cec.o(i.CEC_DeInit) refers to stm32f10x_rcc.o(i.RCC_APB1PeriphResetCmd) for RCC_APB1PeriphResetCmd
    stm32f10x_dac.o(i.DAC_DeInit) refers to stm32f10x_rcc.o(i.RCC_APB1PeriphResetCmd) for RCC_APB1PeriphResetCmd
    stm32f10x_flash.o(i.FLASH_EnableWriteProtection) refers to stm32f10x_flash.o(i.FLASH_WaitForLastOperation) for FLASH_WaitForLastOperation
    stm32f10x_flash.o(i.FLASH_EraseAllBank1Pages) refers to stm32f10x_flash.o(i.FLASH_WaitForLastBank1Operation) for FLASH_WaitForLastBank1Operation
    stm32f10x_flash.o(i.FLASH_EraseAllPages) refers to stm32f10x_flash.o(i.FLASH_WaitForLastOperation) for FLASH_WaitForLastOperation
    stm32f10x_flash.o(i.FLASH_EraseOptionBytes) refers to stm32f10x_flash.o(i.FLASH_GetReadOutProtectionStatus) for FLASH_GetReadOutProtectionStatus
    stm32f10x_flash.o(i.FLASH_EraseOptionBytes) refers to stm32f10x_flash.o(i.FLASH_WaitForLastOperation) for FLASH_WaitForLastOperation
    stm32f10x_flash.o(i.FLASH_ErasePage) refers to stm32f10x_flash.o(i.FLASH_WaitForLastOperation) for FLASH_WaitForLastOperation
    stm32f10x_flash.o(i.FLASH_ProgramHalfWord) refers to stm32f10x_flash.o(i.FLASH_WaitForLastOperation) for FLASH_WaitForLastOperation
    stm32f10x_flash.o(i.FLASH_ProgramOptionByteData) refers to stm32f10x_flash.o(i.FLASH_WaitForLastOperation) for FLASH_WaitForLastOperation
    stm32f10x_flash.o(i.FLASH_ProgramWord) refers to stm32f10x_flash.o(i.FLASH_WaitForLastOperation) for FLASH_WaitForLastOperation
    stm32f10x_flash.o(i.FLASH_ReadOutProtection) refers to stm32f10x_flash.o(i.FLASH_WaitForLastOperation) for FLASH_WaitForLastOperation
    stm32f10x_flash.o(i.FLASH_UserOptionByteConfig) refers to stm32f10x_flash.o(i.FLASH_WaitForLastOperation) for FLASH_WaitForLastOperation
    stm32f10x_flash.o(i.FLASH_WaitForLastBank1Operation) refers to stm32f10x_flash.o(i.FLASH_GetBank1Status) for FLASH_GetBank1Status
    stm32f10x_flash.o(i.FLASH_WaitForLastOperation) refers to stm32f10x_flash.o(i.FLASH_GetBank1Status) for FLASH_GetBank1Status
    stm32f10x_gpio.o(i.GPIO_AFIODeInit) refers to stm32f10x_rcc.o(i.RCC_APB2PeriphResetCmd) for RCC_APB2PeriphResetCmd
    stm32f10x_gpio.o(i.GPIO_DeInit) refers to stm32f10x_rcc.o(i.RCC_APB2PeriphResetCmd) for RCC_APB2PeriphResetCmd
    stm32f10x_i2c.o(i.I2C_DeInit) refers to stm32f10x_rcc.o(i.RCC_APB1PeriphResetCmd) for RCC_APB1PeriphResetCmd
[...]
    __aeabi_i2f                              0x080008c5   Thumb Code    18  fflti.o(.text)
    __aeabi_ui2f                             0x080008d7   Thumb Code    10  ffltui.o(.text)
    __aeabi_i2d                              0x080008e1   Thumb Code    34  dflti.o(.text)
    __aeabi_ul2d                             0x08000903   Thumb Code    24  dfltul.o(.text)
    __aeabi_f2iz                             0x0800091b   Thumb Code    50  ffixi.o(.text)
    __aeabi_f2uiz                            0x0800094d   Thumb Code    40  ffixui.o(.text)
    __aeabi_d2iz                             0x08000975   Thumb Code    62  dfixi.o(.text)
    __aeabi_d2uiz                            0x080009b3   Thumb Code    50  dfixui.o(.text)
    __aeabi_d2ulz                            0x080009e5   Thumb Code    48  dfixul.o(.text)
    __aeabi_f2d                              0x08000a15   Thumb Code    38  f2d.o(.text)
    __aeabi_cdrcmple                         0x08000a3d   Thumb Code    48  cdrcmple.o(.text)
    __aeabi_d2f                              0x08000a6d   Thumb Code    56  d2f.o(.text)
    __aeabi_cfcmpeq                          0x08000aa5   Thumb Code     0  cfcmple.o(.text)
    __aeabi_cfcmple                          0x08000aa5   Thumb Code    20  cfcmple.o(.text)
    __aeabi_cfrcmple                         0x08000ab9   Thumb Code    20  cfrcmple.o(.text)
    __aeabi_uidiv                            0x08000acd   Thumb Code     0  uidiv.o(.text)
    __aeabi_uidivmod                         0x08000acd   Thumb Code    44  uidiv.o(.text)
    __aeabi_uldivmod                         0x08000af9   Thumb Code    98  uldiv.o(.text)
    __aeabi_llsl                             0x08000b5b   Thumb Code    30  llshl.o(.text)
    _ll_shift_l                              0x08000b5b   Thumb Code     0  llshl.o(.text)
    __aeabi_llsr                             0x08000b79   Thumb Code    32  llushr.o(.text)
    _ll_ushift_r                             0x08000b79   Thumb Code     0  llushr.o(.text)
    __aeabi_lasr                             0x08000b99   Thumb Code    36  llsshr.o(.text)
    _ll_sshift_r                             0x08000b99   Thumb Code     0  llsshr.o(.text)
    __vfscanf_char                           0x08000bc9   Thumb Code    20  scanf_char.o(.text)
    _sgetc                                   0x08000be5   Thumb Code    30  _sgetc.o(.text)
    _sbackspace                              0x08000c03   Thumb Code    34  _sgetc.o(.text)
    __strtod_int                             0x08000c5b   Thumb Code    90  strtod.o(.text)
    __I$use$fp                               0x08000cc1   Thumb Code     0  iusefp.o(.text)
    _float_round                             0x08000cc1   Thumb Code    18  fepilogue.o(.text)
    _float_epilogue                          0x08000cd3   Thumb Code    92  fepilogue.o(.text)
    _double_round                            0x08000d2f   Thumb Code    30  depilogue.o(.text)
    _double_epilogue                         0x08000d4d   Thumb Code   156  depilogue.o(.text)
    __ARM_scalbn                             0x08000de9   Thumb Code    46  dscalb.o(.text)
    scalbn                                   0x08000de9   Thumb Code     0  dscalb.o(.text)
    __scatterload                            0x08000e19   Thumb Code    28  init.o(.text)
    __scatterload_rt2                        0x08000e19   Thumb Code     0  init.o(.text)
    isspace                                  0x08000e3d   Thumb Code    10  isspace_c.o(.text)
    __vfscanf                                0x08000e49   Thumb Code   808  _scanf.o(.text)
    _scanf_real                              0x0800129d   Thumb Code     0  scanf_fp.o(.text)
    _scanf_really_real                       0x0800129d   Thumb Code   556  scanf_fp.o(.text)
    _dsqrt                                   0x080014d5   Thumb Code   162  dsqrt.o(.text)
    __ctype_lookup                           0x08001579   Thumb Code    34  ctype_c.o(.text)
    __decompress                             0x080015a1   Thumb Code     0  __dczerorl2.o(.text)
    __decompress1                            0x080015a1   Thumb Code    86  __dczerorl2.o(.text)
    main                                     0x080015f7   Thumb Code    14  components.o(i.$Sub$$main)
    ADC_ClearFlag                            0x08001605   Thumb Code     6  stm32f10x_adc.o(i.ADC_ClearFlag)
    ADC_Cmd                                  0x0800160b   Thumb Code    22  stm32f10x_adc.o(i.ADC_Cmd)
    ADC_DeInit                               0x08001621   Thumb Code    78  stm32f10x_adc.o(i.ADC_DeInit)
    ADC_GetCalibrationStatus                 0x0800167d   Thumb Code    20  stm32f10x_adc.o(i.ADC_GetCalibrationStatus)
    ADC_GetConversionValue                   0x08001691   Thumb Code     8  stm32f10x_adc.o(i.ADC_GetConversionValue)
    ADC_GetFlagStatus                        0x08001699   Thumb Code    18  stm32f10x_adc.o(i.ADC_GetFlagStatus)
    ADC_GetResetCalibrationStatus            0x080016ab   Thumb Code    20  stm32f10x_adc.o(i.ADC_GetResetCalibrationStatus)
    ADC_Init                                 0x080016c1   Thumb Code    70  stm32f10x_adc.o(i.ADC_Init)
    ADC_RegularChannelConfig                 0x08001711   Thumb Code   184  stm32f10x_adc.o(i.ADC_RegularChannelConfig)
    ADC_ResetCalibration                     0x080017c9   Thumb Code    10  stm32f10x_adc.o(i.ADC_ResetCalibration)
    ADC_SoftwareStartConvCmd                 0x080017d3   Thumb Code    22  stm32f10x_adc.o(i.ADC_SoftwareStartConvCmd)
    ADC_StartCalibration                     0x080017e9   Thumb Code    10  stm32f10x_adc.o(i.ADC_StartCalibration)
    ALARM_Handle_myself                      0x080017f5   Thumb Code   642  deal_with.o(i.ALARM_Handle_myself)
    ALARM_function                           0x08001b25   Thumb Code    56  deal_with.o(i.ALARM_function)
    BEEP_GPIO_Config                         0x08001b89   Thumb Code    50  beep.o(i.BEEP_GPIO_Config)
    BusFault_Handler                         0x08001bc1   Thumb Code     4  stm32f10x_it.o(i.BusFault_Handler)
    Calculate_SGP30                          0x08001bc5   Thumb Code    38  deal_with.o(i.Calculate_SGP30)
    Calculate_SHT30                          0x08001bed   Thumb Code   214  deal_with.o(i.Calculate_SHT30)
    Clear_Buffer                             0x08001ce1   Thumb Code    40  usart2.o(i.Clear_Buffer)
    Clear_Buffer_separate                    0x08001d11   Thumb Code    34  usart2.o(i.Clear_Buffer_separate)
    Collect_data                             0x08001d3d   Thumb Code    96  gp2y10_adc.o(i.Collect_data)
    DataGet_LD2410C                          0x08001da5   Thumb Code   154  hlk_ld2410c.o(i.DataGet_LD2410C)
    Dealwith_HLK_TX510                       0x08001e49   Thumb Code   216  hlk_tx510.o(i.Dealwith_HLK_TX510)
    DebugMon_Handler                         0x08001f29   Thumb Code     2  stm32f10x_it.o(i.DebugMon_Handler)
    Fire_ADC_Init                            0x08001f2b   Thumb Code    12  fire_adc.o(i.Fire_ADC_Init)
    Fire_GetData                             0x08001f65   Thumb Code    60  fire_adc.o(i.Fire_GetData)
    Fire_Get_ADC                             0x08001fa9   Thumb Code    46  fire_adc.o(i.Fire_Get_ADC)
    Fire_Get_ADC_Aveurage                    0x08001fdd   Thumb Code    46  fire_adc.o(i.Fire_Get_ADC_Aveurage)
    First_function                           0x08002085   Thumb Code   104  deal_with.o(i.First_function)
    GET_Data_ALARM_myself                    0x080020f1   Thumb Code   226  deal_with.o(i.GET_Data_ALARM_myself)
    GET_Data_Desired_myself                  0x080021ed   Thumb Code    30  deal_with.o(i.GET_Data_Desired_myself)
    GET_Data_SENSOR_myself                   0x08002215   Thumb Code    44  deal_with.o(i.GET_Data_SENSOR_myself)
    GP2Y_ADC_Init                            0x08002249   Thumb Code    12  gp2y10_adc.o(i.GP2Y_ADC_Init)
    GP2Y_Convert                             0x08002255   Thumb Code   148  gp2y10_adc.o(i.GP2Y_Convert)
    GP2Y_GetDate                             0x08002351   Thumb Code    34  gp2y10_adc.o(i.GP2Y_GetDate)
    GP2Y_GetDens                             0x0800237d   Thumb Code    16  gp2y10_adc.o(i.GP2Y_GetDens)
    GPIO_Init                                0x08002405   Thumb Code   278  stm32f10x_gpio.o(i.GPIO_Init)
    GPIO_ReadInputDataBit                    0x0800251b   Thumb Code    18  stm32f10x_gpio.o(i.GPIO_ReadInputDataBit)
    GPIO_ResetBits                           0x0800252d   Thumb Code     4  stm32f10x_gpio.o(i.GPIO_ResetBits)
    GPIO_SetBits                             0x08002531   Thumb Code     4  stm32f10x_gpio.o(i.GPIO_SetBits)
    Get_MQ2_ADC                              0x08002535   Thumb Code    46  mq2_adc.o(i.Get_MQ2_ADC)
    Get_MQ2_ADC_Average                      0x08002569   Thumb Code    46  mq2_adc.o(i.Get_MQ2_ADC_Average)
    HLK_TX510_ClearDate                      0x08002599   Thumb Code    52  hlk_tx510.o(i.HLK_TX510_ClearDate)
    HLK_TX510_DeleteAll_FaceID               0x080025d9   Thumb Code    34  hlk_tx510.o(i.HLK_TX510_DeleteAll_FaceID)
    HLK_TX510_Enroll_FaceID                  0x08002605   Thumb Code    34  hlk_tx510.o(i.HLK_TX510_Enroll_FaceID)
    HLK_TX510_Identify_FaceID                0x08002631   Thumb Code    34  hlk_tx510.o(i.HLK_TX510_Identify_FaceID)
    HLK_TX510_Receive_Byte                   0x0800265d   Thumb Code   198  hlk_tx510.o(i.HLK_TX510_Receive_Byte)
    HLK_TX510_Send_DeleteAllCmd              0x08002735   Thumb Code    28  hlk_tx510.o(i.HLK_TX510_Send_DeleteAllCmd)
    HLK_TX510_Send_FaceCmd                   0x08002751   Thumb Code    28  hlk_tx510.o(i.HLK_TX510_Send_FaceCmd)
    IWDG_Enable                              0x08002d29   Thumb Code    10  stm32f10x_iwdg.o(i.IWDG_Enable)
    IWDG_Feed                                0x08002d39   Thumb Code     8  wdg.o(i.IWDG_Feed)
    IWDG_Init                                0x08002d41   Thumb Code    36  wdg.o(i.IWDG_Init)
    IWDG_ReloadCounter                       0x08002d65   Thumb Code    10  stm32f10x_iwdg.o(i.IWDG_ReloadCounter)
    IWDG_SetPrescaler                        0x08002d75   Thumb Code     6  stm32f10x_iwdg.o(i.IWDG_SetPrescaler)
    IWDG_SetReload                           0x08002d81   Thumb Code     6  stm32f10x_iwdg.o(i.IWDG_SetReload)
    IWDG_WriteAccessCmd                      0x08002d8d   Thumb Code     6  stm32f10x_iwdg.o(i.IWDG_WriteAccessCmd)
    Init_myself                              0x08002d99   Thumb Code   198  deal_with.o(i.Init_myself)
    Interactive_function                     0x08002e65   Thumb Code    72  deal_with.o(i.Interactive_function)
    LED_GPIO_Config                          0x08002ecd   Thumb Code   102  led_test.o(i.LED_GPIO_Config)
    ML302_Init                               0x08002f39   Thumb Code    64  ml302.o(i.ML302_Init)
    ML302_Init_MQTT                          0x08002f79   Thumb Code   332  ml302.o(i.ML302_Init_MQTT)
    ML302_Init_call                          0x08003191   Thumb Code   306  ml302.o(i.ML302_Init_call)
    ML302_Init_text                          0x08003359   Thumb Code   346  ml302.o(i.ML302_Init_text)
    ML302_MQTTInit                           0x0800358d   Thumb Code   106  ml302.o(i.ML302_MQTTInit)
    ML302_MQTTPUB_GET_desired                0x08003665   Thumb Code    24  ml302.o(i.ML302_MQTTPUB_GET_desired)
    ML302_MQTTPUB_POST                       0x08003685   Thumb Code   182  ml302.o(i.ML302_MQTTPUB_POST)
    ML302_MQTTSUB                            0x08003759   Thumb Code   166  ml302.o(i.ML302_MQTTSUB)
    ML302_MQTT_ParseData                     0x080038f9   Thumb Code   606  ml302.o(i.ML302_MQTT_ParseData)
    ML302_SendMessage                        0x08003c0d   Thumb Code   114  ml302.o(i.ML302_SendMessage)
    MQ2_ADC_Init                             0x08003cb5   Thumb Code   138  mq2_adc.o(i.MQ2_ADC_Init)
    MQ2_GetPPM                               0x08003d49   Thumb Code   274  mq2_adc.o(i.MQ2_GetPPM)
    MemManage_Handler                        0x08003e95   Thumb Code     4  stm32f10x_it.o(i.MemManage_Handler)
    NMI_Handler                              0x08003e99   Thumb Code     2  stm32f10x_it.o(i.NMI_Handler)
    NVIC_Init                                0x08003ec1   Thumb Code   100  misc.o(i.NVIC_Init)
    NVIC_PriorityGroupConfig                 0x08003f31   Thumb Code    10  misc.o(i.NVIC_PriorityGroupConfig)
    OLED_CLS                                 0x08003f45   Thumb Code    10  oled_iic.o(i.OLED_CLS)
    OLED_Fill                                0x08003f4f   Thumb Code    58  oled_iic.o(i.OLED_Fill)
    OLED_IIC_GPIO_Init                       0x08003f89   Thumb Code    42  oled_iic.o(i.OLED_IIC_GPIO_Init)
    OLED_IIC_WriteByte                       0x08003fb9   Thumb Code    64  oled_iic.o(i.OLED_IIC_WriteByte)
    OLED_Init                                0x08003ff9   Thumb Code   182  oled_iic.o(i.OLED_Init)
    OLED_SetPos                              0x080040af   Thumb Code    40  oled_iic.o(i.OLED_SetPos)
    OLED_ShowCN                              0x080040d9   Thumb Code    80  oled_iic.o(i.OLED_ShowCN)
    OLED_ShowChar                            0x0800412d   Thumb Code   148  oled_iic.o(i.OLED_ShowChar)
    OLED_ShowNum                             0x080041c9   Thumb Code   136  oled_iic.o(i.OLED_ShowNum)
    OLED_ShowStr                             0x08004251   Thumb Code   228  oled_iic.o(i.OLED_ShowStr)
    OLED_Showdecimal                         0x0800433d   Thumb Code   300  oled_iic.o(i.OLED_Showdecimal)
    OLED_WriteCmd                            0x08004469   Thumb Code    14  oled_iic.o(i.OLED_WriteCmd)
    OLED_WriteDat                            0x08004477   Thumb Code    14  oled_iic.o(i.OLED_WriteDat)
    OSD_myself                               0x08004485   Thumb Code   536  deal_with.o(i.OSD_myself)
    POST_Data_myself                         0x080046b5   Thumb Code   136  deal_with.o(i.POST_Data_myself)
    Parse_JSON                               0x08004741   Thumb Code    86  ml302.o(i.Parse_JSON)
    Parse_JSON_phone                         0x080047f1   Thumb Code   134  ml302.o(i.Parse_JSON_phone)
    RCC_ADCCLKConfig                         0x080048d1   Thumb Code    18  stm32f10x_rcc.o(i.RCC_ADCCLKConfig)
    RCC_APB1PeriphClockCmd                   0x080048e9   Thumb Code    26  stm32f10x_rcc.o(i.RCC_APB1PeriphClockCmd)
    RCC_APB1PeriphResetCmd                   0x08004909   Thumb Code    26  stm32f10x_rcc.o(i.RCC_APB1PeriphResetCmd)
    RCC_APB2PeriphClockCmd                   0x08004929   Thumb Code    26  stm32f10x_rcc.o(i.RCC_APB2PeriphClockCmd)
    RCC_APB2PeriphResetCmd                   0x08004949   Thumb Code    26  stm32f10x_rcc.o(i.RCC_APB2PeriphResetCmd)
    RCC_GetClocksFreq                        0x08004969   Thumb Code   192  stm32f10x_rcc.o(i.RCC_GetClocksFreq)
    RELAY_GPIO_Config                        0x08004a3d   Thumb Code    50  relay.o(i.RELAY_GPIO_Config)
    SENSOR_function                          0x08004b05   Thumb Code    96  deal_with.o(i.SENSOR_function)
    SGP30_Init                               0x08004b8d   Thumb Code    16  sgp30_iic.o(i.SGP30_Init)
    SGP30_Read                               0x08004b9d   Thumb Code    72  sgp30_iic.o(i.SGP30_Read)
    SGP30_Write                              0x08004be5   Thumb Code    52  sgp30_iic.o(i.SGP30_Write)
    SHT30_Init                               0x08004c19   Thumb Code     8  sht30_iic.o(i.SHT30_Init)
    SHT30_read_result                        0x08004c21   Thumb Code   186  sht30_iic.o(i.SHT30_read_result)
    SVC_Handler                              0x08004cdb   Thumb Code     2  stm32f10x_it.o(i.SVC_Handler)
    SysTick_CLKSourceConfig                  0x08004dc5   Thumb Code    40  misc.o(i.SysTick_CLKSourceConfig)
    SysTick_Handler                          0x08004ded   Thumb Code    16  board.o(i.SysTick_Handler)
    SystemInit                               0x08004dfd   Thumb Code    78  system_stm32f10x.o(i.SystemInit)
    TIM7_IRQHandler                          0x08004e5d   Thumb Code    32  timer_mq2.o(i.TIM7_IRQHandler)
    TIM7_Init                                0x08004e85   Thumb Code    84  timer_mq2.o(i.TIM7_Init)
    TIM_ClearITPendingBit                    0x08004edd   Thumb Code     6  stm32f10x_tim.o(i.TIM_ClearITPendingBit)
    TIM_Cmd                                  0x08004ee3   Thumb Code    24  stm32f10x_tim.o(i.TIM_Cmd)
    TIM_GetITStatus                          0x08004efb   Thumb Code    34  stm32f10x_tim.o(i.TIM_GetITStatus)
    TIM_ITConfig                             0x08004f1d   Thumb Code    18  stm32f10x_tim.o(i.TIM_ITConfig)
    TIM_TimeBaseInit                         0x08004f31   Thumb Code   122  stm32f10x_tim.o(i.TIM_TimeBaseInit)
    UART4_IRQHandler                         0x08004fd5   Thumb Code   182  uart4.o(i.UART4_IRQHandler)
    UART5_Config                             0x0800509d   Thumb Code   132  uart5.o(i.UART5_Config)
    UART5_IRQHandler                         0x0800512d   Thumb Code   192  uart5.o(i.UART5_IRQHandler)
    USART1_IRQHandler                        0x080051f9   Thumb Code   130  usart.o(i.USART1_IRQHandler)
    USART2_IRQHandler                        0x08005289   Thumb Code    58  usart2.o(i.USART2_IRQHandler)
    USART3_IRQHandler                        0x08005361   Thumb Code    74  usart3.o(i.USART3_IRQHandler)
    USART3_Init                              0x080053b5   Thumb Code    24  usart3.o(i.USART3_Init)
    USART3_SendByte                          0x08005409   Thumb Code    28  usart3.o(i.USART3_SendByte)
    USART_Cmd                                0x08005429   Thumb Code    24  stm32f10x_usart.o(i.USART_Cmd)
    USART_DeInit                             0x08005441   Thumb Code   134  stm32f10x_usart.o(i.USART_DeInit)
    USART_GetFlagStatus                      0x080054dd   Thumb Code    26  stm32f10x_usart.o(i.USART_GetFlagStatus)
    USART_GetITStatus                        0x080054f7   Thumb Code    84  stm32f10x_usart.o(i.USART_GetITStatus)
    USART_ITConfig                           0x0800554b   Thumb Code    74  stm32f10x_usart.o(i.USART_ITConfig)
    USART_Init                               0x08005595   Thumb Code   210  stm32f10x_usart.o(i.USART_Init)
    USART_ReceiveData                        0x0800566d   Thumb Code    10  stm32f10x_usart.o(i.USART_ReceiveData)
    USART_SendData                           0x08005677   Thumb Code     8  stm32f10x_usart.o(i.USART_SendData)
    Uart1_SendStr                            0x08005681   Thumb Code    34  usart.o(i.Uart1_SendStr)
    UsageFault_Handler                       0x080056a9   Thumb Code     4  stm32f10x_it.o(i.UsageFault_Handler)
    __0printf                                0x080056ad   Thumb Code    22  printfa.o(i.__0printf)
    __1printf                                0x080056ad   Thumb Code     0  printfa.o(i.__0printf)
    __2printf                                0x080056ad   Thumb Code     0  printfa.o(i.__0printf)
    __c89printf                              0x080056ad   Thumb Code     0  printfa.o(i.__0printf)
    printf                                   0x080056ad   Thumb Code     0  printfa.o(i.__0printf)
    __0sprintf                               0x080056cd   Thumb Code    34  printfa.o(i.__0sprintf)
    __1sprintf                               0x080056cd   Thumb Code     0  printfa.o(i.__0sprintf)
    __2sprintf                               0x080056cd   Thumb Code     0  printfa.o(i.__0sprintf)
    __c89sprintf                             0x080056cd   Thumb Code     0  printfa.o(i.__0sprintf)
    sprintf                                  0x080056cd   Thumb Code     0  printfa.o(i.__0sprintf)
    __0vsnprintf                             0x080056f5   Thumb Code    40  printfa.o(i.__0vsnprintf)
    __1vsnprintf                             0x080056f5   Thumb Code     0  printfa.o(i.__0vsnprintf)
    __2vsnprintf                             0x080056f5   Thumb Code     0  printfa.o(i.__0vsnprintf)
    __c89vsnprintf                           0x080056f5   Thumb Code     0  printfa.o(i.__0vsnprintf)
    vsnprintf                                0x080056f5   Thumb Code     0  printfa.o(i.__0vsnprintf)
    __ARM_fpclassify                         0x08005721   Thumb Code    40  fpclassify.o(i.__ARM_fpclassify)
    __kernel_poly                            0x08005749   Thumb Code   170  poly.o(i.__kernel_poly)
    __mathlib_dbl_divzero                    0x080057f5   Thumb Code    12  dunder.o(i.__mathlib_dbl_divzero)
    __mathlib_dbl_infnan2                    0x08005805   Thumb Code     4  dunder.o(i.__mathlib_dbl_infnan2)
    __mathlib_dbl_invalid                    0x08005809   Thumb Code    12  dunder.o(i.__mathlib_dbl_invalid)
    __mathlib_dbl_overflow                   0x08005815   Thumb Code    14  dunder.o(i.__mathlib_dbl_overflow)
    __mathlib_dbl_underflow                  0x08005825   Thumb Code    10  dunder.o(i.__mathlib_dbl_underflow)
    __read_errno                             0x08005835   Thumb Code     6  errno.o(i.__read_errno)
    __rt_ffs                                 0x08005841   Thumb Code    70  kservice.o(i.__rt_ffs)
    __scatterload_copy                       0x0800588d   Thumb Code    14  handlers.o(i.__scatterload_copy)
    __scatterload_null                       0x0800589b   Thumb Code     2  handlers.o(i.__scatterload_null)
    __scatterload_zeroinit                   0x0800589d   Thumb Code    14  handlers.o(i.__scatterload_zeroinit)
    __set_errno                              0x080058ad   Thumb Code     6  errno.o(i.__set_errno)
    _is_digit                                0x08005a51   Thumb Code    14  scanf_fp.o(i._is_digit)
    atof                                     0x080062a5   Thumb Code    42  atof.o(i.atof)
    deal_with                                0x080062d1   Thumb Code   204  deal_with.o(i.deal_with)
    delay_init                               0x080063b1   Thumb Code    76  delay.o(i.delay_init)
    delay_ms                                 0x08006405   Thumb Code    66  delay.o(i.delay_ms)
    delay_osschedlock                        0x08006455   Thumb Code     8  delay.o(i.delay_osschedlock)
    delay_osschedunlock                      0x0800645d   Thumb Code     8  delay.o(i.delay_osschedunlock)
    delay_ostimedly                          0x08006465   Thumb Code    12  delay.o(i.delay_ostimedly)
    delay_s                                  0x08006471   Thumb Code    24  delay.o(i.delay_s)
    delay_us                                 0x08006489   Thumb Code    84  delay.o(i.delay_us)
    fputc                                    0x080064e1   Thumb Code    24  usart2.o(i.fputc)
    $Super$$main                             0x080064fd   Thumb Code   202  main.o(i.main)
    main_thread_entry                        0x08006645   Thumb Code    14  components.o(i.main_thread_entry)
    oled_pow                                 0x08006653   Thumb Code    22  oled_iic.o(i.oled_pow)
    perform_DeleteAllFace                    0x08006669   Thumb Code    30  hlk_tx510.o(i.perform_DeleteAllFace)
    perform_DeleteFace                       0x0800668d   Thumb Code    30  hlk_tx510.o(i.perform_DeleteFace)
    perform_EnrollFace                       0x080066b1   Thumb Code    30  hlk_tx510.o(i.perform_EnrollFace)
    perform_IdentifyFace                     0x080066d5   Thumb Code     2  hlk_tx510.o(i.perform_IdentifyFace)
    perform_IdentifyFace_Error               0x080066d9   Thumb Code     8  hlk_tx510.o(i.perform_IdentifyFace_Error)
    pow                                      0x0800675d   Thumb Code  2512  pow.o(i.pow)
    printf_myself                            0x08007135   Thumb Code   552  deal_with.o(i.printf_myself)
    rt_application_init                      0x080075d5   Thumb Code    32  components.o(i.rt_application_init)
    rt_components_board_init                 0x08007601   Thumb Code    20  components.o(i.rt_components_board_init)
    rt_components_init                       0x0800761d   Thumb Code    20  components.o(i.rt_components_init)
    rt_enter_critical                        0x08007639   Thumb Code    28  scheduler.o(i.rt_enter_critical)
    rt_exit_critical                         0x08007659   Thumb Code    54  scheduler.o(i.rt_exit_critical)
    rt_free                                  0x08007695   Thumb Code   128  mem.o(i.rt_free)
    rt_heap_begin_get                        0x08007775   Thumb Code     4  board.o(i.rt_heap_begin_get)
    rt_heap_end_get                          0x0800777d   Thumb Code     4  board.o(i.rt_heap_end_get)
    rt_hw_board_init                         0x08007785   Thumb Code   110  board.o(i.rt_hw_board_init)
    rt_hw_console_output                     0x08007801   Thumb Code    74  board.o(i.rt_hw_console_output)
    rt_hw_hard_fault_exception               0x08007851   Thumb Code   190  cpuport.o(i.rt_hw_hard_fault_exception)
    rt_hw_stack_init                         0x08007a51   Thumb Code    70  cpuport.o(i.rt_hw_stack_init)
    rt_interrupt_enter                       0x08007a9d   Thumb Code    26  irq.o(i.rt_interrupt_enter)
    rt_interrupt_leave                       0x08007abd   Thumb Code    26  irq.o(i.rt_interrupt_leave)
    rt_kprintf                               0x08007b6d   Thumb Code    44  kservice.o(i.rt_kprintf)
    rt_malloc                                0x08007c2d   Thumb Code   336  mem.o(i.rt_malloc)
    rt_memset                                0x08007d99   Thumb Code    20  kservice.o(i.rt_memset)
    rt_object_allocate                       0x08007dad   Thumb Code    74  object.o(i.rt_object_allocate)
    rt_object_delete                         0x08007df7   Thumb Code    32  object.o(i.rt_object_delete)
    rt_object_detach                         0x08007e17   Thumb Code    26  object.o(i.rt_object_detach)
    rt_object_get_information                0x08007e31   Thumb Code    36  object.o(i.rt_object_get_information)
    rt_object_init                           0x08007e59   Thumb Code    60  object.o(i.rt_object_init)
    rt_object_is_systemobject                0x08007e95   Thumb Code    18  object.o(i.rt_object_is_systemobject)
    rt_schedule                              0x08007ea9   Thumb Code   118  scheduler.o(i.rt_schedule)
    rt_schedule_insert_thread                0x08007f39   Thumb Code    72  scheduler.o(i.rt_schedule_insert_thread)
    rt_schedule_remove_thread                0x08007f89   Thumb Code    76  scheduler.o(i.rt_schedule_remove_thread)
    rt_sem_create                            0x08007fdd   Thumb Code    42  ipc.o(i.rt_sem_create)
    rt_sem_init                              0x08008007   Thumb Code    38  ipc.o(i.rt_sem_init)
    rt_sem_release                           0x0800802d   Thumb Code    58  ipc.o(i.rt_sem_release)
    rt_sem_take                              0x08008067   Thumb Code   116  ipc.o(i.rt_sem_take)
    rt_show_version                          0x080080dd   Thumb Code    38  kservice.o(i.rt_show_version)
    rt_strncpy                               0x0800818d   Thumb Code    52  kservice.o(i.rt_strncpy)
    rt_system_heap_init                      0x080081c1   Thumb Code   160  mem.o(i.rt_system_heap_init)
    rt_system_scheduler_init                 0x080082b9   Thumb Code    52  scheduler.o(i.rt_system_scheduler_init)
    rt_system_scheduler_start                0x08008305   Thumb Code    36  scheduler.o(i.rt_system_scheduler_start)
    rt_system_timer_init                     0x08008335   Thumb Code    24  timer.o(i.rt_system_timer_init)
    rt_system_timer_thread_init              0x08008351   Thumb Code     2  timer.o(i.rt_system_timer_thread_init)
    rt_thread_create                         0x08008353   Thumb Code    80  thread.o(i.rt_thread_create)
    rt_thread_delay                          0x080083a3   Thumb Code    12  thread.o(i.rt_thread_delay)
    rt_thread_exit                           0x080083b1   Thumb Code    76  thread.o(i.rt_thread_exit)
    rt_thread_idle_excute                    0x0800840d   Thumb Code   128  idle.o(i.rt_thread_idle_excute)
    rt_thread_idle_init                      0x08008491   Thumb Code    38  idle.o(i.rt_thread_idle_init)
    rt_thread_init                           0x080084cd   Thumb Code    52  thread.o(i.rt_thread_init)
    rt_thread_resume                         0x08008501   Thumb Code    60  thread.o(i.rt_thread_resume)
    rt_thread_self                           0x0800853d   Thumb Code     6  thread.o(i.rt_thread_self)
    rt_thread_sleep                          0x08008549   Thumb Code    62  thread.o(i.rt_thread_sleep)
    rt_thread_startup                        0x0800858d   Thumb Code    44  thread.o(i.rt_thread_startup)
    rt_thread_suspend                        0x080085b9   Thumb Code    68  thread.o(i.rt_thread_suspend)
    rt_thread_timeout                        0x080085fd   Thumb Code    32  thread.o(i.rt_thread_timeout)
    rt_thread_yield                          0x0800861d   Thumb Code    92  thread.o(i.rt_thread_yield)
    rt_tick_get                              0x08008681   Thumb Code     6  clock.o(i.rt_tick_get)
    rt_tick_increase                         0x0800868d   Thumb Code    42  clock.o(i.rt_tick_increase)
    rt_timer_check                           0x080086bd   Thumb Code   118  timer.o(i.rt_timer_check)
    rt_timer_control                         0x08008739   Thumb Code    56  timer.o(i.rt_timer_control)
    rt_timer_detach                          0x08008771   Thumb Code    32  timer.o(i.rt_timer_detach)
    rt_timer_init                            0x08008791   Thumb Code    46  timer.o(i.rt_timer_init)
    rt_timer_start                           0x080087c1   Thumb Code   238  timer.o(i.rt_timer_start)
    rt_timer_stop                            0x080088b9   Thumb Code    48  timer.o(i.rt_timer_stop)
    rtthread_startup                         0x080088f9   Thumb Code    42  components.o(i.rtthread_startup)
    sqrt                                     0x08008923   Thumb Code    76  sqrt.o(i.sqrt)
    uart2_init                               0x08008971   Thumb Code   160  usart2.o(i.uart2_init)
    uart4_init                               0x08008a19   Thumb Code   174  uart4.o(i.uart4_init)
    uart_init                                0x08008ad9   Thumb Code   152  usart.o(i.uart_init)
    __lowest_bit_bitmap                      0x08008b78   Data         256  kservice.o(.constdata)
    F6x8                                     0x08008c9a   Data         552  oled_iic.o(.constdata)
    F8X16                                    0x08008ec2   Data        1520  oled_iic.o(.constdata)
    __mathlib_zero                           0x08009540   Data           8  qnan.o(.constdata)
    __ctype_categories                       0x08009548   Data          64  ctype_c.o(.constdata)
    __rt_init_rti_start                      0x08009a90   Data           4  components.o(.rti_fn.0)
    __rt_init_rti_board_start                0x08009a94   Data           4  components.o(.rti_fn.0.end)
    __rt_init_rti_board_end                  0x08009a98   Data           4  components.o(.rti_fn.1.end)
    __rt_init_rti_end                        0x08009a9c   Data           4  components.o(.rti_fn.6.end)
    Region$$Table$$Base                      0x08009aa0   Number         0  anon$$obj.o(Region$$Table)
    Region$$Table$$Limit                     0x08009ac0   Number         0  anon$$obj.o(Region$$Table)
    SystemCoreClock                          0x20000000   Data           4  system_stm32f10x.o(.data)
    AHBPrescTable                            0x20000004   Data          16  system_stm32f10x.o(.data)
    ALARM_sem                                0x20000034   Data           4  main.o(.data)
    SENSOR_sem                               0x20000038   Data           4  main.o(.data)
    Interactive_sem                          0x2000003c   Data           4  main.o(.data)
    time_rec                                 0x20000040   Data           4  main.o(.data)
    ALARM                                    0x20000048   Data          24  deal_with.o(.data)
    IFWORK                                   0x20000060   Data           5  deal_with.o(.data)
    STM32                                    0x20000068   Data          80  deal_with.o(.data)
    REC_cache                                0x200000b8   Data          80  deal_with.o(.data)
    Desired                                  0x20000108   Data          80  deal_with.o(.data)
    ONENET_IF                                0x20000158   Data           5  deal_with.o(.data)
    ASR_IF                                   0x2000015d   Data          11  deal_with.o(.data)
    phone_num                                0x20000168   Data          12  deal_with.o(.data)
    call_num                                 0x20000174   Data          20  deal_with.o(.data)
    NVICPriority_Structure                   0x20000188   Data           7  deal_with.o(.data)
    KEY1_flag                                0x2000018f   Data           1  deal_with.o(.data)
    KEY2_flag                                0x20000190   Data           1  deal_with.o(.data)
    KEY3_flag                                0x20000191   Data           1  deal_with.o(.data)
    KEY4_flag                                0x20000192   Data           1  deal_with.o(.data)
    OSRunning                                0x20000198   Data           1  delay.o(.data)
    USART_RX_STA                             0x2000019a   Data           2  usart.o(.data)
    rt_interrupt_nest                        0x200001a0   Data           1  irq.o(.data)
    rt_current_thread                        0x20000240   Data           4  scheduler.o(.data)
    rt_current_priority                      0x20000244   Data           1  scheduler.o(.data)
    rt_thread_ready_priority_group           0x20000248   Data           4  scheduler.o(.data)
    rt_thread_defunct                        0x2000024c   Data           8  scheduler.o(.data)
    rt_interrupt_from_thread                 0x20000260   Data           4  cpuport.o(.data)
    rt_interrupt_to_thread                   0x20000264   Data           4  cpuport.o(.data)
    rt_thread_switch_interrupt_flag          0x20000268   Data           4  cpuport.o(.data)
    flag_start_LD2410C                       0x20000270   Data           1  uart4.o(.data)
    HLK_TX510_Face_IdentifyCmd               0x20000271   Data           8  hlk_tx510.o(.data)
    HLK_TX510_Face_EnrollCmd                 0x20000279   Data           8  hlk_tx510.o(.data)
    HLK_TX510_Delete_FaceCmd                 0x20000281   Data          10  hlk_tx510.o(.data)
    HLK_TX510_Delete_FaceALLCmd              0x2000028b   Data           8  hlk_tx510.o(.data)
    HLK_TX510_LightON                        0x20000293   Data           9  hlk_tx510.o(.data)
    HLK_TX510_LightOFF                       0x2000029c   Data           9  hlk_tx510.o(.data)
    HLK_TX510_Control_DisplayON              0x200002a5   Data           9  hlk_tx510.o(.data)
    HLK_TX510_Control_DisplayOFF             0x200002ae   Data           9  hlk_tx510.o(.data)
    HLK_TX510_WhiteLightON                   0x200002b7   Data           9  hlk_tx510.o(.data)
    HLK_TX510_WhiteLightOFF                  0x200002c0   Data           9  hlk_tx510.o(.data)
    HLK_TX510_Version_InquireCmd             0x200002c9   Data           8  hlk_tx510.o(.data)
    HLK_TX510_RebootCmd                      0x200002d1   Data           8  hlk_tx510.o(.data)
    HLK_TX510_Baudrate_SetCmd                0x200002d9   Data           9  hlk_tx510.o(.data)
    HLK_TX510_Read_Face_QuantityCmd          0x200002e2   Data           8  hlk_tx510.o(.data)
    HLK_TX510                                0x200002ea   Data           8  hlk_tx510.o(.data)
    flag_start_TX510                         0x200002f2   Data           1  hlk_tx510.o(.data)
    flag_stop_TX510                          0x200002f3   Data           1  hlk_tx510.o(.data)
    i                                        0x200002f4   Data           1  hlk_tx510.o(.data)
    strx_MQTT                                0x200002f8   Data           4  ml302.o(.data)
    extstrx_MQTT                             0x200002fc   Data           4  ml302.o(.data)
    strx_call                                0x20000300   Data           4  ml302.o(.data)
    extstrx_call                             0x20000304   Data           4  ml302.o(.data)
    strx_text                                0x20000308   Data           4  ml302.o(.data)
    extstrx_text                             0x2000030c   Data           4  ml302.o(.data)
    strx_LBS                                 0x20000310   Data           4  ml302.o(.data)
    extstrx_LBS                              0x20000314   Data           4  ml302.o(.data)
    socketnum                                0x20000318   Data           1  ml302.o(.data)
    strx_MQTTSUB                             0x2000031c   Data           4  ml302.o(.data)
    strx_MQTT_REC                            0x20000320   Data           4  ml302.o(.data)
    strx_MQTT_REC_cache                      0x20000324   Data           4  ml302.o(.data)
    REC_data                                 0x20000328   Data           4  ml302.o(.data)
    Data_cache                               0x2000032c   Data           4  ml302.o(.data)
    i_parse                                  0x20000330   Data           4  ml302.o(.data)
    __stdout                                 0x20000334   Data           4  usart2.o(.data)
    RxCounter                                0x20000338   Data           2  usart2.o(.data)
    times_MQ2                                0x20000340   Data           4  mq2_adc.o(.data)
    TIM7_flag                                0x20000344   Data           1  mq2_adc.o(.data)
    F16x16                                   0x20000345   Data         864  oled_iic.o(.data)
    BMP1                                     0x200006a5   Data        1024  oled_iic.o(.data)
    SENSOR                                   0x20001aac   Data          44  deal_with.o(.bss)
    USART_RX_BUF                             0x20001ad8   Data         200  usart.o(.bss)
    rt_thread_priority_table                 0x20001dc0   Data          64  scheduler.o(.bss)
    RX_Data_LD2410C                          0x20001e00   Data         304  hlk_ld2410c.o(.bss)
    Receive_Data_LD2410C                     0x20001f30   Data        1026  hlk_ld2410c.o(.bss)
    Detection_Target_LD2410C                 0x20002332   Data          10  hlk_ld2410c.o(.bss)
    UART4_TX_BUF                             0x20002340   Data         600  uart4.o(.bss)
    UART4_RX_BUF                             0x20002598   Data        1024  uart4.o(.bss)
    USART_InitStructure                      0x20002998   Data          16  uart4.o(.bss)
    RX_Data_TX510                            0x200029a8   Data          54  hlk_tx510.o(.bss)
    Receive_Data_TX510                       0x200029de   Data          54  hlk_tx510.o(.bss)
    judge_rec                                0x20002a14   Data          10  ml302.o(.bss)
    REC_data_parse                           0x20002a1e   Data        1321  ml302.o(.bss)
    RxBuffer                                 0x20002f47   Data        1321  usart2.o(.bss)
    __initial_sp                             0x20003898   Data           0  startup_stm32f10x_hd.o(STACK)



==============================================================================

Memory Map of the image

  Image Entry point : 0x08000131

  Load Region LR_IROM1 (Base: 0x08000000, Size: 0x0000a56c, Max: 0x00080000, ABSOLUTE, COMPRESSED[0x00009f80])

    Execution Region ER_IROM1 (Exec base: 0x08000000, Load base: 0x08000000, Size: 0x00009ac0, Max: 0x00080000, ABSOLUTE)

    Exec Addr    Load Addr    Size         Type   Attr      Idx    E Section Name        Object

    0x08000000   0x08000000   0x00000130   Data   RO            3    RESET               startup_stm32f10x_hd.o
    0x08000130   0x08000130   0x00000000   Code   RO         5839  * .ARM.Collect$$$$00000000  mc_w.l(entry.o)
    0x08000130   0x08000130   0x00000004   Code   RO         6192    .ARM.Collect$$$$00000001  mc_w.l(entry2.o)
    0x08000134   0x08000134   0x00000004   Code   RO         6195    .ARM.Collect$$$$00000004  mc_w.l(entry5.o)
    0x08000138   0x08000138   0x00000000   Code   RO         6197    .ARM.Collect$$$$00000008  mc_w.l(entry7b.o)
    0x08000138   0x08000138   0x00000000   Code   RO         6199    .ARM.Collect$$$$0000000A  mc_w.l(entry8b.o)
    0x08000138   0x08000138   0x00000008   Code   RO         6200    .ARM.Collect$$$$0000000B  mc_w.l(entry9a.o)
    0x08000140   0x08000140   0x00000000   Code   RO         6202    .ARM.Collect$$$$0000000D  mc_w.l(entry10a.o)
    0x08000140   0x08000140   0x00000000   Code   RO         6204    .ARM.Collect$$$$0000000F  mc_w.l(entry11a.o)
    0x08000140   0x08000140   0x00000004   Code   RO         6193    .ARM.Collect$$$$00002712  mc_w.l(entry2.o)
    0x08000144   0x08000144   0x00000024   Code   RO            4    .text               startup_stm32f10x_hd.o
    0x08000168   0x08000168   0x000000f0   Code   RO         4814    .text               context_rvds.o
    0x08000258   0x08000258   0x00000024   Code   RO         5842    .text               mc_w.l(memcpya.o)
    0x0800027c   0x0800027c   0x00000024   Code   RO         5844    .text               mc_w.l(memseta.o)
    0x080002a0   0x080002a0   0x00000024   Code   RO         5848    .text               mc_w.l(strstr.o)
    0x080002c4   0x080002c4   0x00000018   Code   RO         5850    .text               mc_w.l(strncpy.o)
    0x080002dc   0x080002dc   0x00000014   Code   RO         5852    .text               mc_w.l(strchr.o)
    0x080002f0   0x080002f0   0x0000001c   Code   RO         5854    .text               mc_w.l(strcmp.o)
    0x0800030c   0x0800030c   0x00000038   Code   RO         6121    .text               mc_w.l(__0sscanf.o)
    0x08000344   0x08000344   0x000000e0   Code   RO         6123    .text               mc_w.l(_scanf_str.o)
    0x08000424   0x08000424   0x000000b0   Code   RO         6125    .text               mf_w.l(fadd.o)
    0x080004d4   0x080004d4   0x00000064   Code   RO         6127    .text               mf_w.l(fmul.o)
    0x08000538   0x08000538   0x0000007c   Code   RO         6129    .text               mf_w.l(fdiv.o)
    0x080005b4   0x080005b4   0x0000014e   Code   RO         6131    .text               mf_w.l(dadd.o)
    0x08000702   0x08000702   0x000000e4   Code   RO         6133    .text               mf_w.l(dmul.o)
    0x080007e6   0x080007e6   0x000000de   Code   RO         6135    .text               mf_w.l(ddiv.o)
    0x080008c4   0x080008c4   0x00000012   Code   RO         6137    .text               mf_w.l(fflti.o)
    0x080008d6   0x080008d6   0x0000000a   Code   RO         6139    .text               mf_w.l(ffltui.o)
    0x080008e0   0x080008e0   0x00000022   Code   RO         6141    .text               mf_w.l(dflti.o)
    0x08000902   0x08000902   0x00000018   Code   RO         6143    .text               mf_w.l(dfltul.o)
    0x0800091a   0x0800091a   0x00000032   Code   RO         6145    .text               mf_w.l(ffixi.o)
    0x0800094c   0x0800094c   0x00000028   Code   RO         6147    .text               mf_w.l(ffixui.o)
    0x08000974   0x08000974   0x0000003e   Code   RO         6149    .text               mf_w.l(dfixi.o)
    0x080009b2   0x080009b2   0x00000032   Code   RO         6151    .text               mf_w.l(dfixui.o)
    0x080009e4   0x080009e4   0x00000030   Code   RO         6153    .text               mf_w.l(dfixul.o)
    0x08000a14   0x08000a14   0x00000026   Code   RO         6155    .text               mf_w.l(f2d.o)
    0x08000a3a   0x08000a3a   0x00000002   PAD
    0x08000a3c   0x08000a3c   0x00000030   Code   RO         6157    .text               mf_w.l(cdrcmple.o)
    0x08000a6c   0x08000a6c   0x00000038   Code   RO         6159    .text               mf_w.l(d2f.o)
    0x08000aa4   0x08000aa4   0x00000014   Code   RO         6161    .text               mf_w.l(cfcmple.o)
    0x08000ab8   0x08000ab8   0x00000014   Code   RO         6163    .text               mf_w.l(cfrcmple.o)
    0x08000acc   0x08000acc   0x0000002c   Code   RO         6206    .text               mc_w.l(uidiv.o)
    0x08000af8   0x08000af8   0x00000062   Code   RO         6208    .text               mc_w.l(uldiv.o)
    0x08000b5a   0x08000b5a   0x0000001e   Code   RO         6210    .text               mc_w.l(llshl.o)
    0x08000b78   0x08000b78   0x00000020   Code   RO         6212    .text               mc_w.l(llushr.o)
    0x08000b98   0x08000b98   0x00000024   Code   RO         6214    .text               mc_w.l(llsshr.o)
    0x08000bbc   0x08000bbc   0x00000028   Code   RO         6223    .text               mc_w.l(scanf_char.o)
    0x08000be4   0x08000be4   0x00000040   Code   RO         6225    .text               mc_w.l(_sgetc.o)
    0x08000c24   0x08000c24   0x0000009c   Code   RO         6227    .text               mc_w.l(strtod.o)
    0x08000cc0   0x08000cc0   0x00000000   Code   RO         6229    .text               mc_w.l(iusefp.o)
    0x08000cc0   0x08000cc0   0x0000006e   Code   RO         6230    .text               mf_w.l(fepilogue.o)
    0x08000d2e   0x08000d2e   0x000000ba   Code   RO         6232    .text               mf_w.l(depilogue.o)
    0x08000de8   0x08000de8   0x0000002e   Code   RO         6234    .text               mf_w.l(dscalb.o)
    0x08000e16   0x08000e16   0x00000002   PAD
    0x08000e18   0x08000e18   0x00000024   Code   RO         6240    .text               mc_w.l(init.o)
    0x08000e3c   0x08000e3c   0x0000000a   Code   RO         6242    .text               mc_w.l(isspace_c.o)
    0x08000e46   0x08000e46   0x00000002   PAD
    0x08000e48   0x08000e48   0x0000032c   Code   RO         6244    .text               mc_w.l(_scanf.o)
    0x08001174   0x08001174   0x00000360   Code   RO         6246    .text               mc_w.l(scanf_fp.o)
    0x080014d4   0x080014d4   0x000000a2   Code   RO         6250    .text               mf_w.l(dsqrt.o)
    0x08001576   0x08001576   0x00000002   PAD
    0x08001578   0x08001578   0x00000028   Code   RO         6252    .text               mc_w.l(ctype_c.o)
    0x080015a0   0x080015a0   0x00000056   Code   RO         6263    .text               mc_w.l(__dczerorl2.o)
    0x080015f6   0x080015f6   0x0000000e   Code   RO         3703    i.$Sub$$main        components.o
    0x08001604   0x08001604   0x00000006   Code   RO          181    i.ADC_ClearFlag     stm32f10x_adc.o
    0x0800160a   0x0800160a   0x00000016   Code   RO          183    i.ADC_Cmd           stm32f10x_adc.o
    0x08001620   0x08001620   0x0000005c   Code   RO          185    i.ADC_DeInit        stm32f10x_adc.o
    0x0800167c   0x0800167c   0x00000014   Code   RO          191    i.ADC_GetCalibrationStatus  stm32f10x_adc.o
    0x08001690   0x08001690   0x00000008   Code   RO          192    i.ADC_GetConversionValue  stm32f10x_adc.o
    0x08001698   0x08001698   0x00000012   Code   RO          194    i.ADC_GetFlagStatus  stm32f10x_adc.o
    0x080016aa   0x080016aa   0x00000014   Code   RO          197    i.ADC_GetResetCalibrationStatus  stm32f10x_adc.o
    0x080016be   0x080016be   0x00000002   PAD
    0x080016c0   0x080016c0   0x00000050   Code   RO          201    i.ADC_Init          stm32f10x_adc.o
    0x08001710   0x08001710   0x000000b8   Code   RO          205    i.ADC_RegularChannelConfig  stm32f10x_adc.o
    0x080017c8   0x080017c8   0x0000000a   Code   RO          206    i.ADC_ResetCalibration  stm32f10x_adc.o
    0x080017d2   0x080017d2   0x00000016   Code   RO          208    i.ADC_SoftwareStartConvCmd  stm32f10x_adc.o
    0x080017e8   0x080017e8   0x0000000a   Code   RO          210    i.ADC_StartCalibration  stm32f10x_adc.o
    0x080017f2   0x080017f2   0x00000002   PAD
    0x080017f4   0x080017f4   0x00000330   Code   RO         3406    i.ALARM_Handle_myself  deal_with.o
    0x08001b24   0x08001b24   0x00000044   Code   RO         3407    i.ALARM_function    deal_with.o
    0x08001b68   0x08001b68   0x00000020   Code   RO         3108    i.ALARM_thread_entry  main.o
    0x08001b88   0x08001b88   0x00000038   Code   RO         4830    i.BEEP_GPIO_Config  beep.o
    0x08001bc0   0x08001bc0   0x00000004   Code   RO         3293    i.BusFault_Handler  stm32f10x_it.o
    0x08001bc4   0x08001bc4   0x00000026   Code   RO         3408    i.Calculate_SGP30   deal_with.o
    0x08001bea   0x08001bea   0x00000002   PAD
    0x08001bec   0x08001bec   0x000000f4   Code   RO         3409    i.Calculate_SHT30   deal_with.o
    0x08001ce0   0x08001ce0   0x00000030   Code   RO         5308    i.Clear_Buffer      usart2.o
    0x08001d10   0x08001d10   0x0000002c   Code   RO         5309    i.Clear_Buffer_separate  usart2.o
    0x08001d3c   0x08001d3c   0x00000068   Code   RO         5370    i.Collect_data      gp2y10_adc.o
    0x08001da4   0x08001da4   0x000000a4   Code   RO         4945    i.DataGet_LD2410C   hlk_ld2410c.o
    0x08001e48   0x08001e48   0x000000e0   Code   RO         5005    i.Dealwith_HLK_TX510  hlk_tx510.o
    0x08001f28   0x08001f28   0x00000002   Code   RO         3294    i.DebugMon_Handler  stm32f10x_it.o
    0x08001f2a   0x08001f2a   0x0000000c   Code   RO         5477    i.Fire_ADC_Init     fire_adc.o
    0x08001f36   0x08001f36   0x00000002   PAD
    0x08001f38   0x08001f38   0x0000002c   Code   RO         5478    i.Fire_GPIO_Config  fire_adc.o
    0x08001f64   0x08001f64   0x00000044   Code   RO         5479    i.Fire_GetData      fire_adc.o
    0x08001fa8   0x08001fa8   0x00000034   Code   RO         5480    i.Fire_Get_ADC      fire_adc.o
    0x08001fdc   0x08001fdc   0x0000002e   Code   RO         5481    i.Fire_Get_ADC_Aveurage  fire_adc.o
    0x0800200a   0x0800200a   0x00000002   PAD
    0x0800200c   0x0800200c   0x00000078   Code   RO         5482    i.Fire_Mode_Config  fire_adc.o
    0x08002084   0x08002084   0x0000006c   Code   RO         3411    i.First_function    deal_with.o
    0x080020f0   0x080020f0   0x000000fc   Code   RO         3412    i.GET_Data_ALARM_myself  deal_with.o
    0x080021ec   0x080021ec   0x00000028   Code   RO         3413    i.GET_Data_Desired_myself  deal_with.o
    0x08002214   0x08002214   0x00000034   Code   RO         3414    i.GET_Data_SENSOR_myself  deal_with.o
    0x08002248   0x08002248   0x0000000c   Code   RO         5371    i.GP2Y_ADC_Init     gp2y10_adc.o
    0x08002254   0x08002254   0x000000b0   Code   RO         5372    i.GP2Y_Convert      gp2y10_adc.o
    0x08002304   0x08002304   0x0000004c   Code   RO         5373    i.GP2Y_GPIO_Config  gp2y10_adc.o
    0x08002350   0x08002350   0x0000002c   Code   RO         5374    i.GP2Y_GetDate      gp2y10_adc.o
    0x0800237c   0x0800237c   0x00000010   Code   RO         5375    i.GP2Y_GetDens      gp2y10_adc.o
    0x0800238c   0x0800238c   0x00000078   Code   RO         5376    i.GP2Y_Mode_Config  gp2y10_adc.o
    0x08002404   0x08002404   0x00000116   Code   RO         1292    i.GPIO_Init         stm32f10x_gpio.o
    0x0800251a   0x0800251a   0x00000012   Code   RO         1296    i.GPIO_ReadInputDataBit  stm32f10x_gpio.o
    0x0800252c   0x0800252c   0x00000004   Code   RO         1299    i.GPIO_ResetBits    stm32f10x_gpio.o
    0x08002530   0x08002530   0x00000004   Code   RO         1300    i.GPIO_SetBits      stm32f10x_gpio.o
    0x08002534   0x08002534   0x00000034   Code   RO         5419    i.Get_MQ2_ADC       mq2_adc.o
    0x08002568   0x08002568   0x0000002e   Code   RO         5420    i.Get_MQ2_ADC_Average  mq2_adc.o
    0x08002596   0x08002596   0x00000002   PAD
    0x08002598   0x08002598   0x00000040   Code   RO         5006    i.HLK_TX510_ClearDate  hlk_tx510.o
    0x080025d8   0x080025d8   0x0000002c   Code   RO         5007    i.HLK_TX510_DeleteAll_FaceID  hlk_tx510.o
    0x08002604   0x08002604   0x0000002c   Code   RO         5009    i.HLK_TX510_Enroll_FaceID  hlk_tx510.o
    0x08002630   0x08002630   0x0000002c   Code   RO         5010    i.HLK_TX510_Identify_FaceID  hlk_tx510.o
    0x0800265c   0x0800265c   0x000000d8   Code   RO         5013    i.HLK_TX510_Receive_Byte  hlk_tx510.o
    0x08002734   0x08002734   0x0000001c   Code   RO         5015    i.HLK_TX510_Send_DeleteAllCmd  hlk_tx510.o
    0x08002750   0x08002750   0x0000001c   Code   RO         5017    i.HLK_TX510_Send_FaceCmd  hlk_tx510.o
    0x0800276c   0x0800276c   0x00000044   Code   RO         5749    i.IIC_ACK           sht30_iic.o
    0x080027b0   0x080027b0   0x00000038   Code   RO         5675    i.IIC_Ack           sgp30_iic.o
    0x080027e8   0x080027e8   0x0000000e   Code   RO         5517    i.IIC_Delay         oled_iic.o
    0x080027f6   0x080027f6   0x00000002   PAD
    0x080027f8   0x080027f8   0x00000044   Code   RO         5676    i.IIC_Init          sgp30_iic.o
    0x0800283c   0x0800283c   0x00000044   Code   RO         5750    i.IIC_Init          sht30_iic.o
    0x08002880   0x08002880   0x00000044   Code   RO         5751    i.IIC_NACK          sht30_iic.o
    0x080028c4   0x080028c4   0x00000038   Code   RO         5677    i.IIC_NAck          sgp30_iic.o
    0x080028fc   0x080028fc   0x00000058   Code   RO         5752    i.IIC_RcvByte       sht30_iic.o
    0x08002954   0x08002954   0x0000005c   Code   RO         5678    i.IIC_Read_Byte     sgp30_iic.o
    0x080029b0   0x080029b0   0x0000005c   Code   RO         5518    i.IIC_SendByte      oled_iic.o
    0x08002a0c   0x08002a0c   0x00000060   Code   RO         5753    i.IIC_SendByte      sht30_iic.o
    0x08002a6c   0x08002a6c   0x00000064   Code   RO         5679    i.IIC_Send_Byte     sgp30_iic.o
    0x08002ad0   0x08002ad0   0x00000034   Code   RO         5519    i.IIC_Start         oled_iic.o
    0x08002b04   0x08002b04   0x00000038   Code   RO         5680    i.IIC_Start         sgp30_iic.o
    0x08002b3c   0x08002b3c   0x00000038   Code   RO         5754    i.IIC_Start         sht30_iic.o
    0x08002b74   0x08002b74   0x00000024   Code   RO         5520    i.IIC_Stop          oled_iic.o
    0x08002b98   0x08002b98   0x00000038   Code   RO         5681    i.IIC_Stop          sgp30_iic.o
    0x08002bd0   0x08002bd0   0x00000040   Code   RO         5755    i.IIC_Stop          sht30_iic.o
    0x08002c10   0x08002c10   0x00000040   Code   RO         5521    i.IIC_WaitAck       oled_iic.o
    0x08002c50   0x08002c50   0x00000054   Code   RO         5682    i.IIC_Wait_Ack      sgp30_iic.o
    0x08002ca4   0x08002ca4   0x00000084   Code   RO         5756    i.IIC_wait_ACK      sht30_iic.o
    0x08002d28   0x08002d28   0x00000010   Code   RO         1604    i.IWDG_Enable       stm32f10x_iwdg.o
    0x08002d38   0x08002d38   0x00000008   Code   RO         4854    i.IWDG_Feed         wdg.o
    0x08002d40   0x08002d40   0x00000024   Code   RO         4855    i.IWDG_Init         wdg.o
    0x08002d64   0x08002d64   0x00000010   Code   RO         1606    i.IWDG_ReloadCounter  stm32f10x_iwdg.o
    0x08002d74   0x08002d74   0x0000000c   Code   RO         1607    i.IWDG_SetPrescaler  stm32f10x_iwdg.o
    0x08002d80   0x08002d80   0x0000000c   Code   RO         1608    i.IWDG_SetReload    stm32f10x_iwdg.o
    0x08002d8c   0x08002d8c   0x0000000c   Code   RO         1609    i.IWDG_WriteAccessCmd  stm32f10x_iwdg.o
    0x08002d98   0x08002d98   0x000000cc   Code   RO         3415    i.Init_myself       deal_with.o
    0x08002e64   0x08002e64   0x0000004c   Code   RO         3416    i.Interactive_function  deal_with.o
    0x08002eb0   0x08002eb0   0x0000001c   Code   RO         3109    i.Interactive_thread_entry  main.o
    0x08002ecc   0x08002ecc   0x0000006c   Code   RO         4818    i.LED_GPIO_Config   led_test.o
    0x08002f38   0x08002f38   0x00000040   Code   RO         5185    i.ML302_Init        ml302.o
    0x08002f78   0x08002f78   0x00000218   Code   RO         5187    i.ML302_Init_MQTT   ml302.o
    0x08003190   0x08003190   0x000001c8   Code   RO         5188    i.ML302_Init_call   ml302.o
    0x08003358   0x08003358   0x00000234   Code   RO         5189    i.ML302_Init_text   ml302.o
    0x0800358c   0x0800358c   0x000000d8   Code   RO         5190    i.ML302_MQTTInit    ml302.o
    0x08003664   0x08003664   0x00000020   Code   RO         5192    i.ML302_MQTTPUB_GET_desired  ml302.o
    0x08003684   0x08003684   0x000000d4   Code   RO         5193    i.ML302_MQTTPUB_POST  ml302.o
    0x08003758   0x08003758   0x000001a0   Code   RO         5194    i.ML302_MQTTSUB     ml302.o
    0x080038f8   0x080038f8   0x00000314   Code   RO         5196    i.ML302_MQTT_ParseData  ml302.o
    0x08003c0c   0x08003c0c   0x000000a8   Code   RO         5198    i.ML302_SendMessage  ml302.o
    0x08003cb4   0x08003cb4   0x00000094   Code   RO         5421    i.MQ2_ADC_Init      mq2_adc.o
    0x08003d48   0x08003d48   0x0000014c   Code   RO         5422    i.MQ2_GetPPM        mq2_adc.o
    0x08003e94   0x08003e94   0x00000004   Code   RO         3295    i.MemManage_Handler  stm32f10x_it.o
    0x08003e98   0x08003e98   0x00000002   Code   RO         3296    i.NMI_Handler       stm32f10x_it.o
    0x08003e9a   0x08003e9a   0x00000026   Code   RO         4910    i.NVIC_Configuration  uart5.o
    0x08003ec0   0x08003ec0   0x00000070   Code   RO          137    i.NVIC_Init         misc.o
    0x08003f30   0x08003f30   0x00000014   Code   RO          138    i.NVIC_PriorityGroupConfig  misc.o
    0x08003f44   0x08003f44   0x0000000a   Code   RO         5522    i.OLED_CLS          oled_iic.o
    0x08003f4e   0x08003f4e   0x0000003a   Code   RO         5525    i.OLED_Fill         oled_iic.o
    0x08003f88   0x08003f88   0x00000030   Code   RO         5526    i.OLED_IIC_GPIO_Init  oled_iic.o
    0x08003fb8   0x08003fb8   0x00000040   Code   RO         5527    i.OLED_IIC_WriteByte  oled_iic.o
    0x08003ff8   0x08003ff8   0x000000b6   Code   RO         5528    i.OLED_Init         oled_iic.o
    0x080040ae   0x080040ae   0x00000028   Code   RO         5531    i.OLED_SetPos       oled_iic.o
    0x080040d6   0x080040d6   0x00000002   PAD
    0x080040d8   0x080040d8   0x00000054   Code   RO         5532    i.OLED_ShowCN       oled_iic.o
    0x0800412c   0x0800412c   0x0000009c   Code   RO         5533    i.OLED_ShowChar     oled_iic.o
    0x080041c8   0x080041c8   0x00000088   Code   RO         5534    i.OLED_ShowNum      oled_iic.o
    0x08004250   0x08004250   0x000000ec   Code   RO         5535    i.OLED_ShowStr      oled_iic.o
    0x0800433c   0x0800433c   0x0000012c   Code   RO         5537    i.OLED_Showdecimal  oled_iic.o
    0x08004468   0x08004468   0x0000000e   Code   RO         5539    i.OLED_WriteCmd     oled_iic.o
    0x08004476   0x08004476   0x0000000e   Code   RO         5540    i.OLED_WriteDat     oled_iic.o
    0x08004484   0x08004484   0x00000230   Code   RO         3419    i.OSD_myself        deal_with.o
    0x080046b4   0x080046b4   0x0000008c   Code   RO         3420    i.POST_Data_myself  deal_with.o
    0x08004740   0x08004740   0x000000b0   Code   RO         5200    i.Parse_JSON        ml302.o
    0x080047f0   0x080047f0   0x000000e0   Code   RO         5201    i.Parse_JSON_phone  ml302.o
    0x080048d0   0x080048d0   0x00000018   Code   RO         1706    i.RCC_ADCCLKConfig  stm32f10x_rcc.o
    0x080048e8   0x080048e8   0x00000020   Code   RO         1708    i.RCC_APB1PeriphClockCmd  stm32f10x_rcc.o
    0x08004908   0x08004908   0x00000020   Code   RO         1709    i.RCC_APB1PeriphResetCmd  stm32f10x_rcc.o
    0x08004928   0x08004928   0x00000020   Code   RO         1710    i.RCC_APB2PeriphClockCmd  stm32f10x_rcc.o
    0x08004948   0x08004948   0x00000020   Code   RO         1711    i.RCC_APB2PeriphResetCmd  stm32f10x_rcc.o
    0x08004968   0x08004968   0x000000d4   Code   RO         1718    i.RCC_GetClocksFreq  stm32f10x_rcc.o
    0x08004a3c   0x08004a3c   0x00000038   Code   RO         4842    i.RELAY_GPIO_Config  relay.o
    0x08004a74   0x08004a74   0x00000024   Code   RO         5683    i.SDA_IN            sgp30_iic.o
    0x08004a98   0x08004a98   0x00000024   Code   RO         5757    i.SDA_IN            sht30_iic.o
    0x08004abc   0x08004abc   0x00000024   Code   RO         5684    i.SDA_OUT           sgp30_iic.o
    0x08004ae0   0x08004ae0   0x00000024   Code   RO         5758    i.SDA_OUT           sht30_iic.o
    0x08004b04   0x08004b04   0x0000006c   Code   RO         3421    i.SENSOR_function   deal_with.o
    0x08004b70   0x08004b70   0x0000001c   Code   RO         3110    i.SENSOR_thread_entry  main.o
    0x08004b8c   0x08004b8c   0x00000010   Code   RO         5685    i.SGP30_Init        sgp30_iic.o
    0x08004b9c   0x08004b9c   0x00000048   Code   RO         5686    i.SGP30_Read        sgp30_iic.o
    0x08004be4   0x08004be4   0x00000034   Code   RO         5687    i.SGP30_Write       sgp30_iic.o
    0x08004c18   0x08004c18   0x00000008   Code   RO         5759    i.SHT30_Init        sht30_iic.o
    0x08004c20   0x08004c20   0x000000ba   Code   RO         5760    i.SHT30_read_result  sht30_iic.o
    0x08004cda   0x08004cda   0x00000002   Code   RO         3297    i.SVC_Handler       stm32f10x_it.o
    0x08004cdc   0x08004cdc   0x00000008   Code   RO           24    i.SetSysClock       system_stm32f10x.o
    0x08004ce4   0x08004ce4   0x000000e0   Code   RO           25    i.SetSysClockTo72   system_stm32f10x.o
    0x08004dc4   0x08004dc4   0x00000028   Code   RO          141    i.SysTick_CLKSourceConfig  misc.o
    0x08004dec   0x08004dec   0x00000010   Code   RO         3339    i.SysTick_Handler   board.o
    0x08004dfc   0x08004dfc   0x00000060   Code   RO           27    i.SystemInit        system_stm32f10x.o
    0x08004e5c   0x08004e5c   0x00000028   Code   RO         5458    i.TIM7_IRQHandler   timer_mq2.o
    0x08004e84   0x08004e84   0x00000058   Code   RO         5459    i.TIM7_Init         timer_mq2.o
    0x08004edc   0x08004edc   0x00000006   Code   RO         2337    i.TIM_ClearITPendingBit  stm32f10x_tim.o
    0x08004ee2   0x08004ee2   0x00000018   Code   RO         2342    i.TIM_Cmd           stm32f10x_tim.o
    0x08004efa   0x08004efa   0x00000022   Code   RO         2363    i.TIM_GetITStatus   stm32f10x_tim.o
    0x08004f1c   0x08004f1c   0x00000012   Code   RO         2367    i.TIM_ITConfig      stm32f10x_tim.o
    0x08004f2e   0x08004f2e   0x00000002   PAD
    0x08004f30   0x08004f30   0x000000a4   Code   RO         2413    i.TIM_TimeBaseInit  stm32f10x_tim.o
    0x08004fd4   0x08004fd4   0x000000c8   Code   RO         4967    i.UART4_IRQHandler  uart4.o
    0x0800509c   0x0800509c   0x00000090   Code   RO         4911    i.UART5_Config      uart5.o
    0x0800512c   0x0800512c   0x000000cc   Code   RO         4912    i.UART5_IRQHandler  uart5.o
    0x080051f8   0x080051f8   0x00000090   Code   RO         3629    i.USART1_IRQHandler  usart.o
    0x08005288   0x08005288   0x00000048   Code   RO         5311    i.USART2_IRQHandler  usart2.o
    0x080052d0   0x080052d0   0x00000054   Code   RO         5139    i.USART3_Configuration  usart3.o
    0x08005324   0x08005324   0x0000003c   Code   RO         5140    i.USART3_GPIO_Configuration  usart3.o
    0x08005360   0x08005360   0x00000054   Code   RO         5141    i.USART3_IRQHandler  usart3.o
    0x080053b4   0x080053b4   0x00000018   Code   RO         5142    i.USART3_Init       usart3.o
    0x080053cc   0x080053cc   0x00000028   Code   RO         5143    i.USART3_NVIC_Configuration  usart3.o
    0x080053f4   0x080053f4   0x00000014   Code   RO         5144    i.USART3_RCC_Configuration  usart3.o
    0x08005408   0x08005408   0x00000020   Code   RO         5145    i.USART3_SendByte   usart3.o
    0x08005428   0x08005428   0x00000018   Code   RO         2878    i.USART_Cmd         stm32f10x_usart.o
    0x08005440   0x08005440   0x0000009c   Code   RO         2880    i.USART_DeInit      stm32f10x_usart.o
    0x080054dc   0x080054dc   0x0000001a   Code   RO         2881    i.USART_GetFlagStatus  stm32f10x_usart.o
    0x080054f6   0x080054f6   0x00000054   Code   RO         2882    i.USART_GetITStatus  stm32f10x_usart.o
    0x0800554a   0x0800554a   0x0000004a   Code   RO         2884    i.USART_ITConfig    stm32f10x_usart.o
    0x08005594   0x08005594   0x000000d8   Code   RO         2885    i.USART_Init        stm32f10x_usart.o
    0x0800566c   0x0800566c   0x0000000a   Code   RO         2892    i.USART_ReceiveData  stm32f10x_usart.o
    0x08005676   0x08005676   0x00000008   Code   RO         2895    i.USART_SendData    stm32f10x_usart.o
    0x0800567e   0x0800567e   0x00000002   PAD
    0x08005680   0x08005680   0x00000028   Code   RO         3630    i.Uart1_SendStr     usart.o
    0x080056a8   0x080056a8   0x00000004   Code   RO         3298    i.UsageFault_Handler  stm32f10x_it.o
    0x080056ac   0x080056ac   0x00000020   Code   RO         6093    i.__0printf         mc_w.l(printfa.o)
    0x080056cc   0x080056cc   0x00000028   Code   RO         6095    i.__0sprintf        mc_w.l(printfa.o)
    0x080056f4   0x080056f4   0x0000002c   Code   RO         6098    i.__0vsnprintf      mc_w.l(printfa.o)
    0x08005720   0x08005720   0x00000028   Code   RO         6179    i.__ARM_fpclassify  m_ws.l(fpclassify.o)
    0x08005748   0x08005748   0x000000aa   Code   RO         6181    i.__kernel_poly     m_ws.l(poly.o)
    0x080057f2   0x080057f2   0x00000002   PAD
    0x080057f4   0x080057f4   0x00000010   Code   RO         6165    i.__mathlib_dbl_divzero  m_ws.l(dunder.o)
    0x08005804   0x08005804   0x00000004   Code   RO         6167    i.__mathlib_dbl_infnan2  m_ws.l(dunder.o)
    0x08005808   0x08005808   0x0000000c   Code   RO         6168    i.__mathlib_dbl_invalid  m_ws.l(dunder.o)
    0x08005814   0x08005814   0x0000000e   Code   RO         6169    i.__mathlib_dbl_overflow  m_ws.l(dunder.o)
    0x08005822   0x08005822   0x00000002   PAD
    0x08005824   0x08005824   0x00000010   Code   RO         6171    i.__mathlib_dbl_underflow  m_ws.l(dunder.o)
    0x08005834   0x08005834   0x0000000c   Code   RO         6217    i.__read_errno      mc_w.l(errno.o)
    0x08005840   0x08005840   0x0000004c   Code   RO         4116    i.__rt_ffs          kservice.o
    0x0800588c   0x0800588c   0x0000000e   Code   RO         6257    i.__scatterload_copy  mc_w.l(handlers.o)
    0x0800589a   0x0800589a   0x00000002   Code   RO         6258    i.__scatterload_null  mc_w.l(handlers.o)
    0x0800589c   0x0800589c   0x0000000e   Code   RO         6259    i.__scatterload_zeroinit  mc_w.l(handlers.o)
    0x080058aa   0x080058aa   0x00000002   PAD
    0x080058ac   0x080058ac   0x0000000c   Code   RO         6218    i.__set_errno       mc_w.l(errno.o)
    0x080058b8   0x080058b8   0x00000184   Code   RO         6100    i._fp_digits        mc_w.l(printfa.o)
    0x08005a3c   0x08005a3c   0x00000014   Code   RO         3777    i._has_defunct_thread  idle.o
    0x08005a50   0x08005a50   0x0000000e   Code   RO         6248    i._is_digit         mc_w.l(scanf_fp.o)
    0x08005a5e   0x08005a5e   0x00000002   PAD
    0x08005a60   0x08005a60   0x000006dc   Code   RO         6101    i._printf_core      mc_w.l(printfa.o)
    0x0800613c   0x0800613c   0x00000024   Code   RO         6102    i._printf_post_padding  mc_w.l(printfa.o)
    0x08006160   0x08006160   0x0000002e   Code   RO         6103    i._printf_pre_padding  mc_w.l(printfa.o)
    0x0800618e   0x0800618e   0x00000002   PAD
    0x08006190   0x08006190   0x00000084   Code   RO         4559    i._rt_thread_init   thread.o
    0x08006214   0x08006214   0x00000042   Code   RO         4674    i._rt_timer_init    timer.o
    0x08006256   0x08006256   0x0000002e   Code   RO         4675    i._rt_timer_remove  timer.o
    0x08006284   0x08006284   0x00000016   Code   RO         6104    i._snputc           mc_w.l(printfa.o)
    0x0800629a   0x0800629a   0x0000000a   Code   RO         6105    i._sputc            mc_w.l(printfa.o)
    0x080062a4   0x080062a4   0x0000002a   Code   RO         5824    i.atof              m_ws.l(atof.o)
    0x080062ce   0x080062ce   0x00000002   PAD
    0x080062d0   0x080062d0   0x000000e0   Code   RO         3423    i.deal_with         deal_with.o
    0x080063b0   0x080063b0   0x00000054   Code   RO         3542    i.delay_init        delay.o
    0x08006404   0x08006404   0x00000050   Code   RO         3543    i.delay_ms          delay.o
    0x08006454   0x08006454   0x00000008   Code   RO         3544    i.delay_osschedlock  delay.o
    0x0800645c   0x0800645c   0x00000008   Code   RO         3545    i.delay_osschedunlock  delay.o
    0x08006464   0x08006464   0x0000000c   Code   RO         3546    i.delay_ostimedly   delay.o
    0x08006470   0x08006470   0x00000018   Code   RO         3547    i.delay_s           delay.o
    0x08006488   0x08006488   0x00000058   Code   RO         3548    i.delay_us          delay.o
    0x080064e0   0x080064e0   0x0000001c   Code   RO         5314    i.fputc             usart2.o
    0x080064fc   0x080064fc   0x00000148   Code   RO         3111    i.main              main.o
    0x08006644   0x08006644   0x0000000e   Code   RO         3704    i.main_thread_entry  components.o
    0x08006652   0x08006652   0x00000016   Code   RO         5541    i.oled_pow          oled_iic.o
    0x08006668   0x08006668   0x00000024   Code   RO         5018    i.perform_DeleteAllFace  hlk_tx510.o
    0x0800668c   0x0800668c   0x00000024   Code   RO         5019    i.perform_DeleteFace  hlk_tx510.o
    0x080066b0   0x080066b0   0x00000024   Code   RO         5020    i.perform_EnrollFace  hlk_tx510.o
    0x080066d4   0x080066d4   0x00000002   Code   RO         5021    i.perform_IdentifyFace  hlk_tx510.o
    0x080066d6   0x080066d6   0x00000002   PAD
    0x080066d8   0x080066d8   0x0000000c   Code   RO         5022    i.perform_IdentifyFace_Error  hlk_tx510.o
    0x080066e4   0x080066e4   0x00000078   Code   RO         4297    i.plug_holes        mem.o
    0x0800675c   0x0800675c   0x000009d8   Code   RO         5828    i.pow               m_ws.l(pow.o)
    0x08007134   0x08007134   0x000004a0   Code   RO         3424    i.printf_myself     deal_with.o
    0x080075d4   0x080075d4   0x0000002c   Code   RO         3705    i.rt_application_init  components.o
    0x08007600   0x08007600   0x0000001c   Code   RO         3706    i.rt_components_board_init  components.o
    0x0800761c   0x0800761c   0x0000001c   Code   RO         3707    i.rt_components_init  components.o
    0x08007638   0x08007638   0x00000020   Code   RO         4478    i.rt_enter_critical  scheduler.o
    0x08007658   0x08007658   0x0000003c   Code   RO         4479    i.rt_exit_critical  scheduler.o
    0x08007694   0x08007694   0x000000e0   Code   RO         4299    i.rt_free           mem.o
    0x08007774   0x08007774   0x00000008   Code   RO         3340    i.rt_heap_begin_get  board.o
    0x0800777c   0x0800777c   0x00000008   Code   RO         3341    i.rt_heap_end_get   board.o
    0x08007784   0x08007784   0x0000007c   Code   RO         3342    i.rt_hw_board_init  board.o
    0x08007800   0x08007800   0x00000050   Code   RO         3343    i.rt_hw_console_output  board.o
    0x08007850   0x08007850   0x00000200   Code   RO         4783    i.rt_hw_hard_fault_exception  cpuport.o
    0x08007a50   0x08007a50   0x0000004c   Code   RO         4784    i.rt_hw_stack_init  cpuport.o
    0x08007a9c   0x08007a9c   0x00000020   Code   RO         4089    i.rt_interrupt_enter  irq.o
    0x08007abc   0x08007abc   0x00000020   Code   RO         4091    i.rt_interrupt_leave  irq.o
    0x08007adc   0x08007adc   0x00000014   Code   RO         3824    i.rt_ipc_list_resume  ipc.o
    0x08007af0   0x08007af0   0x0000006c   Code   RO         3826    i.rt_ipc_list_suspend  ipc.o
    0x08007b5c   0x08007b5c   0x00000010   Code   RO         3827    i.rt_ipc_object_init  ipc.o
    0x08007b6c   0x08007b6c   0x00000030   Code   RO         4122    i.rt_kprintf        kservice.o
    0x08007b9c   0x08007b9c   0x00000006   Code   RO         3828    i.rt_list_init      ipc.o
    0x08007ba2   0x08007ba2   0x00000006   Code   RO         4480    i.rt_list_init      scheduler.o
    0x08007ba8   0x08007ba8   0x00000006   Code   RO         4676    i.rt_list_init      timer.o
    0x08007bae   0x08007bae   0x0000000e   Code   RO         4408    i.rt_list_insert_after  object.o
    0x08007bbc   0x08007bbc   0x0000000e   Code   RO         4560    i.rt_list_insert_after  thread.o
    0x08007bca   0x08007bca   0x0000000e   Code   RO         4677    i.rt_list_insert_after  timer.o
    0x08007bd8   0x08007bd8   0x0000000e   Code   RO         3829    i.rt_list_insert_before  ipc.o
    0x08007be6   0x08007be6   0x00000010   Code   RO         3830    i.rt_list_isempty   ipc.o
    0x08007bf6   0x08007bf6   0x00000010   Code   RO         4678    i.rt_list_isempty   timer.o
    0x08007c06   0x08007c06   0x00000012   Code   RO         4409    i.rt_list_remove    object.o
    0x08007c18   0x08007c18   0x00000012   Code   RO         4561    i.rt_list_remove    thread.o
    0x08007c2a   0x08007c2a   0x00000002   PAD
    0x08007c2c   0x08007c2c   0x0000016c   Code   RO         4300    i.rt_malloc         mem.o
    0x08007d98   0x08007d98   0x00000014   Code   RO         4128    i.rt_memset         kservice.o
    0x08007dac   0x08007dac   0x0000004a   Code   RO         4410    i.rt_object_allocate  object.o
    0x08007df6   0x08007df6   0x00000020   Code   RO         4411    i.rt_object_delete  object.o
    0x08007e16   0x08007e16   0x0000001a   Code   RO         4412    i.rt_object_detach  object.o
    0x08007e30   0x08007e30   0x00000028   Code   RO         4414    i.rt_object_get_information  object.o
    0x08007e58   0x08007e58   0x0000003c   Code   RO         4415    i.rt_object_init    object.o
    0x08007e94   0x08007e94   0x00000012   Code   RO         4416    i.rt_object_is_systemobject  object.o
    0x08007ea6   0x08007ea6   0x00000002   PAD
    0x08007ea8   0x08007ea8   0x00000090   Code   RO         4481    i.rt_schedule       scheduler.o
    0x08007f38   0x08007f38   0x00000050   Code   RO         4482    i.rt_schedule_insert_thread  scheduler.o
    0x08007f88   0x08007f88   0x00000054   Code   RO         4483    i.rt_schedule_remove_thread  scheduler.o
    0x08007fdc   0x08007fdc   0x0000002a   Code   RO         3855    i.rt_sem_create     ipc.o
    0x08008006   0x08008006   0x00000026   Code   RO         3858    i.rt_sem_init       ipc.o
    0x0800802c   0x0800802c   0x0000003a   Code   RO         3859    i.rt_sem_release    ipc.o
    0x08008066   0x08008066   0x00000074   Code   RO         3860    i.rt_sem_take       ipc.o
    0x080080da   0x080080da   0x00000002   PAD
    0x080080dc   0x080080dc   0x000000b0   Code   RO         4130    i.rt_show_version   kservice.o
    0x0800818c   0x0800818c   0x00000034   Code   RO         4138    i.rt_strncpy        kservice.o
    0x080081c0   0x080081c0   0x000000f8   Code   RO         4303    i.rt_system_heap_init  mem.o
    0x080082b8   0x080082b8   0x0000004c   Code   RO         4484    i.rt_system_scheduler_init  scheduler.o
    0x08008304   0x08008304   0x00000030   Code   RO         4485    i.rt_system_scheduler_start  scheduler.o
    0x08008334   0x08008334   0x0000001c   Code   RO         4679    i.rt_system_timer_init  timer.o
    0x08008350   0x08008350   0x00000002   Code   RO         4680    i.rt_system_timer_thread_init  timer.o
    0x08008352   0x08008352   0x00000050   Code   RO         4563    i.rt_thread_create  thread.o
    0x080083a2   0x080083a2   0x0000000c   Code   RO         4564    i.rt_thread_delay   thread.o
    0x080083ae   0x080083ae   0x00000002   PAD
    0x080083b0   0x080083b0   0x00000054   Code   RO         4567    i.rt_thread_exit    thread.o
    0x08008404   0x08008404   0x00000008   Code   RO         3778    i.rt_thread_idle_entry  idle.o
    0x0800840c   0x0800840c   0x00000084   Code   RO         3779    i.rt_thread_idle_excute  idle.o
    0x08008490   0x08008490   0x0000003c   Code   RO         3781    i.rt_thread_idle_init  idle.o
    0x080084cc   0x080084cc   0x00000034   Code   RO         4569    i.rt_thread_init    thread.o
    0x08008500   0x08008500   0x0000003c   Code   RO         4570    i.rt_thread_resume  thread.o
    0x0800853c   0x0800853c   0x0000000c   Code   RO         4571    i.rt_thread_self    thread.o
    0x08008548   0x08008548   0x00000044   Code   RO         4572    i.rt_thread_sleep   thread.o
    0x0800858c   0x0800858c   0x0000002c   Code   RO         4573    i.rt_thread_startup  thread.o
    0x080085b8   0x080085b8   0x00000044   Code   RO         4574    i.rt_thread_suspend  thread.o
    0x080085fc   0x080085fc   0x00000020   Code   RO         4575    i.rt_thread_timeout  thread.o
    0x0800861c   0x0800861c   0x00000064   Code   RO         4576    i.rt_thread_yield   thread.o
    0x08008680   0x08008680   0x0000000c   Code   RO         3667    i.rt_tick_get       clock.o
    0x0800868c   0x0800868c   0x00000030   Code   RO         3668    i.rt_tick_increase  clock.o
    0x080086bc   0x080086bc   0x0000007c   Code   RO         4681    i.rt_timer_check    timer.o
    0x08008738   0x08008738   0x00000038   Code   RO         4682    i.rt_timer_control  timer.o
    0x08008770   0x08008770   0x00000020   Code   RO         4685    i.rt_timer_detach   timer.o
    0x08008790   0x08008790   0x0000002e   Code   RO         4686    i.rt_timer_init     timer.o
    0x080087be   0x080087be   0x00000002   PAD
    0x080087c0   0x080087c0   0x000000f8   Code   RO         4689    i.rt_timer_start    timer.o
    0x080088b8   0x080088b8   0x00000030   Code   RO         4690    i.rt_timer_stop     timer.o
    0x080088e8   0x080088e8   0x00000004   Code   RO         3708    i.rti_board_end     components.o
    0x080088ec   0x080088ec   0x00000004   Code   RO         3709    i.rti_board_start   components.o
    0x080088f0   0x080088f0   0x00000004   Code   RO         3710    i.rti_end           components.o
    0x080088f4   0x080088f4   0x00000004   Code   RO         3711    i.rti_start         components.o
    0x080088f8   0x080088f8   0x0000002a   Code   RO         3712    i.rtthread_startup  components.o
    0x08008922   0x08008922   0x0000004c   Code   RO         6185    i.sqrt              m_ws.l(sqrt.o)
    0x0800896e   0x0800896e   0x00000002   PAD
    0x08008970   0x08008970   0x000000a8   Code   RO         5315    i.uart2_init        usart2.o
    0x08008a18   0x08008a18   0x000000c0   Code   RO         4969    i.uart4_init        uart4.o
    0x08008ad8   0x08008ad8   0x000000a0   Code   RO         3631    i.uart_init         usart.o
    0x08008b78   0x08008b78   0x00000122   Data   RO         4145    .constdata          kservice.o
    0x08008c9a   0x08008c9a   0x00000818   Data   RO         5542    .constdata          oled_iic.o
    0x080094b2   0x080094b2   0x00000006   PAD
    0x080094b8   0x080094b8   0x00000088   Data   RO         5829    .constdata          m_ws.l(pow.o)
    0x08009540   0x08009540   0x00000008   Data   RO         6183    .constdata          m_ws.l(qnan.o)
    0x08009548   0x08009548   0x00000040   Data   RO         6253    .constdata          mc_w.l(ctype_c.o)
    0x08009588   0x08009588   0x00000507   Data   RO         5203    .conststring        ml302.o
    0x08009a8f   0x08009a8f   0x00000001   PAD
    0x08009a90   0x08009a90   0x00000004   Data   RO         3713    .rti_fn.0           components.o
    0x08009a94   0x08009a94   0x00000004   Data   RO         3714    .rti_fn.0.end       components.o
    0x08009a98   0x08009a98   0x00000004   Data   RO         3715    .rti_fn.1.end       components.o
    0x08009a9c   0x08009a9c   0x00000004   Data   RO         3716    .rti_fn.6.end       components.o
    0x08009aa0   0x08009aa0   0x00000020   Data   RO         6255    Region$$Table       anon$$obj.o


    Execution Region RW_IRAM1 (Exec base: 0x20000000, Load base: 0x08009ac0, Size: 0x00003898, Max: 0x00010000, ABSOLUTE, COMPRESSED[0x000004c0])

    Exec Addr    Load Addr    Size         Type   Attr      Idx    E Section Name        Object

    0x20000000   COMPRESSED   0x00000014   Data   RW           28    .data               system_stm32f10x.o
    0x20000014   COMPRESSED   0x00000014   Data   RW         1738    .data               stm32f10x_rcc.o
    0x20000028   COMPRESSED   0x0000001c   Data   RW         3112    .data               main.o
    0x20000044   COMPRESSED   0x00000004   PAD
    0x20000048   COMPRESSED   0x0000014b   Data   RW         3426    .data               deal_with.o
    0x20000193   COMPRESSED   0x00000001   PAD
    0x20000194   COMPRESSED   0x00000005   Data   RW         3549    .data               delay.o
    0x20000199   COMPRESSED   0x00000001   PAD
    0x2000019a   COMPRESSED   0x00000002   Data   RW         3633    .data               usart.o
    0x2000019c   COMPRESSED   0x00000004   Data   RW         3670    .data               clock.o
    0x200001a0   COMPRESSED   0x00000001   Data   RW         4092    .data               irq.o
    0x200001a1   COMPRESSED   0x00000003   PAD
    0x200001a4   COMPRESSED   0x00000018   Data   RW         4305    .data               mem.o
    0x200001bc   COMPRESSED   0x00000080   Data   RW         4418    .data               object.o
    0x2000023c   COMPRESSED   0x00000018   Data   RW         4487    .data               scheduler.o
    0x20000254   COMPRESSED   0x0000000c   Data   RW         4691    .data               timer.o
    0x20000260   COMPRESSED   0x00000010   Data   RW         4785    .data               cpuport.o
    0x20000270   COMPRESSED   0x00000001   Data   RW         4972    .data               uart4.o
    0x20000271   COMPRESSED   0x00000084   Data   RW         5025    .data               hlk_tx510.o
    0x200002f5   COMPRESSED   0x00000003   PAD
    0x200002f8   COMPRESSED   0x0000003c   Data   RW         5204    .data               ml302.o
    0x20000334   COMPRESSED   0x00000006   Data   RW         5317    .data               usart2.o
    0x2000033a   COMPRESSED   0x00000001   Data   RW         5378    .data               gp2y10_adc.o
    0x2000033b   COMPRESSED   0x00000001   PAD
    0x2000033c   COMPRESSED   0x00000009   Data   RW         5424    .data               mq2_adc.o
    0x20000345   COMPRESSED   0x00000760   Data   RW         5543    .data               oled_iic.o
    0x20000aa5   COMPRESSED   0x00000003   PAD
    0x20000aa8   COMPRESSED   0x00000004   Data   RW         6219    .data               mc_w.l(errno.o)
    0x20000aac        -       0x00001000   Zero   RW         3344    .bss                board.o
    0x20001aac        -       0x0000002c   Zero   RW         3425    .bss                deal_with.o
    0x20001ad8        -       0x000000c8   Zero   RW         3632    .bss                usart.o
    0x20001ba0        -       0x00000180   Zero   RW         3782    .bss                idle.o
    0x20001d20        -       0x00000080   Zero   RW         4144    .bss                kservice.o
    0x20001da0        -       0x00000020   Zero   RW         4304    .bss                mem.o
    0x20001dc0        -       0x00000040   Zero   RW         4486    .bss                scheduler.o
    0x20001e00        -       0x0000053c   Zero   RW         4946    .bss                hlk_ld2410c.o
    0x2000233c   COMPRESSED   0x00000004   PAD
    0x20002340        -       0x00000668   Zero   RW         4971    .bss                uart4.o
    0x200029a8        -       0x0000006c   Zero   RW         5024    .bss                hlk_tx510.o
    0x20002a14        -       0x00000533   Zero   RW         5202    .bss                ml302.o
    0x20002f47        -       0x00000529   Zero   RW         5316    .bss                usart2.o
    0x20003470        -       0x00000028   Zero   RW         5377    .bss                gp2y10_adc.o
    0x20003498        -       0x00000400   Zero   RW            1    STACK               startup_stm32f10x_hd.o


==============================================================================

Image component sizes


      Code (inc. data)   RO Data    RW Data    ZI Data      Debug   Object Name

        56          6          0          0          0        483   beep.o
       236         28          0          0       4096      18137   board.o
        60         12          0          4          0       1113   clock.o
       186         28         16          0          0       5416   components.o
       240         26          0          0          0        764   context_rvds.o
         0          0          0          0          0       4508   core_cm3.o
       588        328          0         16          0       3110   cpuport.o
      4114        966          0        331         44      12023   deal_with.o
       304         26          0          5          0       3873   delay.o
       342         24          0          0          0       3210   fire_adc.o
       548         54          0          1         40       4236   gp2y10_adc.o
       164         10          0          0       1340       1758   hlk_ld2410c.o
       814         90          0        132        108      10105   hlk_tx510.o
       220         30          0          0        384       4814   idle.o
       434          0          0          0          0       8121   ipc.o
        64         12          0          1          0       1474   irq.o
       372        148        290          0        128       5185   kservice.o
       108          6          0          0          0        510   led_test.o
       416        138          0         28          0       8479   main.o
       956        224          0         24         32       3712   mem.o
       172         22          0          0          0       2181   misc.o
      3852       1386       1287         60       1331       9474   ml302.o
       578         74          0          9          0       2706   mq2_adc.o
       282          4          0        128          0       7396   object.o
      1622         46       2072       1888          0      11842   oled_iic.o
        56          6          0          0          0        484   relay.o
       530         88          0         24         64       7566   scheduler.o
       780         48          0          0          0       6316   sgp30_iic.o
       906         48          0          0          0       6241   sht30_iic.o
        36          8        304          0       1024        852   startup_stm32f10x_hd.o
       492         24          0          0          0       9502   stm32f10x_adc.o
       304          0          0          0          0       3808   stm32f10x_gpio.o
        18          0          0          0          0       2479   stm32f10x_it.o
        68         30          0          0          0       2610   stm32f10x_iwdg.o
       364         50          0         20          0       6335   stm32f10x_rcc.o
       246         42          0          0          0       3726   stm32f10x_tim.o
       598         28          0          0          0       7044   stm32f10x_usart.o
       328         28          0         20          0     259777   system_stm32f10x.o
       776         36          0          0          0      10803   thread.o
       732         20          0         12          0      10100   timer.o
       128         12          0          0          0       1114   timer_mq2.o
       392         36          0          1       1640       2059   uart4.o
       386         24          0          0          0       1738   uart5.o
       344         28          0          2        200       2348   usart.o
       360         44          0          6       1321       4493   usart2.o
       344         28          0          0          0       3364   usart3.o
        44          0          0          0          0        952   wdg.o

    ----------------------------------------------------------------------
     24992       4316       4008       2728      11756     488341   Object Totals
         0          0         32          0          0          0   (incl. Generated)
        32          0          7         16          4          0   (incl. Padding)

    ----------------------------------------------------------------------

      Code (inc. data)   RO Data    RW Data    ZI Data      Debug   Library Member Name

        42          0          0          0          0         84   atof.o
        62         10          0          0          0        340   dunder.o
        40          0          0          0          0         68   fpclassify.o
       170          0          0          0          0         96   poly.o
      2520        190        136          0          0        324   pow.o
         0          0          8          0          0          0   qnan.o
        76          0          0          0          0         84   sqrt.o
        56          8          0          0          0         84   __0sscanf.o
        86          0          0          0          0          0   __dczerorl2.o
       812          4          0          0          0        112   _scanf.o
       224          0          0          0          0         96   _scanf_str.o
        64          0          0          0          0         84   _sgetc.o
        40          6         64          0          0         68   ctype_c.o
         0          0          0          0          0          0   entry.o
         0          0          0          0          0          0   entry10a.o
         0          0          0          0          0          0   entry11a.o
         8          4          0          0          0          0   entry2.o
         4          0          0          0          0          0   entry5.o
         0          0          0          0          0          0   entry7b.o
         0          0          0          0          0          0   entry8b.o
         8          4          0          0          0          0   entry9a.o
        24         12          0          4          0        136   errno.o
        30          0          0          0          0          0   handlers.o
        36          8          0          0          0         68   init.o
        10          0          0          0          0         68   isspace_c.o
         0          0          0          0          0          0   iusefp.o
        30          0          0          0          0         68   llshl.o
        36          0          0          0          0         68   llsshr.o
        32          0          0          0          0         68   llushr.o
        36          0          0          0          0         68   memcpya.o
        36          0          0          0          0        108   memseta.o
      2374        100          0          0          0        752   printfa.o
        40          8          0          0          0         84   scanf_char.o
       878         12          0          0          0        216   scanf_fp.o
        20          0          0          0          0         68   strchr.o
        28          0          0          0          0         76   strcmp.o
        24          0          0          0          0         76   strncpy.o
        36          0          0          0          0         80   strstr.o
       156         12          0          0          0        120   strtod.o
        44          0          0          0          0         80   uidiv.o
        98          0          0          0          0         92   uldiv.o
        48          0          0          0          0         68   cdrcmple.o
        20          0          0          0          0         68   cfcmple.o
        20          0          0          0          0         68   cfrcmple.o
        56          0          0          0          0         88   d2f.o
       334          0          0          0          0        148   dadd.o
       222          0          0          0          0        100   ddiv.o
       186          0          0          0          0        176   depilogue.o
        62          0          0          0          0         80   dfixi.o
        50          0          0          0          0         76   dfixui.o
        48          0          0          0          0         68   dfixul.o
        34          0          0          0          0         76   dflti.o
        24          0          0          0          0         76   dfltul.o
       228          0          0          0          0         96   dmul.o
        46          0          0          0          0         80   dscalb.o
       162          0          0          0          0        100   dsqrt.o
        38          0          0          0          0         68   f2d.o
       176          0          0          0          0        140   fadd.o
       124          0          0          0          0         88   fdiv.o
       110          0          0          0          0        168   fepilogue.o
        50          0          0          0          0         68   ffixi.o
        40          0          0          0          0         68   ffixui.o
        18          0          0          0          0         68   fflti.o
        10          0          0          0          0         68   ffltui.o
       100          0          0          0          0         76   fmul.o

    ----------------------------------------------------------------------
     10408        378        208          4          0       5916   Library Totals
        22          0          0          0          0          0   (incl. Padding)

    ----------------------------------------------------------------------

      Code (inc. data)   RO Data    RW Data    ZI Data      Debug   Library Name

      2910        200        144          0          0        996   m_ws.l
      5270        178         64          4          0       2740   mc_w.l
      2206          0          0          0          0       2180   mf_w.l

    ----------------------------------------------------------------------
     10408        378        208          4          0       5916   Library Totals

    ----------------------------------------------------------------------

==============================================================================


      Code (inc. data)   RO Data    RW Data    ZI Data      Debug   

     35400       4694       4216       2732      11756     476861   Grand Totals
     35400       4694       4216       1216      11756     476861   ELF Image Totals (compressed)
     35400       4694       4216       1216          0          0   ROM Totals

==============================================================================

    Total RO  Size (Code + RO Data)                39616 (  38.69kB)
    Total RW  Size (RW Data + ZI Data)             14488 (  14.15kB)
    Total ROM Size (Code + RO Data + RW Data)      40832 (  39.88kB)

==============================================================================

