<html>
<body>
<pre>
<h1>µVision Build Log</h1>
<h2>Tool Versions:</h2>
IDE-Version: ¦ÌVision V5.26.2.0
Copyright (C) 2018 ARM Ltd and ARM Germany GmbH. All rights reserved.
License Information: 517215796@qq.com,  , LIC=FYKYW-QPKZU-MMI9I-T98YE-6CJLU-6GJ43
 
Tool Versions:
Toolchain:       MDK-ARM Plus  Version: 5.26.2.0
Toolchain Path:  L:\Keil_v5\ARM\ARMCC\Bin
C Compiler:      Armcc.exe V5.06 update 6 (build 750)
Assembler:       Armasm.exe V5.06 update 6 (build 750)
Linker/Locator:  ArmLink.exe V5.06 update 6 (build 750)
Library Manager: ArmAr.exe V5.06 update 6 (build 750)
Hex Converter:   FromElf.exe V5.06 update 6 (build 750)
CPU DLL:         SARMCM3.DLL V5.26.2.0
Dialog DLL:      DCM.DLL V1.17.2.0
Target DLL:      CMSIS_AGDI.dll V1.30.6.0
Dialog DLL:      TCM.DLL V1.36.1.0
 
<h2>Project:</h2>
C:\Users\51721\Desktop\CLi_system_V2.1\Project\test_CLi.uvprojx
Project File Date:  05/12/2023

<h2>Output:</h2>
*** Using Compiler 'V5.06 update 6 (build 750)', folder: 'L:\Keil_v5\ARM\ARMCC\Bin'
Build target 'test_CLi'
compiling usart3.c...
compiling HLK_TX510.c...
compiling main.c...
compiling uart5.c...
compiling ML302.c...
compiling deal_with.c...
..\User\deal_with.c(228): warning:  #177-D: variable "strx_call"  was declared but never referenced
  		char  *strx_call;
..\User\deal_with.c(230): warning:  #177-D: variable "i_call"  was declared but never referenced
      uint32_t  i_call = 6; 
..\User\deal_with.c: 2 warnings, 0 errors
linking...
Program Size: Code=27824 RO-data=3904 RW-data=2456 ZI-data=7048  
FromELF: creating hex file...
".\Objects\test_CLi.axf" - 0 Error(s), 2 Warning(s).

<h2>Software Packages used:</h2>

Package Vendor: Keil
                http://www.keil.com/pack/Keil.STM32F1xx_DFP.2.1.0.pack
                Keil.STM32F1xx_DFP.2.1.0
                STMicroelectronics STM32F1 Series Device Support, Drivers and Examples

<h2>Collection of Component include folders:</h2>
  .\RTE\_test_CLi
  L:\Keil_v5\ARM\PACK\Keil\STM32F1xx_DFP\2.1.0\Device\Include

<h2>Collection of Component Files used:</h2>
Build Time Elapsed:  00:00:01
</pre>
</body>
</html>
