Component: ARM Compiler 5.06 update 6 (build 750) Tool: armlink [4d35ed]

==============================================================================

Section Cross References

    startup_stm32f10x_hd.o(RESET) refers to startup_stm32f10x_hd.o(STACK) for __initial_sp
    startup_stm32f10x_hd.o(RESET) refers to startup_stm32f10x_hd.o(.text) for Reset_Handler
    startup_stm32f10x_hd.o(RESET) refers to stm32f10x_it.o(i.NMI_Handler) for NMI_Handler
    startup_stm32f10x_hd.o(RESET) refers to context_rvds.o(.text) for HardFault_Handler
    startup_stm32f10x_hd.o(RESET) refers to stm32f10x_it.o(i.MemManage_Handler) for MemManage_Handler
    startup_stm32f10x_hd.o(RESET) refers to stm32f10x_it.o(i.BusFault_Handler) for BusFault_Handler
    startup_stm32f10x_hd.o(RESET) refers to stm32f10x_it.o(i.UsageFault_Handler) for UsageFault_Handler
    startup_stm32f10x_hd.o(RESET) refers to stm32f10x_it.o(i.SVC_Handler) for SVC_Handler
    startup_stm32f10x_hd.o(RESET) refers to stm32f10x_it.o(i.DebugMon_Handler) for DebugMon_Handler
    startup_stm32f10x_hd.o(RESET) refers to board.o(i.SysTick_Handler) for SysTick_Handler
    startup_stm32f10x_hd.o(RESET) refers to stm32f10x_it.o(i.EXTI0_IRQHandler) for EXTI0_IRQHandler
    startup_stm32f10x_hd.o(RESET) refers to stm32f10x_it.o(i.TIM2_IRQHandler) for TIM2_IRQHandler
    startup_stm32f10x_hd.o(RESET) refers to usart.o(i.USART1_IRQHandler) for USART1_IRQHandler
    startup_stm32f10x_hd.o(RESET) refers to usart2.o(i.USART2_IRQHandler) for USART2_IRQHandler
    startup_stm32f10x_hd.o(RESET) refers to usart3.o(i.USART3_IRQHandler) for USART3_IRQHandler
    startup_stm32f10x_hd.o(RESET) refers to stm32f10x_it.o(i.EXTI15_10_IRQHandler) for EXTI15_10_IRQHandler
    startup_stm32f10x_hd.o(RESET) refers to uart4.o(i.UART4_IRQHandler) for UART4_IRQHandler
    startup_stm32f10x_hd.o(RESET) refers to uart5.o(i.UART5_IRQHandler) for UART5_IRQHandler
    startup_stm32f10x_hd.o(RESET) refers to timer_mq2.o(i.TIM7_IRQHandler) for TIM7_IRQHandler
    startup_stm32f10x_hd.o(.text) refers to system_stm32f10x.o(i.SystemInit) for SystemInit
    startup_stm32f10x_hd.o(.text) refers to entry.o(.ARM.Collect$$$$00000000) for __main
    system_stm32f10x.o(i.SetSysClock) refers to system_stm32f10x.o(i.SetSysClockTo72) for SetSysClockTo72
    system_stm32f10x.o(i.SystemCoreClockUpdate) refers to system_stm32f10x.o(.data) for SystemCoreClock
    system_stm32f10x.o(i.SystemInit) refers to system_stm32f10x.o(i.SetSysClock) for SetSysClock
    stm32f10x_adc.o(i.ADC_DeInit) refers to stm32f10x_rcc.o(i.RCC_APB2PeriphResetCmd) for RCC_APB2PeriphResetCmd
    stm32f10x_bkp.o(i.BKP_DeInit) refers to stm32f10x_rcc.o(i.RCC_BackupResetCmd) for RCC_BackupResetCmd
    stm32f10x_can.o(i.CAN_DeInit) refers to stm32f10x_rcc.o(i.RCC_APB1PeriphResetCmd) for RCC_APB1PeriphResetCmd
    stm32f10x_can.o(i.CAN_GetITStatus) refers to stm32f10x_can.o(i.CheckITStatus) for CheckITStatus
    stm32f10x_cec.o(i.CEC_DeInit) refers to stm32f10x_rcc.o(i.RCC_APB1PeriphResetCmd) for RCC_APB1PeriphResetCmd
    stm32f10x_dac.o(i.DAC_DeInit) refers to stm32f10x_rcc.o(i.RCC_APB1PeriphResetCmd) for RCC_APB1PeriphResetCmd
    stm32f10x_flash.o(i.FLASH_EnableWriteProtection) refers to stm32f10x_flash.o(i.FLASH_WaitForLastOperation) for FLASH_WaitForLastOperation
    stm32f10x_flash.o(i.FLASH_EraseAllBank1Pages) refers to stm32f10x_flash.o(i.FLASH_WaitForLastBank1Operation) for FLASH_WaitForLastBank1Operation
    stm32f10x_flash.o(i.FLASH_EraseAllPages) refers to stm32f10x_flash.o(i.FLASH_WaitForLastOperation) for FLASH_WaitForLastOperation
    stm32f10x_flash.o(i.FLASH_EraseOptionBytes) refers to stm32f10x_flash.o(i.FLASH_GetReadOutProtectionStatus) for FLASH_GetReadOutProtectionStatus
    stm32f10x_flash.o(i.FLASH_EraseOptionBytes) refers to stm32f10x_flash.o(i.FLASH_WaitForLastOperation) for FLASH_WaitForLastOperation
    stm32f10x_flash.o(i.FLASH_ErasePage) refers to stm32f10x_flash.o(i.FLASH_WaitForLastOperation) for FLASH_WaitForLastOperation
    stm32f10x_flash.o(i.FLASH_ProgramHalfWord) refers to stm32f10x_flash.o(i.FLASH_WaitForLastOperation) for FLASH_WaitForLastOperation
    stm32f10x_flash.o(i.FLASH_ProgramOptionByteData) refers to stm32f10x_flash.o(i.FLASH_WaitForLastOperation) for FLASH_WaitForLastOperation
    stm32f10x_flash.o(i.FLASH_ProgramWord) refers to stm32f10x_flash.o(i.FLASH_WaitForLastOperation) for FLASH_WaitForLastOperation
    stm32f10x_flash.o(i.FLASH_ReadOutProtection) refers to stm32f10x_flash.o(i.FLASH_WaitForLastOperation) for FLASH_WaitForLastOperation
    stm32f10x_flash.o(i.FLASH_UserOptionByteConfig) refers to stm32f10x_flash.o(i.FLASH_WaitForLastOperation) for FLASH_WaitForLastOperation
    stm32f10x_flash.o(i.FLASH_WaitForLastBank1Operation) refers to stm32f10x_flash.o(i.FLASH_GetBank1Status) for FLASH_GetBank1Status
    stm32f10x_flash.o(i.FLASH_WaitForLastOperation) refers to stm32f10x_flash.o(i.FLASH_GetBank1Status) for FLASH_GetBank1Status
[...]
    HardFault_Handler                        0x0800020f   Thumb Code    48  context_rvds.o(.text)
    __aeabi_memcpy                           0x08000259   Thumb Code    36  memcpya.o(.text)
    __aeabi_memcpy4                          0x08000259   Thumb Code     0  memcpya.o(.text)
    __aeabi_memcpy8                          0x08000259   Thumb Code     0  memcpya.o(.text)
    __aeabi_memset                           0x0800027d   Thumb Code    14  memseta.o(.text)
    __aeabi_memset4                          0x0800027d   Thumb Code     0  memseta.o(.text)
    __aeabi_memset8                          0x0800027d   Thumb Code     0  memseta.o(.text)
    __aeabi_memclr                           0x0800028b   Thumb Code     4  memseta.o(.text)
    __aeabi_memclr4                          0x0800028b   Thumb Code     0  memseta.o(.text)
    __aeabi_memclr8                          0x0800028b   Thumb Code     0  memseta.o(.text)
    _memset$wrapper                          0x0800028f   Thumb Code    18  memseta.o(.text)
    strstr                                   0x080002a1   Thumb Code    36  strstr.o(.text)
    strlen                                   0x080002c5   Thumb Code    14  strlen.o(.text)
    strcmp                                   0x080002d3   Thumb Code    28  strcmp.o(.text)
    __0sscanf                                0x080002f1   Thumb Code    48  __0sscanf.o(.text)
    _scanf_string                            0x08000329   Thumb Code   224  _scanf_str.o(.text)
    __aeabi_fadd                             0x08000409   Thumb Code   164  fadd.o(.text)
    __aeabi_fsub                             0x080004ad   Thumb Code     6  fadd.o(.text)
    __aeabi_frsub                            0x080004b3   Thumb Code     6  fadd.o(.text)
    __aeabi_fmul                             0x080004b9   Thumb Code   100  fmul.o(.text)
    __aeabi_fdiv                             0x0800051d   Thumb Code   124  fdiv.o(.text)
    __aeabi_dadd                             0x08000599   Thumb Code   322  dadd.o(.text)
    __aeabi_dsub                             0x080006db   Thumb Code     6  dadd.o(.text)
    __aeabi_drsub                            0x080006e1   Thumb Code     6  dadd.o(.text)
    __aeabi_dmul                             0x080006e7   Thumb Code   228  dmul.o(.text)
    __aeabi_ddiv                             0x080007cb   Thumb Code   222  ddiv.o(.text)
    __aeabi_i2f                              0x080008a9   Thumb Code    18  fflti.o(.text)
    __aeabi_ui2f                             0x080008bb   Thumb Code    10  ffltui.o(.text)
    __aeabi_f2iz                             0x080008c5   Thumb Code    50  ffixi.o(.text)
    __aeabi_d2iz                             0x080008f7   Thumb Code    62  dfixi.o(.text)
    __aeabi_f2d                              0x08000935   Thumb Code    38  f2d.o(.text)
    __aeabi_cdrcmple                         0x0800095d   Thumb Code    48  cdrcmple.o(.text)
    __aeabi_d2f                              0x0800098d   Thumb Code    56  d2f.o(.text)
    __aeabi_cfcmpeq                          0x080009c5   Thumb Code     0  cfcmple.o(.text)
    __aeabi_cfcmple                          0x080009c5   Thumb Code    20  cfcmple.o(.text)
    __aeabi_cfrcmple                         0x080009d9   Thumb Code    20  cfrcmple.o(.text)
    __aeabi_uidiv                            0x080009ed   Thumb Code     0  uidiv.o(.text)
    __aeabi_uidivmod                         0x080009ed   Thumb Code    44  uidiv.o(.text)
    __aeabi_uldivmod                         0x08000a19   Thumb Code    98  uldiv.o(.text)
    __aeabi_llsl                             0x08000a7b   Thumb Code    30  llshl.o(.text)
    _ll_shift_l                              0x08000a7b   Thumb Code     0  llshl.o(.text)
    __aeabi_llsr                             0x08000a99   Thumb Code    32  llushr.o(.text)
    _ll_ushift_r                             0x08000a99   Thumb Code     0  llushr.o(.text)
    __aeabi_lasr                             0x08000ab9   Thumb Code    36  llsshr.o(.text)
    _ll_sshift_r                             0x08000ab9   Thumb Code     0  llsshr.o(.text)
    __vfscanf_char                           0x08000ae9   Thumb Code    20  scanf_char.o(.text)
    _sgetc                                   0x08000b05   Thumb Code    30  _sgetc.o(.text)
    _sbackspace                              0x08000b23   Thumb Code    34  _sgetc.o(.text)
    __I$use$fp                               0x08000b45   Thumb Code     0  iusefp.o(.text)
    _float_round                             0x08000b45   Thumb Code    18  fepilogue.o(.text)
    _float_epilogue                          0x08000b57   Thumb Code    92  fepilogue.o(.text)
    _double_round                            0x08000bb3   Thumb Code    30  depilogue.o(.text)
    _double_epilogue                         0x08000bd1   Thumb Code   156  depilogue.o(.text)
    __ARM_scalbn                             0x08000c6d   Thumb Code    46  dscalb.o(.text)
    scalbn                                   0x08000c6d   Thumb Code     0  dscalb.o(.text)
    __aeabi_i2d                              0x08000c9b   Thumb Code    34  dflti.o(.text)
    __aeabi_d2ulz                            0x08000cbd   Thumb Code    48  dfixul.o(.text)
    __scatterload                            0x08000ced   Thumb Code    28  init.o(.text)
    __scatterload_rt2                        0x08000ced   Thumb Code     0  init.o(.text)
    isspace                                  0x08000d11   Thumb Code    10  isspace_c.o(.text)
    __vfscanf                                0x08000d1d   Thumb Code   808  _scanf.o(.text)
    _dsqrt                                   0x08001049   Thumb Code   162  dsqrt.o(.text)
    __ctype_lookup                           0x080010ed   Thumb Code    34  ctype_c.o(.text)
    __decompress                             0x08001115   Thumb Code     0  __dczerorl2.o(.text)
    __decompress1                            0x08001115   Thumb Code    86  __dczerorl2.o(.text)
    main                                     0x0800116b   Thumb Code    14  components.o(i.$Sub$$main)
    ADC_ClearFlag                            0x08001179   Thumb Code     6  stm32f10x_adc.o(i.ADC_ClearFlag)
    ADC_Cmd                                  0x0800117f   Thumb Code    22  stm32f10x_adc.o(i.ADC_Cmd)
    ADC_DeInit                               0x08001195   Thumb Code    78  stm32f10x_adc.o(i.ADC_DeInit)
    ADC_GetCalibrationStatus                 0x080011f1   Thumb Code    20  stm32f10x_adc.o(i.ADC_GetCalibrationStatus)
    ADC_GetConversionValue                   0x08001205   Thumb Code     8  stm32f10x_adc.o(i.ADC_GetConversionValue)
    ADC_GetFlagStatus                        0x0800120d   Thumb Code    18  stm32f10x_adc.o(i.ADC_GetFlagStatus)
    ADC_GetResetCalibrationStatus            0x0800121f   Thumb Code    20  stm32f10x_adc.o(i.ADC_GetResetCalibrationStatus)
    ADC_Init                                 0x08001235   Thumb Code    70  stm32f10x_adc.o(i.ADC_Init)
    ADC_RegularChannelConfig                 0x08001285   Thumb Code   184  stm32f10x_adc.o(i.ADC_RegularChannelConfig)
    ADC_ResetCalibration                     0x0800133d   Thumb Code    10  stm32f10x_adc.o(i.ADC_ResetCalibration)
    ADC_SoftwareStartConvCmd                 0x08001347   Thumb Code    22  stm32f10x_adc.o(i.ADC_SoftwareStartConvCmd)
    ADC_StartCalibration                     0x0800135d   Thumb Code    10  stm32f10x_adc.o(i.ADC_StartCalibration)
    BusFault_Handler                         0x08001367   Thumb Code     4  stm32f10x_it.o(i.BusFault_Handler)
    Calculate_SGP30                          0x0800136b   Thumb Code    38  deal_with.o(i.Calculate_SGP30)
    Calculate_SHT30                          0x08001391   Thumb Code   214  deal_with.o(i.Calculate_SHT30)
    Clear_Buffer                             0x08001485   Thumb Code    38  usart2.o(i.Clear_Buffer)
    Clear_Buffer_separate                    0x080014b5   Thumb Code    32  usart2.o(i.Clear_Buffer_separate)
    Collect_data                             0x080014dd   Thumb Code   100  gp2y10_adc.o(i.Collect_data)
    DataGet_LD2410C                          0x08001549   Thumb Code   154  hlk_ld2410c.o(i.DataGet_LD2410C)
    Dealwith_HLK_TX510                       0x080015ed   Thumb Code   176  hlk_tx510.o(i.Dealwith_HLK_TX510)
    DebugMon_Handler                         0x080016a5   Thumb Code     2  stm32f10x_it.o(i.DebugMon_Handler)
    EXTI0_IRQHandler                         0x080016a9   Thumb Code    22  stm32f10x_it.o(i.EXTI0_IRQHandler)
    EXTI15_10_IRQHandler                     0x080016c5   Thumb Code    26  stm32f10x_it.o(i.EXTI15_10_IRQHandler)
    EXTI_ClearITPendingBit                   0x080016e5   Thumb Code     6  stm32f10x_exti.o(i.EXTI_ClearITPendingBit)
    EXTI_GetITStatus                         0x080016f1   Thumb Code    34  stm32f10x_exti.o(i.EXTI_GetITStatus)
    EXTI_Init                                0x08001719   Thumb Code   142  stm32f10x_exti.o(i.EXTI_Init)
    EXTI_Key_Config                          0x080017ad   Thumb Code   140  key_exti.o(i.EXTI_Key_Config)
    Face_recognition_myself                  0x08001841   Thumb Code    82  deal_with.o(i.Face_recognition_myself)
    GENERAL_TIM_Init                         0x0800189d   Thumb Code    12  generaltim.o(i.GENERAL_TIM_Init)
    GP2Y_ADC_Init                            0x08001917   Thumb Code    12  gp2y10_adc.o(i.GP2Y_ADC_Init)
    GP2Y_Convert                             0x08001925   Thumb Code   148  gp2y10_adc.o(i.GP2Y_Convert)
    GP2Y_GetDate                             0x08001a25   Thumb Code    34  gp2y10_adc.o(i.GP2Y_GetDate)
    GP2Y_GetDens                             0x08001a51   Thumb Code    16  gp2y10_adc.o(i.GP2Y_GetDens)
    GPIO_EXTILineConfig                      0x08001ad9   Thumb Code    60  stm32f10x_gpio.o(i.GPIO_EXTILineConfig)
    GPIO_Init                                0x08001b19   Thumb Code   278  stm32f10x_gpio.o(i.GPIO_Init)
    GPIO_ReadInputDataBit                    0x08001c2f   Thumb Code    18  stm32f10x_gpio.o(i.GPIO_ReadInputDataBit)
    GPIO_ResetBits                           0x08001c41   Thumb Code     4  stm32f10x_gpio.o(i.GPIO_ResetBits)
    GPIO_SetBits                             0x08001c45   Thumb Code     4  stm32f10x_gpio.o(i.GPIO_SetBits)
    Get_MQ2_ADC                              0x08001c49   Thumb Code    46  mq2_adc.o(i.Get_MQ2_ADC)
    Get_MQ2_ADC_Average                      0x08001c7d   Thumb Code    46  mq2_adc.o(i.Get_MQ2_ADC_Average)
    Getting_Data_myself                      0x08001cad   Thumb Code    74  deal_with.o(i.Getting_Data_myself)
    HLK_TX510_ClearDate                      0x08001d01   Thumb Code    52  hlk_tx510.o(i.HLK_TX510_ClearDate)
    HLK_TX510_DeleteAll_FaceID               0x08001d41   Thumb Code    34  hlk_tx510.o(i.HLK_TX510_DeleteAll_FaceID)
    HLK_TX510_Enroll_FaceID                  0x08001d6d   Thumb Code    34  hlk_tx510.o(i.HLK_TX510_Enroll_FaceID)
    HLK_TX510_Identify_FaceID                0x08001d99   Thumb Code    34  hlk_tx510.o(i.HLK_TX510_Identify_FaceID)
    HLK_TX510_Receive_Byte                   0x08001dc5   Thumb Code   198  hlk_tx510.o(i.HLK_TX510_Receive_Byte)
    HLK_TX510_Send_DeleteAllCmd              0x08001e9d   Thumb Code    28  hlk_tx510.o(i.HLK_TX510_Send_DeleteAllCmd)
    HLK_TX510_Send_FaceCmd                   0x08001eb9   Thumb Code    28  hlk_tx510.o(i.HLK_TX510_Send_FaceCmd)
    IIC_ACK                                  0x08001ed5   Thumb Code    60  sht30.o(i.IIC_ACK)
    IIC_NACK                                 0x08001f19   Thumb Code    60  sht30.o(i.IIC_NACK)
    IIC_RcvByte                              0x08001f5d   Thumb Code    78  sht30.o(i.IIC_RcvByte)
    IIC_SendByte                             0x08001fb5   Thumb Code    88  sht30.o(i.IIC_SendByte)
    IIC_Start                                0x08002015   Thumb Code    46  sht30.o(i.IIC_Start)
    IIC_Start_oled                           0x0800204d   Thumb Code    36  oled.o(i.IIC_Start_oled)
    IIC_Stop                                 0x08002075   Thumb Code    52  sht30.o(i.IIC_Stop)
    IIC_Stop_oled                            0x080020b1   Thumb Code    28  oled.o(i.IIC_Stop_oled)
    IIC_Wait_Ack_oled                        0x080020d1   Thumb Code    20  oled.o(i.IIC_Wait_Ack_oled)
    IIC_wait_ACK                             0x080020e9   Thumb Code   120  sht30.o(i.IIC_wait_ACK)
    IWDG_Enable                              0x08002169   Thumb Code    10  stm32f10x_iwdg.o(i.IWDG_Enable)
    IWDG_Feed                                0x08002179   Thumb Code     8  wdg.o(i.IWDG_Feed)
    IWDG_Init                                0x08002181   Thumb Code    36  wdg.o(i.IWDG_Init)
    IWDG_ReloadCounter                       0x080021a5   Thumb Code    10  stm32f10x_iwdg.o(i.IWDG_ReloadCounter)
    IWDG_SetPrescaler                        0x080021b5   Thumb Code     6  stm32f10x_iwdg.o(i.IWDG_SetPrescaler)
    IWDG_SetReload                           0x080021c1   Thumb Code     6  stm32f10x_iwdg.o(i.IWDG_SetReload)
    IWDG_WriteAccessCmd                      0x080021cd   Thumb Code     6  stm32f10x_iwdg.o(i.IWDG_WriteAccessCmd)
    Init_myself                              0x080021d9   Thumb Code   120  deal_with.o(i.Init_myself)
    LED_GPIO_Config                          0x08002255   Thumb Code    90  led_test.o(i.LED_GPIO_Config)
    ML302_Init                               0x080022b5   Thumb Code   106  ml302.o(i.ML302_Init)
    ML302_Init_MQTT                          0x08002361   Thumb Code   336  ml302.o(i.ML302_Init_MQTT)
    ML302_Init_call                          0x0800257d   Thumb Code   306  ml302.o(i.ML302_Init_call)
    ML302_Init_text                          0x08002745   Thumb Code   346  ml302.o(i.ML302_Init_text)
    ML302_MQTTInit                           0x08002979   Thumb Code   110  ml302.o(i.ML302_MQTTInit)
    ML302_MQTTPUBMessage_STM32               0x08002a91   Thumb Code   168  ml302.o(i.ML302_MQTTPUBMessage_STM32)
    ML302_MQTTPUBMessage_WeChat              0x08002b55   Thumb Code   118  ml302.o(i.ML302_MQTTPUBMessage_WeChat)
    ML302_MQTTSUB                            0x08002be9   Thumb Code    74  ml302.o(i.ML302_MQTTSUB)
    ML302_MQTT_RECData                       0x08002c9d   Thumb Code  1780  ml302.o(i.ML302_MQTT_RECData)
    MQ2_ADC_Init                             0x080033a5   Thumb Code   138  mq2_adc.o(i.MQ2_ADC_Init)
    MQ2_GetPPM                               0x08003439   Thumb Code   226  mq2_adc.o(i.MQ2_GetPPM)
    MemManage_Handler                        0x0800354d   Thumb Code     4  stm32f10x_it.o(i.MemManage_Handler)
    NMI_Handler                              0x08003551   Thumb Code     2  stm32f10x_it.o(i.NMI_Handler)
    NVIC_Init                                0x080035ad   Thumb Code   100  misc.o(i.NVIC_Init)
    NVIC_PriorityGroupConfig                 0x0800361d   Thumb Code    10  misc.o(i.NVIC_PriorityGroupConfig)
    OLED_Clear                               0x08003631   Thumb Code    62  oled.o(i.OLED_Clear)
    OLED_Init                                0x08003671   Thumb Code   270  oled.o(i.OLED_Init)
    OLED_Set_Pos                             0x08003785   Thumb Code    40  oled.o(i.OLED_Set_Pos)
    OLED_ShowChar                            0x080037ad   Thumb Code   154  oled.o(i.OLED_ShowChar)
    OLED_ShowNum                             0x08003851   Thumb Code   136  oled.o(i.OLED_ShowNum)
    OLED_ShowString                          0x080038d9   Thumb Code    58  oled.o(i.OLED_ShowString)
    OLED_Showdecimal                         0x08003913   Thumb Code   288  oled.o(i.OLED_Showdecimal)
    OLED_WR_Byte                             0x08003a33   Thumb Code    24  oled.o(i.OLED_WR_Byte)
    OSD_myself                               0x08003a4d   Thumb Code   136  deal_with.o(i.OSD_myself)
    RCC_ADCCLKConfig                         0x08003ad9   Thumb Code    18  stm32f10x_rcc.o(i.RCC_ADCCLKConfig)
    RCC_APB1PeriphClockCmd                   0x08003af1   Thumb Code    26  stm32f10x_rcc.o(i.RCC_APB1PeriphClockCmd)
    RCC_APB1PeriphResetCmd                   0x08003b11   Thumb Code    26  stm32f10x_rcc.o(i.RCC_APB1PeriphResetCmd)
    RCC_APB2PeriphClockCmd                   0x08003b31   Thumb Code    26  stm32f10x_rcc.o(i.RCC_APB2PeriphClockCmd)
    RCC_APB2PeriphResetCmd                   0x08003b51   Thumb Code    26  stm32f10x_rcc.o(i.RCC_APB2PeriphResetCmd)
    RCC_GetClocksFreq                        0x08003b71   Thumb Code   192  stm32f10x_rcc.o(i.RCC_GetClocksFreq)
    SDA_IN                                   0x08003c45   Thumb Code    30  sgp30.o(i.SDA_IN)
    SDA_OUT                                  0x08003c69   Thumb Code    30  sgp30.o(i.SDA_OUT)
    SGP30_GPIO_Init                          0x08003c8d   Thumb Code    52  sgp30.o(i.SGP30_GPIO_Init)
    SGP30_IIC_Ack                            0x08003cc5   Thumb Code    48  sgp30.o(i.SGP30_IIC_Ack)
    SGP30_IIC_NAck                           0x08003cfd   Thumb Code    48  sgp30.o(i.SGP30_IIC_NAck)
    SGP30_IIC_Read_Byte                      0x08003d35   Thumb Code    86  sgp30.o(i.SGP30_IIC_Read_Byte)
    SGP30_IIC_Send_Byte                      0x08003d99   Thumb Code    92  sgp30.o(i.SGP30_IIC_Send_Byte)
    SGP30_IIC_Start                          0x08003dfd   Thumb Code    46  sgp30.o(i.SGP30_IIC_Start)
    SGP30_IIC_Stop                           0x08003e35   Thumb Code    44  sgp30.o(i.SGP30_IIC_Stop)
    SGP30_IIC_Wait_Ack                       0x08003e69   Thumb Code    74  sgp30.o(i.SGP30_IIC_Wait_Ack)
    SGP30_Init                               0x08003ec1   Thumb Code    16  sgp30.o(i.SGP30_Init)
    SGP30_Read                               0x08003ed1   Thumb Code    72  sgp30.o(i.SGP30_Read)
    SGP30_Write                              0x08003f19   Thumb Code    52  sgp30.o(i.SGP30_Write)
    SHT30_In                                 0x08003f4d   Thumb Code    30  sht30.o(i.SHT30_In)
    SHT30_Init                               0x08003f71   Thumb Code    50  sht30.o(i.SHT30_Init)
    SHT30_Out                                0x08003fb1   Thumb Code    30  sht30.o(i.SHT30_Out)
    SHT30_read_result                        0x08003fd5   Thumb Code   186  sht30.o(i.SHT30_read_result)
    SVC_Handler                              0x0800408f   Thumb Code     2  stm32f10x_it.o(i.SVC_Handler)
    SysTick_CLKSourceConfig                  0x08004179   Thumb Code    40  misc.o(i.SysTick_CLKSourceConfig)
    SysTick_Handler                          0x080041a1   Thumb Code    16  board.o(i.SysTick_Handler)
    SystemInit                               0x080041b1   Thumb Code    78  system_stm32f10x.o(i.SystemInit)
    TIM2_IRQHandler                          0x08004211   Thumb Code   162  stm32f10x_it.o(i.TIM2_IRQHandler)
    TIM7_IRQHandler                          0x080042c5   Thumb Code    32  timer_mq2.o(i.TIM7_IRQHandler)
    TIM7_Init                                0x080042ed   Thumb Code    92  timer_mq2.o(i.TIM7_Init)
    TIM_ClearFlag                            0x0800434d   Thumb Code     6  stm32f10x_tim.o(i.TIM_ClearFlag)
    TIM_ClearITPendingBit                    0x08004353   Thumb Code     6  stm32f10x_tim.o(i.TIM_ClearITPendingBit)
    TIM_Cmd                                  0x08004359   Thumb Code    24  stm32f10x_tim.o(i.TIM_Cmd)
    TIM_GetITStatus                          0x08004371   Thumb Code    34  stm32f10x_tim.o(i.TIM_GetITStatus)
    TIM_ITConfig                             0x08004393   Thumb Code    18  stm32f10x_tim.o(i.TIM_ITConfig)
    TIM_TimeBaseInit                         0x080043a5   Thumb Code   122  stm32f10x_tim.o(i.TIM_TimeBaseInit)
    UART4_IRQHandler                         0x08004449   Thumb Code   182  uart4.o(i.UART4_IRQHandler)
    UART5_Config                             0x08004511   Thumb Code   132  uart5.o(i.UART5_Config)
    UART5_IRQHandler                         0x080045a1   Thumb Code    64  uart5.o(i.UART5_IRQHandler)
    USART1_IRQHandler                        0x080045e9   Thumb Code   130  usart.o(i.USART1_IRQHandler)
    USART2_IRQHandler                        0x08004679   Thumb Code    54  usart2.o(i.USART2_IRQHandler)
    USART3_IRQHandler                        0x0800474d   Thumb Code    74  usart3.o(i.USART3_IRQHandler)
    USART3_Init                              0x080047a1   Thumb Code    24  usart3.o(i.USART3_Init)
    USART3_SendByte                          0x080047f5   Thumb Code    28  usart3.o(i.USART3_SendByte)
    USART_Cmd                                0x08004815   Thumb Code    24  stm32f10x_usart.o(i.USART_Cmd)
    USART_DeInit                             0x0800482d   Thumb Code   134  stm32f10x_usart.o(i.USART_DeInit)
    USART_GetFlagStatus                      0x080048c9   Thumb Code    26  stm32f10x_usart.o(i.USART_GetFlagStatus)
    USART_GetITStatus                        0x080048e3   Thumb Code    84  stm32f10x_usart.o(i.USART_GetITStatus)
    USART_ITConfig                           0x08004937   Thumb Code    74  stm32f10x_usart.o(i.USART_ITConfig)
    USART_Init                               0x08004981   Thumb Code   210  stm32f10x_usart.o(i.USART_Init)
    USART_ReceiveData                        0x08004a59   Thumb Code    10  stm32f10x_usart.o(i.USART_ReceiveData)
    USART_SendData                           0x08004a63   Thumb Code     8  stm32f10x_usart.o(i.USART_SendData)
    Uart1_SendStr                            0x08004a6d   Thumb Code    34  usart.o(i.Uart1_SendStr)
    Upload_Receive_Data_STM32                0x08004a95   Thumb Code    88  deal_with.o(i.Upload_Receive_Data_STM32)
    Upload_Receive_Data_wechat               0x08004af1   Thumb Code    96  deal_with.o(i.Upload_Receive_Data_wechat)
    UsageFault_Handler                       0x08004b55   Thumb Code     4  stm32f10x_it.o(i.UsageFault_Handler)
    Write_IIC_Byte                           0x08004b59   Thumb Code    80  oled.o(i.Write_IIC_Byte)
    Write_IIC_Command                        0x08004bad   Thumb Code    44  oled.o(i.Write_IIC_Command)
    Write_IIC_Data                           0x08004bd9   Thumb Code    44  oled.o(i.Write_IIC_Data)
    __0printf                                0x08004c05   Thumb Code    22  printfa.o(i.__0printf)
    __1printf                                0x08004c05   Thumb Code     0  printfa.o(i.__0printf)
    __2printf                                0x08004c05   Thumb Code     0  printfa.o(i.__0printf)
    __c89printf                              0x08004c05   Thumb Code     0  printfa.o(i.__0printf)
    printf                                   0x08004c05   Thumb Code     0  printfa.o(i.__0printf)
    __0vsnprintf                             0x08004c25   Thumb Code    40  printfa.o(i.__0vsnprintf)
    __1vsnprintf                             0x08004c25   Thumb Code     0  printfa.o(i.__0vsnprintf)
    __2vsnprintf                             0x08004c25   Thumb Code     0  printfa.o(i.__0vsnprintf)
    __c89vsnprintf                           0x08004c25   Thumb Code     0  printfa.o(i.__0vsnprintf)
    vsnprintf                                0x08004c25   Thumb Code     0  printfa.o(i.__0vsnprintf)
    __ARM_fpclassify                         0x08004c51   Thumb Code    40  fpclassify.o(i.__ARM_fpclassify)
    __kernel_poly                            0x08004c79   Thumb Code   170  poly.o(i.__kernel_poly)
    __mathlib_dbl_divzero                    0x08004d25   Thumb Code    12  dunder.o(i.__mathlib_dbl_divzero)
    __mathlib_dbl_infnan2                    0x08004d35   Thumb Code     4  dunder.o(i.__mathlib_dbl_infnan2)
    __mathlib_dbl_invalid                    0x08004d39   Thumb Code    12  dunder.o(i.__mathlib_dbl_invalid)
    __mathlib_dbl_overflow                   0x08004d45   Thumb Code    14  dunder.o(i.__mathlib_dbl_overflow)
    __mathlib_dbl_underflow                  0x08004d55   Thumb Code    10  dunder.o(i.__mathlib_dbl_underflow)
    __rt_ffs                                 0x08004d65   Thumb Code    70  kservice.o(i.__rt_ffs)
    __scatterload_copy                       0x08004db1   Thumb Code    14  handlers.o(i.__scatterload_copy)
    __scatterload_null                       0x08004dbf   Thumb Code     2  handlers.o(i.__scatterload_null)
    __scatterload_zeroinit                   0x08004dc1   Thumb Code    14  handlers.o(i.__scatterload_zeroinit)
    __set_errno                              0x08004dd1   Thumb Code     6  errno.o(i.__set_errno)
    deal_with                                0x080057dd   Thumb Code    80  deal_with.o(i.deal_with)
    delay_init                               0x08005839   Thumb Code    76  delay.o(i.delay_init)
    delay_ms                                 0x0800588d   Thumb Code    66  delay.o(i.delay_ms)
    delay_osschedlock                        0x080058dd   Thumb Code     8  delay.o(i.delay_osschedlock)
    delay_osschedunlock                      0x080058e5   Thumb Code     8  delay.o(i.delay_osschedunlock)
    delay_ostimedly                          0x080058ed   Thumb Code    12  delay.o(i.delay_ostimedly)
    delay_s                                  0x080058f9   Thumb Code    24  delay.o(i.delay_s)
    delay_us                                 0x08005911   Thumb Code    84  delay.o(i.delay_us)
    fputc                                    0x08005969   Thumb Code    24  usart2.o(i.fputc)
    $Super$$main                             0x08005985   Thumb Code   198  main.o(i.main)
    main_thread_entry                        0x08005ad9   Thumb Code    14  components.o(i.main_thread_entry)
    oled_pow                                 0x08005ae7   Thumb Code    22  oled.o(i.oled_pow)
    perform_DeleteAllFace                    0x08005afd   Thumb Code    32  hlk_tx510.o(i.perform_DeleteAllFace)
    perform_DeleteFace                       0x08005b21   Thumb Code    32  hlk_tx510.o(i.perform_DeleteFace)
    perform_EnrollFace                       0x08005b45   Thumb Code    32  hlk_tx510.o(i.perform_EnrollFace)
    perform_IdentifyFace                     0x08005b69   Thumb Code    32  hlk_tx510.o(i.perform_IdentifyFace)
    pow                                      0x08005c05   Thumb Code  2512  pow.o(i.pow)
    printf_myself                            0x080065dd   Thumb Code   116  deal_with.o(i.printf_myself)
    rt_application_init                      0x08006709   Thumb Code    32  components.o(i.rt_application_init)
    rt_components_board_init                 0x08006735   Thumb Code    20  components.o(i.rt_components_board_init)
    rt_components_init                       0x08006751   Thumb Code    20  components.o(i.rt_components_init)
    rt_enter_critical                        0x0800676d   Thumb Code    28  scheduler.o(i.rt_enter_critical)
    rt_exit_critical                         0x0800678d   Thumb Code    54  scheduler.o(i.rt_exit_critical)
    rt_free                                  0x080067c9   Thumb Code   128  mem.o(i.rt_free)
    rt_heap_begin_get                        0x080068a9   Thumb Code     4  board.o(i.rt_heap_begin_get)
    rt_heap_end_get                          0x080068b1   Thumb Code     4  board.o(i.rt_heap_end_get)
    rt_hw_board_init                         0x080068b9   Thumb Code   110  board.o(i.rt_hw_board_init)
    rt_hw_console_output                     0x08006935   Thumb Code    74  board.o(i.rt_hw_console_output)
    rt_hw_hard_fault_exception               0x08006985   Thumb Code   190  cpuport.o(i.rt_hw_hard_fault_exception)
    rt_hw_stack_init                         0x08006b85   Thumb Code    70  cpuport.o(i.rt_hw_stack_init)
    rt_interrupt_enter                       0x08006bd1   Thumb Code    26  irq.o(i.rt_interrupt_enter)
    rt_interrupt_leave                       0x08006bf1   Thumb Code    26  irq.o(i.rt_interrupt_leave)
    rt_kprintf                               0x08006ca1   Thumb Code    44  kservice.o(i.rt_kprintf)
    rt_malloc                                0x08006d61   Thumb Code   336  mem.o(i.rt_malloc)
    rt_memset                                0x08006ecd   Thumb Code    20  kservice.o(i.rt_memset)
    rt_object_allocate                       0x08006ee1   Thumb Code    74  object.o(i.rt_object_allocate)
    rt_object_delete                         0x08006f2b   Thumb Code    32  object.o(i.rt_object_delete)
    rt_object_detach                         0x08006f4b   Thumb Code    26  object.o(i.rt_object_detach)
    rt_object_get_information                0x08006f65   Thumb Code    36  object.o(i.rt_object_get_information)
    rt_object_init                           0x08006f8d   Thumb Code    60  object.o(i.rt_object_init)
    rt_object_is_systemobject                0x08006fc9   Thumb Code    18  object.o(i.rt_object_is_systemobject)
    rt_schedule                              0x08006fdd   Thumb Code   118  scheduler.o(i.rt_schedule)
    rt_schedule_insert_thread                0x0800706d   Thumb Code    72  scheduler.o(i.rt_schedule_insert_thread)
    rt_schedule_remove_thread                0x080070bd   Thumb Code    76  scheduler.o(i.rt_schedule_remove_thread)
    rt_sem_create                            0x08007111   Thumb Code    42  ipc.o(i.rt_sem_create)
    rt_sem_init                              0x0800713b   Thumb Code    38  ipc.o(i.rt_sem_init)
    rt_sem_release                           0x08007161   Thumb Code    58  ipc.o(i.rt_sem_release)
    rt_sem_take                              0x0800719b   Thumb Code   116  ipc.o(i.rt_sem_take)
    rt_show_version                          0x08007211   Thumb Code    38  kservice.o(i.rt_show_version)
    rt_strncpy                               0x080072c1   Thumb Code    52  kservice.o(i.rt_strncpy)
    rt_system_heap_init                      0x080072f5   Thumb Code   160  mem.o(i.rt_system_heap_init)
    rt_system_scheduler_init                 0x080073ed   Thumb Code    52  scheduler.o(i.rt_system_scheduler_init)
    rt_system_scheduler_start                0x08007439   Thumb Code    36  scheduler.o(i.rt_system_scheduler_start)
    rt_system_timer_init                     0x08007469   Thumb Code    24  timer.o(i.rt_system_timer_init)
    rt_system_timer_thread_init              0x08007485   Thumb Code     2  timer.o(i.rt_system_timer_thread_init)
    rt_thread_create                         0x08007487   Thumb Code    80  thread.o(i.rt_thread_create)
    rt_thread_delay                          0x080074d7   Thumb Code    12  thread.o(i.rt_thread_delay)
    rt_thread_exit                           0x080074e5   Thumb Code    76  thread.o(i.rt_thread_exit)
    rt_thread_idle_excute                    0x08007541   Thumb Code   128  idle.o(i.rt_thread_idle_excute)
    rt_thread_idle_init                      0x080075c5   Thumb Code    38  idle.o(i.rt_thread_idle_init)
    rt_thread_init                           0x08007601   Thumb Code    52  thread.o(i.rt_thread_init)
    rt_thread_resume                         0x08007635   Thumb Code    60  thread.o(i.rt_thread_resume)
    rt_thread_self                           0x08007671   Thumb Code     6  thread.o(i.rt_thread_self)
    rt_thread_sleep                          0x0800767d   Thumb Code    62  thread.o(i.rt_thread_sleep)
    rt_thread_startup                        0x080076c1   Thumb Code    44  thread.o(i.rt_thread_startup)
    rt_thread_suspend                        0x080076ed   Thumb Code    68  thread.o(i.rt_thread_suspend)
    rt_thread_timeout                        0x08007731   Thumb Code    32  thread.o(i.rt_thread_timeout)
    rt_thread_yield                          0x08007751   Thumb Code    92  thread.o(i.rt_thread_yield)
    rt_tick_get                              0x080077b5   Thumb Code     6  clock.o(i.rt_tick_get)
    rt_tick_increase                         0x080077c1   Thumb Code    42  clock.o(i.rt_tick_increase)
    rt_timer_check                           0x080077f1   Thumb Code   118  timer.o(i.rt_timer_check)
    rt_timer_control                         0x0800786d   Thumb Code    56  timer.o(i.rt_timer_control)
    rt_timer_detach                          0x080078a5   Thumb Code    32  timer.o(i.rt_timer_detach)
    rt_timer_init                            0x080078c5   Thumb Code    46  timer.o(i.rt_timer_init)
    rt_timer_start                           0x080078f5   Thumb Code   238  timer.o(i.rt_timer_start)
    rt_timer_stop                            0x080079ed   Thumb Code    48  timer.o(i.rt_timer_stop)
    rtthread_startup                         0x08007a2d   Thumb Code    42  components.o(i.rtthread_startup)
    sqrt                                     0x08007a7d   Thumb Code    76  sqrt.o(i.sqrt)
    uart2_init                               0x08007ac9   Thumb Code   160  usart2.o(i.uart2_init)
    uart4_init                               0x08007b71   Thumb Code   174  uart4.o(i.uart4_init)
    uart_init                                0x08007c31   Thumb Code   152  usart.o(i.uart_init)
    __lowest_bit_bitmap                      0x08007cd0   Data         256  kservice.o(.constdata)
    F6x8                                     0x08007df2   Data         552  oled.o(.constdata)
    F8X16                                    0x0800801a   Data        1520  oled.o(.constdata)
    __mathlib_zero                           0x08008698   Data           8  qnan.o(.constdata)
    __ctype_categories                       0x080086a0   Data          64  ctype_c.o(.constdata)
    __rt_init_rti_start                      0x08008be4   Data           4  components.o(.rti_fn.0)
    __rt_init_rti_board_start                0x08008be8   Data           4  components.o(.rti_fn.0.end)
    __rt_init_rti_board_end                  0x08008bec   Data           4  components.o(.rti_fn.1.end)
    __rt_init_rti_end                        0x08008bf0   Data           4  components.o(.rti_fn.6.end)
    Region$$Table$$Base                      0x08008bf4   Number         0  anon$$obj.o(Region$$Table)
    Region$$Table$$Limit                     0x08008c14   Number         0  anon$$obj.o(Region$$Table)
    SystemCoreClock                          0x20000000   Data           4  system_stm32f10x.o(.data)
    AHBPrescTable                            0x20000004   Data          16  system_stm32f10x.o(.data)
    communication_sem                        0x20000034   Data           4  main.o(.data)
    recognition_sem                          0x20000038   Data           4  main.o(.data)
    sensor_sem                               0x2000003c   Data           4  main.o(.data)
    STM32                                    0x20000040   Data          40  deal_with.o(.data)
    WeChat                                   0x20000068   Data          48  deal_with.o(.data)
    WeChat_cache                             0x20000098   Data          48  deal_with.o(.data)
    SENSOR                                   0x200000c8   Data          40  deal_with.o(.data)
    NVICPriority_Structure                   0x200000f0   Data           7  deal_with.o(.data)
    KEY1_flag                                0x200000f7   Data           1  deal_with.o(.data)
    KEY2_flag                                0x200000f8   Data           1  deal_with.o(.data)
    rt_interrupt_nest                        0x20000100   Data           1  irq.o(.data)
    rt_current_thread                        0x200001a0   Data           4  scheduler.o(.data)
    rt_current_priority                      0x200001a4   Data           1  scheduler.o(.data)
    rt_thread_ready_priority_group           0x200001a8   Data           4  scheduler.o(.data)
    rt_thread_defunct                        0x200001ac   Data           8  scheduler.o(.data)
    rt_interrupt_from_thread                 0x200001c0   Data           4  cpuport.o(.data)
    rt_interrupt_to_thread                   0x200001c4   Data           4  cpuport.o(.data)
    rt_thread_switch_interrupt_flag          0x200001c8   Data           4  cpuport.o(.data)
    OSRunning                                0x200001d4   Data           1  delay.o(.data)
    USART_RX_STA                             0x200001d6   Data           2  usart.o(.data)
    HLK_TX510_Face_IdentifyCmd               0x200001d9   Data           8  hlk_tx510.o(.data)
    HLK_TX510_Face_EnrollCmd                 0x200001e1   Data           8  hlk_tx510.o(.data)
    HLK_TX510_Delete_FaceCmd                 0x200001e9   Data          10  hlk_tx510.o(.data)
    HLK_TX510_Delete_FaceALLCmd              0x200001f3   Data           8  hlk_tx510.o(.data)
    HLK_TX510_LightON                        0x200001fb   Data           9  hlk_tx510.o(.data)
    HLK_TX510_LightOFF                       0x20000204   Data           9  hlk_tx510.o(.data)
    HLK_TX510_Control_DisplayON              0x2000020d   Data           9  hlk_tx510.o(.data)
    HLK_TX510_Control_DisplayOFF             0x20000216   Data           9  hlk_tx510.o(.data)
    HLK_TX510_WhiteLightON                   0x2000021f   Data           9  hlk_tx510.o(.data)
    HLK_TX510_WhiteLightOFF                  0x20000228   Data           9  hlk_tx510.o(.data)
    HLK_TX510_Version_InquireCmd             0x20000231   Data           8  hlk_tx510.o(.data)
    HLK_TX510_RebootCmd                      0x20000239   Data           8  hlk_tx510.o(.data)
    HLK_TX510_Baudrate_SetCmd                0x20000241   Data           9  hlk_tx510.o(.data)
    HLK_TX510_Read_Face_QuantityCmd          0x2000024a   Data           8  hlk_tx510.o(.data)
    HLK_TX510                                0x20000252   Data           8  hlk_tx510.o(.data)
    flag_start_TX510                         0x2000025a   Data           1  hlk_tx510.o(.data)
    flag_stop_TX510                          0x2000025b   Data           1  hlk_tx510.o(.data)
    i                                        0x2000025c   Data           1  hlk_tx510.o(.data)
    strx_MQTT                                0x20000260   Data           4  ml302.o(.data)
    extstrx_MQTT                             0x20000264   Data           4  ml302.o(.data)
    strx_call                                0x20000268   Data           4  ml302.o(.data)
    extstrx_call                             0x2000026c   Data           4  ml302.o(.data)
    strx_text                                0x20000270   Data           4  ml302.o(.data)
    extstrx_text                             0x20000274   Data           4  ml302.o(.data)
    strx_LBS                                 0x20000278   Data           4  ml302.o(.data)
    extstrx_LBS                              0x2000027c   Data           4  ml302.o(.data)
    socketnum                                0x20000280   Data           1  ml302.o(.data)
    strx_MQTTSUB                             0x20000284   Data           4  ml302.o(.data)
    strx_MQTT_REC                            0x20000288   Data           4  ml302.o(.data)
    strx_MQTT_REC_cache                      0x2000028c   Data           4  ml302.o(.data)
    time_rec                                 0x20000290   Data           4  ml302.o(.data)
    MQTT_REC_datastreams                     0x20000294   Data           4  ml302.o(.data)
    id_rec_cache                             0x20000298   Data           4  ml302.o(.data)
    data_rec_cache                           0x2000029c   Data           4  ml302.o(.data)
    id_rec                                   0x200002a0   Data           6  ml302.o(.data)
    i_rec                                    0x200002a6   Data           1  ml302.o(.data)
    k_rec                                    0x200002a7   Data           1  ml302.o(.data)
    i_switch                                 0x200002a8   Data           1  ml302.o(.data)
    times_MQ2                                0x200002b0   Data           4  mq2_adc.o(.data)
    flag_start_LD2410C                       0x200002b4   Data           1  uart4.o(.data)
    __stdout                                 0x200002b8   Data           4  usart2.o(.data)
    RxCounter                                0x200002bc   Data           2  usart2.o(.data)
    rt_thread_priority_table                 0x200014e4   Data          64  scheduler.o(.bss)
    USART_RX_BUF                             0x20001524   Data         200  usart.o(.bss)
    RX_Data_LD2410C                          0x20001614   Data         304  hlk_ld2410c.o(.bss)
    Receive_Data_LD2410C                     0x20001744   Data        1026  hlk_ld2410c.o(.bss)
    Detection_Target_LD2410C                 0x20001b46   Data          10  hlk_ld2410c.o(.bss)
    RX_Data_TX510                            0x20001b50   Data          54  hlk_tx510.o(.bss)
    Receive_Data_TX510                       0x20001b86   Data          54  hlk_tx510.o(.bss)
    judge_rec                                0x20001bbc   Data          10  ml302.o(.bss)
    data_rec                                 0x20001bc6   Data          12  ml302.o(.bss)
    UART4_TX_BUF                             0x20001bd8   Data         600  uart4.o(.bss)
    UART4_RX_BUF                             0x20001e30   Data        1024  uart4.o(.bss)
    USART_InitStructure                      0x20002230   Data          16  uart4.o(.bss)
    RxBuffer                                 0x20002240   Data         185  usart2.o(.bss)
    __initial_sp                             0x20002700   Data           0  startup_stm32f10x_hd.o(STACK)
    mem2base                                 0x68000000   Data       983040  malloc.o(.ARM.__AT_0x68000000)
    mem2mapbase                              0x680f0000   Data       61440  malloc.o(.ARM.__AT_0x680F0000)



==============================================================================

Memory Map of the image

  Image Entry point : 0x08000131

  Load Region LR_IROM1 (Base: 0x08000000, Size: 0x00008ed8, Max: 0x00080000, ABSOLUTE, COMPRESSED[0x00008cd4])

    Execution Region ER_IROM1 (Exec base: 0x08000000, Load base: 0x08000000, Size: 0x00008c14, Max: 0x00080000, ABSOLUTE)

    Exec Addr    Load Addr    Size         Type   Attr      Idx    E Section Name        Object

    0x08000000   0x08000000   0x00000130   Data   RO            3    RESET               startup_stm32f10x_hd.o
    0x08000130   0x08000130   0x00000000   Code   RO         6009  * .ARM.Collect$$$$00000000  mc_w.l(entry.o)
    0x08000130   0x08000130   0x00000004   Code   RO         6348    .ARM.Collect$$$$00000001  mc_w.l(entry2.o)
    0x08000134   0x08000134   0x00000004   Code   RO         6351    .ARM.Collect$$$$00000004  mc_w.l(entry5.o)
    0x08000138   0x08000138   0x00000000   Code   RO         6353    .ARM.Collect$$$$00000008  mc_w.l(entry7b.o)
    0x08000138   0x08000138   0x00000000   Code   RO         6355    .ARM.Collect$$$$0000000A  mc_w.l(entry8b.o)
    0x08000138   0x08000138   0x00000008   Code   RO         6356    .ARM.Collect$$$$0000000B  mc_w.l(entry9a.o)
    0x08000140   0x08000140   0x00000000   Code   RO         6358    .ARM.Collect$$$$0000000D  mc_w.l(entry10a.o)
    0x08000140   0x08000140   0x00000000   Code   RO         6360    .ARM.Collect$$$$0000000F  mc_w.l(entry11a.o)
    0x08000140   0x08000140   0x00000004   Code   RO         6349    .ARM.Collect$$$$00002712  mc_w.l(entry2.o)
    0x08000144   0x08000144   0x00000024   Code   RO            4    .text               startup_stm32f10x_hd.o
    0x08000168   0x08000168   0x000000f0   Code   RO         5009    .text               context_rvds.o
    0x08000258   0x08000258   0x00000024   Code   RO         6012    .text               mc_w.l(memcpya.o)
    0x0800027c   0x0800027c   0x00000024   Code   RO         6014    .text               mc_w.l(memseta.o)
    0x080002a0   0x080002a0   0x00000024   Code   RO         6016    .text               mc_w.l(strstr.o)
    0x080002c4   0x080002c4   0x0000000e   Code   RO         6018    .text               mc_w.l(strlen.o)
    0x080002d2   0x080002d2   0x0000001c   Code   RO         6020    .text               mc_w.l(strcmp.o)
    0x080002ee   0x080002ee   0x00000002   PAD
    0x080002f0   0x080002f0   0x00000038   Code   RO         6285    .text               mc_w.l(__0sscanf.o)
    0x08000328   0x08000328   0x000000e0   Code   RO         6287    .text               mc_w.l(_scanf_str.o)
    0x08000408   0x08000408   0x000000b0   Code   RO         6289    .text               mf_w.l(fadd.o)
    0x080004b8   0x080004b8   0x00000064   Code   RO         6291    .text               mf_w.l(fmul.o)
    0x0800051c   0x0800051c   0x0000007c   Code   RO         6293    .text               mf_w.l(fdiv.o)
    0x08000598   0x08000598   0x0000014e   Code   RO         6295    .text               mf_w.l(dadd.o)
    0x080006e6   0x080006e6   0x000000e4   Code   RO         6297    .text               mf_w.l(dmul.o)
    0x080007ca   0x080007ca   0x000000de   Code   RO         6299    .text               mf_w.l(ddiv.o)
    0x080008a8   0x080008a8   0x00000012   Code   RO         6301    .text               mf_w.l(fflti.o)
    0x080008ba   0x080008ba   0x0000000a   Code   RO         6303    .text               mf_w.l(ffltui.o)
    0x080008c4   0x080008c4   0x00000032   Code   RO         6305    .text               mf_w.l(ffixi.o)
    0x080008f6   0x080008f6   0x0000003e   Code   RO         6307    .text               mf_w.l(dfixi.o)
    0x08000934   0x08000934   0x00000026   Code   RO         6309    .text               mf_w.l(f2d.o)
    0x0800095a   0x0800095a   0x00000002   PAD
    0x0800095c   0x0800095c   0x00000030   Code   RO         6313    .text               mf_w.l(cdrcmple.o)
    0x0800098c   0x0800098c   0x00000038   Code   RO         6315    .text               mf_w.l(d2f.o)
    0x080009c4   0x080009c4   0x00000014   Code   RO         6317    .text               mf_w.l(cfcmple.o)
    0x080009d8   0x080009d8   0x00000014   Code   RO         6319    .text               mf_w.l(cfrcmple.o)
    0x080009ec   0x080009ec   0x0000002c   Code   RO         6362    .text               mc_w.l(uidiv.o)
    0x08000a18   0x08000a18   0x00000062   Code   RO         6364    .text               mc_w.l(uldiv.o)
    0x08000a7a   0x08000a7a   0x0000001e   Code   RO         6366    .text               mc_w.l(llshl.o)
    0x08000a98   0x08000a98   0x00000020   Code   RO         6368    .text               mc_w.l(llushr.o)
    0x08000ab8   0x08000ab8   0x00000024   Code   RO         6370    .text               mc_w.l(llsshr.o)
    0x08000adc   0x08000adc   0x00000028   Code   RO         6379    .text               mc_w.l(scanf_char.o)
    0x08000b04   0x08000b04   0x00000040   Code   RO         6381    .text               mc_w.l(_sgetc.o)
    0x08000b44   0x08000b44   0x00000000   Code   RO         6383    .text               mc_w.l(iusefp.o)
    0x08000b44   0x08000b44   0x0000006e   Code   RO         6384    .text               mf_w.l(fepilogue.o)
    0x08000bb2   0x08000bb2   0x000000ba   Code   RO         6386    .text               mf_w.l(depilogue.o)
    0x08000c6c   0x08000c6c   0x0000002e   Code   RO         6388    .text               mf_w.l(dscalb.o)
    0x08000c9a   0x08000c9a   0x00000022   Code   RO         6390    .text               mf_w.l(dflti.o)
    0x08000cbc   0x08000cbc   0x00000030   Code   RO         6392    .text               mf_w.l(dfixul.o)
    0x08000cec   0x08000cec   0x00000024   Code   RO         6394    .text               mc_w.l(init.o)
    0x08000d10   0x08000d10   0x0000000a   Code   RO         6396    .text               mc_w.l(isspace_c.o)
    0x08000d1a   0x08000d1a   0x00000002   PAD
    0x08000d1c   0x08000d1c   0x0000032c   Code   RO         6398    .text               mc_w.l(_scanf.o)
    0x08001048   0x08001048   0x000000a2   Code   RO         6400    .text               mf_w.l(dsqrt.o)
    0x080010ea   0x080010ea   0x00000002   PAD
    0x080010ec   0x080010ec   0x00000028   Code   RO         6402    .text               mc_w.l(ctype_c.o)
    0x08001114   0x08001114   0x00000056   Code   RO         6413    .text               mc_w.l(__dczerorl2.o)
    0x0800116a   0x0800116a   0x0000000e   Code   RO         3898    i.$Sub$$main        components.o
    0x08001178   0x08001178   0x00000006   Code   RO          181    i.ADC_ClearFlag     stm32f10x_adc.o
    0x0800117e   0x0800117e   0x00000016   Code   RO          183    i.ADC_Cmd           stm32f10x_adc.o
    0x08001194   0x08001194   0x0000005c   Code   RO          185    i.ADC_DeInit        stm32f10x_adc.o
    0x080011f0   0x080011f0   0x00000014   Code   RO          191    i.ADC_GetCalibrationStatus  stm32f10x_adc.o
    0x08001204   0x08001204   0x00000008   Code   RO          192    i.ADC_GetConversionValue  stm32f10x_adc.o
    0x0800120c   0x0800120c   0x00000012   Code   RO          194    i.ADC_GetFlagStatus  stm32f10x_adc.o
    0x0800121e   0x0800121e   0x00000014   Code   RO          197    i.ADC_GetResetCalibrationStatus  stm32f10x_adc.o
    0x08001232   0x08001232   0x00000002   PAD
    0x08001234   0x08001234   0x00000050   Code   RO          201    i.ADC_Init          stm32f10x_adc.o
    0x08001284   0x08001284   0x000000b8   Code   RO          205    i.ADC_RegularChannelConfig  stm32f10x_adc.o
    0x0800133c   0x0800133c   0x0000000a   Code   RO          206    i.ADC_ResetCalibration  stm32f10x_adc.o
    0x08001346   0x08001346   0x00000016   Code   RO          208    i.ADC_SoftwareStartConvCmd  stm32f10x_adc.o
    0x0800135c   0x0800135c   0x0000000a   Code   RO          210    i.ADC_StartCalibration  stm32f10x_adc.o
    0x08001366   0x08001366   0x00000004   Code   RO         3558    i.BusFault_Handler  stm32f10x_it.o
    0x0800136a   0x0800136a   0x00000026   Code   RO         3619    i.Calculate_SGP30   deal_with.o
    0x08001390   0x08001390   0x000000f4   Code   RO         3620    i.Calculate_SHT30   deal_with.o
    0x08001484   0x08001484   0x00000030   Code   RO         5893    i.Clear_Buffer      usart2.o
    0x080014b4   0x080014b4   0x00000028   Code   RO         5894    i.Clear_Buffer_separate  usart2.o
    0x080014dc   0x080014dc   0x0000006c   Code   RO         5152    i.Collect_data      gp2y10_adc.o
    0x08001548   0x08001548   0x000000a4   Code   RO         5201    i.DataGet_LD2410C   hlk_ld2410c.o
    0x080015ec   0x080015ec   0x000000b8   Code   RO         5223    i.Dealwith_HLK_TX510  hlk_tx510.o
    0x080016a4   0x080016a4   0x00000002   Code   RO         3559    i.DebugMon_Handler  stm32f10x_it.o
    0x080016a6   0x080016a6   0x00000002   PAD
    0x080016a8   0x080016a8   0x0000001c   Code   RO         3560    i.EXTI0_IRQHandler  stm32f10x_it.o
    0x080016c4   0x080016c4   0x00000020   Code   RO         3561    i.EXTI15_10_IRQHandler  stm32f10x_it.o
    0x080016e4   0x080016e4   0x0000000c   Code   RO          939    i.EXTI_ClearITPendingBit  stm32f10x_exti.o
    0x080016f0   0x080016f0   0x00000028   Code   RO          943    i.EXTI_GetITStatus  stm32f10x_exti.o
    0x08001718   0x08001718   0x00000094   Code   RO          944    i.EXTI_Init         stm32f10x_exti.o
    0x080017ac   0x080017ac   0x00000094   Code   RO         3725    i.EXTI_Key_Config   key_exti.o
    0x08001840   0x08001840   0x0000005c   Code   RO         3621    i.Face_recognition_myself  deal_with.o
    0x0800189c   0x0800189c   0x0000000c   Code   RO         5130    i.GENERAL_TIM_Init  generaltim.o
    0x080018a8   0x080018a8   0x00000044   Code   RO         5131    i.GENERAL_TIM_Mode_Config  generaltim.o
    0x080018ec   0x080018ec   0x0000002a   Code   RO         5132    i.GENERAL_TIM_NVIC_Config  generaltim.o
    0x08001916   0x08001916   0x0000000c   Code   RO         5153    i.GP2Y_ADC_Init     gp2y10_adc.o
    0x08001922   0x08001922   0x00000002   PAD
    0x08001924   0x08001924   0x000000b0   Code   RO         5154    i.GP2Y_Convert      gp2y10_adc.o
    0x080019d4   0x080019d4   0x00000050   Code   RO         5155    i.GP2Y_GPIO_Config  gp2y10_adc.o
    0x08001a24   0x08001a24   0x0000002c   Code   RO         5156    i.GP2Y_GetDate      gp2y10_adc.o
    0x08001a50   0x08001a50   0x00000010   Code   RO         5157    i.GP2Y_GetDens      gp2y10_adc.o
    0x08001a60   0x08001a60   0x00000078   Code   RO         5158    i.GP2Y_Mode_Config  gp2y10_adc.o
    0x08001ad8   0x08001ad8   0x00000040   Code   RO         1289    i.GPIO_EXTILineConfig  stm32f10x_gpio.o
    0x08001b18   0x08001b18   0x00000116   Code   RO         1292    i.GPIO_Init         stm32f10x_gpio.o
    0x08001c2e   0x08001c2e   0x00000012   Code   RO         1296    i.GPIO_ReadInputDataBit  stm32f10x_gpio.o
    0x08001c40   0x08001c40   0x00000004   Code   RO         1299    i.GPIO_ResetBits    stm32f10x_gpio.o
    0x08001c44   0x08001c44   0x00000004   Code   RO         1300    i.GPIO_SetBits      stm32f10x_gpio.o
    0x08001c48   0x08001c48   0x00000034   Code   RO         5440    i.Get_MQ2_ADC       mq2_adc.o
    0x08001c7c   0x08001c7c   0x0000002e   Code   RO         5441    i.Get_MQ2_ADC_Average  mq2_adc.o
    0x08001caa   0x08001caa   0x00000002   PAD
    0x08001cac   0x08001cac   0x00000054   Code   RO         3622    i.Getting_Data_myself  deal_with.o
    0x08001d00   0x08001d00   0x00000040   Code   RO         5224    i.HLK_TX510_ClearDate  hlk_tx510.o
    0x08001d40   0x08001d40   0x0000002c   Code   RO         5225    i.HLK_TX510_DeleteAll_FaceID  hlk_tx510.o
    0x08001d6c   0x08001d6c   0x0000002c   Code   RO         5227    i.HLK_TX510_Enroll_FaceID  hlk_tx510.o
    0x08001d98   0x08001d98   0x0000002c   Code   RO         5228    i.HLK_TX510_Identify_FaceID  hlk_tx510.o
    0x08001dc4   0x08001dc4   0x000000d8   Code   RO         5229    i.HLK_TX510_Receive_Byte  hlk_tx510.o
    0x08001e9c   0x08001e9c   0x0000001c   Code   RO         5231    i.HLK_TX510_Send_DeleteAllCmd  hlk_tx510.o
    0x08001eb8   0x08001eb8   0x0000001c   Code   RO         5233    i.HLK_TX510_Send_FaceCmd  hlk_tx510.o
    0x08001ed4   0x08001ed4   0x00000044   Code   RO         5723    i.IIC_ACK           sht30.o
    0x08001f18   0x08001f18   0x00000044   Code   RO         5724    i.IIC_NACK          sht30.o
    0x08001f5c   0x08001f5c   0x00000058   Code   RO         5725    i.IIC_RcvByte       sht30.o
    0x08001fb4   0x08001fb4   0x00000060   Code   RO         5726    i.IIC_SendByte      sht30.o
    0x08002014   0x08002014   0x00000038   Code   RO         5727    i.IIC_Start         sht30.o
    0x0800204c   0x0800204c   0x00000028   Code   RO         5481    i.IIC_Start_oled    oled.o
    0x08002074   0x08002074   0x0000003c   Code   RO         5728    i.IIC_Stop          sht30.o
    0x080020b0   0x080020b0   0x00000020   Code   RO         5482    i.IIC_Stop_oled     oled.o
    0x080020d0   0x080020d0   0x00000018   Code   RO         5483    i.IIC_Wait_Ack_oled  oled.o
    0x080020e8   0x080020e8   0x00000080   Code   RO         5729    i.IIC_wait_ACK      sht30.o
    0x08002168   0x08002168   0x00000010   Code   RO         1604    i.IWDG_Enable       stm32f10x_iwdg.o
    0x08002178   0x08002178   0x00000008   Code   RO         3836    i.IWDG_Feed         wdg.o
    0x08002180   0x08002180   0x00000024   Code   RO         3837    i.IWDG_Init         wdg.o
    0x080021a4   0x080021a4   0x00000010   Code   RO         1606    i.IWDG_ReloadCounter  stm32f10x_iwdg.o
    0x080021b4   0x080021b4   0x0000000c   Code   RO         1607    i.IWDG_SetPrescaler  stm32f10x_iwdg.o
    0x080021c0   0x080021c0   0x0000000c   Code   RO         1608    i.IWDG_SetReload    stm32f10x_iwdg.o
    0x080021cc   0x080021cc   0x0000000c   Code   RO         1609    i.IWDG_WriteAccessCmd  stm32f10x_iwdg.o
    0x080021d8   0x080021d8   0x0000007c   Code   RO         3623    i.Init_myself       deal_with.o
    0x08002254   0x08002254   0x00000060   Code   RO         3742    i.LED_GPIO_Config   led_test.o
    0x080022b4   0x080022b4   0x000000ac   Code   RO         5335    i.ML302_Init        ml302.o
    0x08002360   0x08002360   0x0000021c   Code   RO         5337    i.ML302_Init_MQTT   ml302.o
    0x0800257c   0x0800257c   0x000001c8   Code   RO         5338    i.ML302_Init_call   ml302.o
    0x08002744   0x08002744   0x00000234   Code   RO         5339    i.ML302_Init_text   ml302.o
    0x08002978   0x08002978   0x00000118   Code   RO         5340    i.ML302_MQTTInit    ml302.o
    0x08002a90   0x08002a90   0x000000c4   Code   RO         5341    i.ML302_MQTTPUBMessage_STM32  ml302.o
    0x08002b54   0x08002b54   0x00000094   Code   RO         5342    i.ML302_MQTTPUBMessage_WeChat  ml302.o
    0x08002be8   0x08002be8   0x000000b4   Code   RO         5343    i.ML302_MQTTSUB     ml302.o
    0x08002c9c   0x08002c9c   0x00000708   Code   RO         5345    i.ML302_MQTT_RECData  ml302.o
    0x080033a4   0x080033a4   0x00000094   Code   RO         5442    i.MQ2_ADC_Init      mq2_adc.o
    0x08003438   0x08003438   0x00000114   Code   RO         5443    i.MQ2_GetPPM        mq2_adc.o
    0x0800354c   0x0800354c   0x00000004   Code   RO         3562    i.MemManage_Handler  stm32f10x_it.o
    0x08003550   0x08003550   0x00000002   Code   RO         3563    i.NMI_Handler       stm32f10x_it.o
    0x08003552   0x08003552   0x00000032   Code   RO         3726    i.NVIC_Configuration  key_exti.o
    0x08003584   0x08003584   0x00000026   Code   RO         5858    i.NVIC_Configuration  uart5.o
    0x080035aa   0x080035aa   0x00000002   PAD
    0x080035ac   0x080035ac   0x00000070   Code   RO          137    i.NVIC_Init         misc.o
    0x0800361c   0x0800361c   0x00000014   Code   RO          138    i.NVIC_PriorityGroupConfig  misc.o
    0x08003630   0x08003630   0x0000003e   Code   RO         5484    i.OLED_Clear        oled.o
    0x0800366e   0x0800366e   0x00000002   PAD
    0x08003670   0x08003670   0x00000114   Code   RO         5488    i.OLED_Init         oled.o
    0x08003784   0x08003784   0x00000028   Code   RO         5490    i.OLED_Set_Pos      oled.o
    0x080037ac   0x080037ac   0x000000a4   Code   RO         5492    i.OLED_ShowChar     oled.o
    0x08003850   0x08003850   0x00000088   Code   RO         5493    i.OLED_ShowNum      oled.o
    0x080038d8   0x080038d8   0x0000003a   Code   RO         5494    i.OLED_ShowString   oled.o
    0x08003912   0x08003912   0x00000120   Code   RO         5495    i.OLED_Showdecimal  oled.o
    0x08003a32   0x08003a32   0x00000018   Code   RO         5496    i.OLED_WR_Byte      oled.o
    0x08003a4a   0x08003a4a   0x00000002   PAD
    0x08003a4c   0x08003a4c   0x0000008c   Code   RO         3624    i.OSD_myself        deal_with.o
    0x08003ad8   0x08003ad8   0x00000018   Code   RO         1706    i.RCC_ADCCLKConfig  stm32f10x_rcc.o
    0x08003af0   0x08003af0   0x00000020   Code   RO         1708    i.RCC_APB1PeriphClockCmd  stm32f10x_rcc.o
    0x08003b10   0x08003b10   0x00000020   Code   RO         1709    i.RCC_APB1PeriphResetCmd  stm32f10x_rcc.o
    0x08003b30   0x08003b30   0x00000020   Code   RO         1710    i.RCC_APB2PeriphClockCmd  stm32f10x_rcc.o
    0x08003b50   0x08003b50   0x00000020   Code   RO         1711    i.RCC_APB2PeriphResetCmd  stm32f10x_rcc.o
    0x08003b70   0x08003b70   0x000000d4   Code   RO         1718    i.RCC_GetClocksFreq  stm32f10x_rcc.o
    0x08003c44   0x08003c44   0x00000024   Code   RO         5639    i.SDA_IN            sgp30.o
    0x08003c68   0x08003c68   0x00000024   Code   RO         5640    i.SDA_OUT           sgp30.o
    0x08003c8c   0x08003c8c   0x00000038   Code   RO         5641    i.SGP30_GPIO_Init   sgp30.o
    0x08003cc4   0x08003cc4   0x00000038   Code   RO         5642    i.SGP30_IIC_Ack     sgp30.o
    0x08003cfc   0x08003cfc   0x00000038   Code   RO         5643    i.SGP30_IIC_NAck    sgp30.o
    0x08003d34   0x08003d34   0x00000064   Code   RO         5644    i.SGP30_IIC_Read_Byte  sgp30.o
    0x08003d98   0x08003d98   0x00000064   Code   RO         5645    i.SGP30_IIC_Send_Byte  sgp30.o
    0x08003dfc   0x08003dfc   0x00000038   Code   RO         5646    i.SGP30_IIC_Start   sgp30.o
    0x08003e34   0x08003e34   0x00000034   Code   RO         5647    i.SGP30_IIC_Stop    sgp30.o
    0x08003e68   0x08003e68   0x00000058   Code   RO         5648    i.SGP30_IIC_Wait_Ack  sgp30.o
    0x08003ec0   0x08003ec0   0x00000010   Code   RO         5649    i.SGP30_Init        sgp30.o
    0x08003ed0   0x08003ed0   0x00000048   Code   RO         5650    i.SGP30_Read        sgp30.o
    0x08003f18   0x08003f18   0x00000034   Code   RO         5651    i.SGP30_Write       sgp30.o
    0x08003f4c   0x08003f4c   0x00000024   Code   RO         5730    i.SHT30_In          sht30.o
    0x08003f70   0x08003f70   0x00000040   Code   RO         5731    i.SHT30_Init        sht30.o
    0x08003fb0   0x08003fb0   0x00000024   Code   RO         5732    i.SHT30_Out         sht30.o
    0x08003fd4   0x08003fd4   0x000000ba   Code   RO         5733    i.SHT30_read_result  sht30.o
    0x0800408e   0x0800408e   0x00000002   Code   RO         3564    i.SVC_Handler       stm32f10x_it.o
    0x08004090   0x08004090   0x00000008   Code   RO           24    i.SetSysClock       system_stm32f10x.o
    0x08004098   0x08004098   0x000000e0   Code   RO           25    i.SetSysClockTo72   system_stm32f10x.o
    0x08004178   0x08004178   0x00000028   Code   RO          141    i.SysTick_CLKSourceConfig  misc.o
    0x080041a0   0x080041a0   0x00000010   Code   RO         3108    i.SysTick_Handler   board.o
    0x080041b0   0x080041b0   0x00000060   Code   RO           27    i.SystemInit        system_stm32f10x.o
    0x08004210   0x08004210   0x000000b4   Code   RO         3565    i.TIM2_IRQHandler   stm32f10x_it.o
    0x080042c4   0x080042c4   0x00000028   Code   RO         5801    i.TIM7_IRQHandler   timer_mq2.o
    0x080042ec   0x080042ec   0x00000060   Code   RO         5802    i.TIM7_Init         timer_mq2.o
    0x0800434c   0x0800434c   0x00000006   Code   RO         2336    i.TIM_ClearFlag     stm32f10x_tim.o
    0x08004352   0x08004352   0x00000006   Code   RO         2337    i.TIM_ClearITPendingBit  stm32f10x_tim.o
    0x08004358   0x08004358   0x00000018   Code   RO         2342    i.TIM_Cmd           stm32f10x_tim.o
    0x08004370   0x08004370   0x00000022   Code   RO         2363    i.TIM_GetITStatus   stm32f10x_tim.o
    0x08004392   0x08004392   0x00000012   Code   RO         2367    i.TIM_ITConfig      stm32f10x_tim.o
    0x080043a4   0x080043a4   0x000000a4   Code   RO         2413    i.TIM_TimeBaseInit  stm32f10x_tim.o
    0x08004448   0x08004448   0x000000c8   Code   RO         5820    i.UART4_IRQHandler  uart4.o
    0x08004510   0x08004510   0x00000090   Code   RO         5859    i.UART5_Config      uart5.o
    0x080045a0   0x080045a0   0x00000048   Code   RO         5860    i.UART5_IRQHandler  uart5.o
    0x080045e8   0x080045e8   0x00000090   Code   RO         5094    i.USART1_IRQHandler  usart.o
    0x08004678   0x08004678   0x00000044   Code   RO         5896    i.USART2_IRQHandler  usart2.o
    0x080046bc   0x080046bc   0x00000054   Code   RO         5955    i.USART3_Configuration  usart3.o
    0x08004710   0x08004710   0x0000003c   Code   RO         5956    i.USART3_GPIO_Configuration  usart3.o
    0x0800474c   0x0800474c   0x00000054   Code   RO         5957    i.USART3_IRQHandler  usart3.o
    0x080047a0   0x080047a0   0x00000018   Code   RO         5958    i.USART3_Init       usart3.o
    0x080047b8   0x080047b8   0x00000028   Code   RO         5959    i.USART3_NVIC_Configuration  usart3.o
    0x080047e0   0x080047e0   0x00000014   Code   RO         5960    i.USART3_RCC_Configuration  usart3.o
    0x080047f4   0x080047f4   0x00000020   Code   RO         5961    i.USART3_SendByte   usart3.o
    0x08004814   0x08004814   0x00000018   Code   RO         2878    i.USART_Cmd         stm32f10x_usart.o
    0x0800482c   0x0800482c   0x0000009c   Code   RO         2880    i.USART_DeInit      stm32f10x_usart.o
    0x080048c8   0x080048c8   0x0000001a   Code   RO         2881    i.USART_GetFlagStatus  stm32f10x_usart.o
    0x080048e2   0x080048e2   0x00000054   Code   RO         2882    i.USART_GetITStatus  stm32f10x_usart.o
    0x08004936   0x08004936   0x0000004a   Code   RO         2884    i.USART_ITConfig    stm32f10x_usart.o
    0x08004980   0x08004980   0x000000d8   Code   RO         2885    i.USART_Init        stm32f10x_usart.o
    0x08004a58   0x08004a58   0x0000000a   Code   RO         2892    i.USART_ReceiveData  stm32f10x_usart.o
    0x08004a62   0x08004a62   0x00000008   Code   RO         2895    i.USART_SendData    stm32f10x_usart.o
    0x08004a6a   0x08004a6a   0x00000002   PAD
    0x08004a6c   0x08004a6c   0x00000028   Code   RO         5095    i.Uart1_SendStr     usart.o
    0x08004a94   0x08004a94   0x0000005c   Code   RO         3625    i.Upload_Receive_Data_STM32  deal_with.o
    0x08004af0   0x08004af0   0x00000064   Code   RO         3626    i.Upload_Receive_Data_wechat  deal_with.o
    0x08004b54   0x08004b54   0x00000004   Code   RO         3566    i.UsageFault_Handler  stm32f10x_it.o
    0x08004b58   0x08004b58   0x00000054   Code   RO         5497    i.Write_IIC_Byte    oled.o
    0x08004bac   0x08004bac   0x0000002c   Code   RO         5498    i.Write_IIC_Command  oled.o
    0x08004bd8   0x08004bd8   0x0000002c   Code   RO         5499    i.Write_IIC_Data    oled.o
    0x08004c04   0x08004c04   0x00000020   Code   RO         6257    i.__0printf         mc_w.l(printfa.o)
    0x08004c24   0x08004c24   0x0000002c   Code   RO         6262    i.__0vsnprintf      mc_w.l(printfa.o)
    0x08004c50   0x08004c50   0x00000028   Code   RO         6335    i.__ARM_fpclassify  m_ws.l(fpclassify.o)
    0x08004c78   0x08004c78   0x000000aa   Code   RO         6337    i.__kernel_poly     m_ws.l(poly.o)
    0x08004d22   0x08004d22   0x00000002   PAD
    0x08004d24   0x08004d24   0x00000010   Code   RO         6321    i.__mathlib_dbl_divzero  m_ws.l(dunder.o)
    0x08004d34   0x08004d34   0x00000004   Code   RO         6323    i.__mathlib_dbl_infnan2  m_ws.l(dunder.o)
    0x08004d38   0x08004d38   0x0000000c   Code   RO         6324    i.__mathlib_dbl_invalid  m_ws.l(dunder.o)
    0x08004d44   0x08004d44   0x0000000e   Code   RO         6325    i.__mathlib_dbl_overflow  m_ws.l(dunder.o)
    0x08004d52   0x08004d52   0x00000002   PAD
    0x08004d54   0x08004d54   0x00000010   Code   RO         6327    i.__mathlib_dbl_underflow  m_ws.l(dunder.o)
    0x08004d64   0x08004d64   0x0000004c   Code   RO         4311    i.__rt_ffs          kservice.o
    0x08004db0   0x08004db0   0x0000000e   Code   RO         6407    i.__scatterload_copy  mc_w.l(handlers.o)
    0x08004dbe   0x08004dbe   0x00000002   Code   RO         6408    i.__scatterload_null  mc_w.l(handlers.o)
    0x08004dc0   0x08004dc0   0x0000000e   Code   RO         6409    i.__scatterload_zeroinit  mc_w.l(handlers.o)
    0x08004dce   0x08004dce   0x00000002   PAD
    0x08004dd0   0x08004dd0   0x0000000c   Code   RO         6374    i.__set_errno       mc_w.l(errno.o)
    0x08004ddc   0x08004ddc   0x00000184   Code   RO         6264    i._fp_digits        mc_w.l(printfa.o)
    0x08004f60   0x08004f60   0x00000014   Code   RO         3972    i._has_defunct_thread  idle.o
    0x08004f74   0x08004f74   0x000006dc   Code   RO         6265    i._printf_core      mc_w.l(printfa.o)
    0x08005650   0x08005650   0x00000024   Code   RO         6266    i._printf_post_padding  mc_w.l(printfa.o)
    0x08005674   0x08005674   0x0000002e   Code   RO         6267    i._printf_pre_padding  mc_w.l(printfa.o)
    0x080056a2   0x080056a2   0x00000002   PAD
    0x080056a4   0x080056a4   0x00000084   Code   RO         4754    i._rt_thread_init   thread.o
    0x08005728   0x08005728   0x00000042   Code   RO         4869    i._rt_timer_init    timer.o
    0x0800576a   0x0800576a   0x0000002e   Code   RO         4870    i._rt_timer_remove  timer.o
    0x08005798   0x08005798   0x00000016   Code   RO         6268    i._snputc           mc_w.l(printfa.o)
    0x080057ae   0x080057ae   0x00000002   PAD
    0x080057b0   0x080057b0   0x0000002c   Code   RO         3312    i.communication_thread_entry  main.o
    0x080057dc   0x080057dc   0x0000005c   Code   RO         3628    i.deal_with         deal_with.o
    0x08005838   0x08005838   0x00000054   Code   RO         5013    i.delay_init        delay.o
    0x0800588c   0x0800588c   0x00000050   Code   RO         5014    i.delay_ms          delay.o
    0x080058dc   0x080058dc   0x00000008   Code   RO         5015    i.delay_osschedlock  delay.o
    0x080058e4   0x080058e4   0x00000008   Code   RO         5016    i.delay_osschedunlock  delay.o
    0x080058ec   0x080058ec   0x0000000c   Code   RO         5017    i.delay_ostimedly   delay.o
    0x080058f8   0x080058f8   0x00000018   Code   RO         5018    i.delay_s           delay.o
    0x08005910   0x08005910   0x00000058   Code   RO         5019    i.delay_us          delay.o
    0x08005968   0x08005968   0x0000001c   Code   RO         5899    i.fputc             usart2.o
    0x08005984   0x08005984   0x00000154   Code   RO         3313    i.main              main.o
    0x08005ad8   0x08005ad8   0x0000000e   Code   RO         3899    i.main_thread_entry  components.o
    0x08005ae6   0x08005ae6   0x00000016   Code   RO         5501    i.oled_pow          oled.o
    0x08005afc   0x08005afc   0x00000024   Code   RO         5234    i.perform_DeleteAllFace  hlk_tx510.o
    0x08005b20   0x08005b20   0x00000024   Code   RO         5235    i.perform_DeleteFace  hlk_tx510.o
    0x08005b44   0x08005b44   0x00000024   Code   RO         5236    i.perform_EnrollFace  hlk_tx510.o
    0x08005b68   0x08005b68   0x00000024   Code   RO         5237    i.perform_IdentifyFace  hlk_tx510.o
    0x08005b8c   0x08005b8c   0x00000078   Code   RO         4492    i.plug_holes        mem.o
    0x08005c04   0x08005c04   0x000009d8   Code   RO         6000    i.pow               m_ws.l(pow.o)
    0x080065dc   0x080065dc   0x00000110   Code   RO         3629    i.printf_myself     deal_with.o
    0x080066ec   0x080066ec   0x0000001c   Code   RO         3314    i.recognition_thread_entry  main.o
    0x08006708   0x08006708   0x0000002c   Code   RO         3900    i.rt_application_init  components.o
    0x08006734   0x08006734   0x0000001c   Code   RO         3901    i.rt_components_board_init  components.o
    0x08006750   0x08006750   0x0000001c   Code   RO         3902    i.rt_components_init  components.o
    0x0800676c   0x0800676c   0x00000020   Code   RO         4673    i.rt_enter_critical  scheduler.o
    0x0800678c   0x0800678c   0x0000003c   Code   RO         4674    i.rt_exit_critical  scheduler.o
    0x080067c8   0x080067c8   0x000000e0   Code   RO         4494    i.rt_free           mem.o
    0x080068a8   0x080068a8   0x00000008   Code   RO         3109    i.rt_heap_begin_get  board.o
    0x080068b0   0x080068b0   0x00000008   Code   RO         3110    i.rt_heap_end_get   board.o
    0x080068b8   0x080068b8   0x0000007c   Code   RO         3111    i.rt_hw_board_init  board.o
    0x08006934   0x08006934   0x00000050   Code   RO         3112    i.rt_hw_console_output  board.o
    0x08006984   0x08006984   0x00000200   Code   RO         4978    i.rt_hw_hard_fault_exception  cpuport.o
    0x08006b84   0x08006b84   0x0000004c   Code   RO         4979    i.rt_hw_stack_init  cpuport.o
    0x08006bd0   0x08006bd0   0x00000020   Code   RO         4284    i.rt_interrupt_enter  irq.o
    0x08006bf0   0x08006bf0   0x00000020   Code   RO         4286    i.rt_interrupt_leave  irq.o
    0x08006c10   0x08006c10   0x00000014   Code   RO         4019    i.rt_ipc_list_resume  ipc.o
    0x08006c24   0x08006c24   0x0000006c   Code   RO         4021    i.rt_ipc_list_suspend  ipc.o
    0x08006c90   0x08006c90   0x00000010   Code   RO         4022    i.rt_ipc_object_init  ipc.o
    0x08006ca0   0x08006ca0   0x00000030   Code   RO         4317    i.rt_kprintf        kservice.o
    0x08006cd0   0x08006cd0   0x00000006   Code   RO         4023    i.rt_list_init      ipc.o
    0x08006cd6   0x08006cd6   0x00000006   Code   RO         4675    i.rt_list_init      scheduler.o
    0x08006cdc   0x08006cdc   0x00000006   Code   RO         4871    i.rt_list_init      timer.o
    0x08006ce2   0x08006ce2   0x0000000e   Code   RO         4603    i.rt_list_insert_after  object.o
    0x08006cf0   0x08006cf0   0x0000000e   Code   RO         4755    i.rt_list_insert_after  thread.o
    0x08006cfe   0x08006cfe   0x0000000e   Code   RO         4872    i.rt_list_insert_after  timer.o
    0x08006d0c   0x08006d0c   0x0000000e   Code   RO         4024    i.rt_list_insert_before  ipc.o
    0x08006d1a   0x08006d1a   0x00000010   Code   RO         4025    i.rt_list_isempty   ipc.o
    0x08006d2a   0x08006d2a   0x00000010   Code   RO         4873    i.rt_list_isempty   timer.o
    0x08006d3a   0x08006d3a   0x00000012   Code   RO         4604    i.rt_list_remove    object.o
    0x08006d4c   0x08006d4c   0x00000012   Code   RO         4756    i.rt_list_remove    thread.o
    0x08006d5e   0x08006d5e   0x00000002   PAD
    0x08006d60   0x08006d60   0x0000016c   Code   RO         4495    i.rt_malloc         mem.o
    0x08006ecc   0x08006ecc   0x00000014   Code   RO         4323    i.rt_memset         kservice.o
    0x08006ee0   0x08006ee0   0x0000004a   Code   RO         4605    i.rt_object_allocate  object.o
    0x08006f2a   0x08006f2a   0x00000020   Code   RO         4606    i.rt_object_delete  object.o
    0x08006f4a   0x08006f4a   0x0000001a   Code   RO         4607    i.rt_object_detach  object.o
    0x08006f64   0x08006f64   0x00000028   Code   RO         4609    i.rt_object_get_information  object.o
    0x08006f8c   0x08006f8c   0x0000003c   Code   RO         4610    i.rt_object_init    object.o
    0x08006fc8   0x08006fc8   0x00000012   Code   RO         4611    i.rt_object_is_systemobject  object.o
    0x08006fda   0x08006fda   0x00000002   PAD
    0x08006fdc   0x08006fdc   0x00000090   Code   RO         4676    i.rt_schedule       scheduler.o
    0x0800706c   0x0800706c   0x00000050   Code   RO         4677    i.rt_schedule_insert_thread  scheduler.o
    0x080070bc   0x080070bc   0x00000054   Code   RO         4678    i.rt_schedule_remove_thread  scheduler.o
    0x08007110   0x08007110   0x0000002a   Code   RO         4050    i.rt_sem_create     ipc.o
    0x0800713a   0x0800713a   0x00000026   Code   RO         4053    i.rt_sem_init       ipc.o
    0x08007160   0x08007160   0x0000003a   Code   RO         4054    i.rt_sem_release    ipc.o
    0x0800719a   0x0800719a   0x00000074   Code   RO         4055    i.rt_sem_take       ipc.o
    0x0800720e   0x0800720e   0x00000002   PAD
    0x08007210   0x08007210   0x000000b0   Code   RO         4325    i.rt_show_version   kservice.o
    0x080072c0   0x080072c0   0x00000034   Code   RO         4333    i.rt_strncpy        kservice.o
    0x080072f4   0x080072f4   0x000000f8   Code   RO         4498    i.rt_system_heap_init  mem.o
    0x080073ec   0x080073ec   0x0000004c   Code   RO         4679    i.rt_system_scheduler_init  scheduler.o
    0x08007438   0x08007438   0x00000030   Code   RO         4680    i.rt_system_scheduler_start  scheduler.o
    0x08007468   0x08007468   0x0000001c   Code   RO         4874    i.rt_system_timer_init  timer.o
    0x08007484   0x08007484   0x00000002   Code   RO         4875    i.rt_system_timer_thread_init  timer.o
    0x08007486   0x08007486   0x00000050   Code   RO         4758    i.rt_thread_create  thread.o
    0x080074d6   0x080074d6   0x0000000c   Code   RO         4759    i.rt_thread_delay   thread.o
    0x080074e2   0x080074e2   0x00000002   PAD
    0x080074e4   0x080074e4   0x00000054   Code   RO         4762    i.rt_thread_exit    thread.o
    0x08007538   0x08007538   0x00000008   Code   RO         3973    i.rt_thread_idle_entry  idle.o
    0x08007540   0x08007540   0x00000084   Code   RO         3974    i.rt_thread_idle_excute  idle.o
    0x080075c4   0x080075c4   0x0000003c   Code   RO         3976    i.rt_thread_idle_init  idle.o
    0x08007600   0x08007600   0x00000034   Code   RO         4764    i.rt_thread_init    thread.o
    0x08007634   0x08007634   0x0000003c   Code   RO         4765    i.rt_thread_resume  thread.o
    0x08007670   0x08007670   0x0000000c   Code   RO         4766    i.rt_thread_self    thread.o
    0x0800767c   0x0800767c   0x00000044   Code   RO         4767    i.rt_thread_sleep   thread.o
    0x080076c0   0x080076c0   0x0000002c   Code   RO         4768    i.rt_thread_startup  thread.o
    0x080076ec   0x080076ec   0x00000044   Code   RO         4769    i.rt_thread_suspend  thread.o
    0x08007730   0x08007730   0x00000020   Code   RO         4770    i.rt_thread_timeout  thread.o
    0x08007750   0x08007750   0x00000064   Code   RO         4771    i.rt_thread_yield   thread.o
    0x080077b4   0x080077b4   0x0000000c   Code   RO         3856    i.rt_tick_get       clock.o
    0x080077c0   0x080077c0   0x00000030   Code   RO         3857    i.rt_tick_increase  clock.o
    0x080077f0   0x080077f0   0x0000007c   Code   RO         4876    i.rt_timer_check    timer.o
    0x0800786c   0x0800786c   0x00000038   Code   RO         4877    i.rt_timer_control  timer.o
    0x080078a4   0x080078a4   0x00000020   Code   RO         4880    i.rt_timer_detach   timer.o
    0x080078c4   0x080078c4   0x0000002e   Code   RO         4881    i.rt_timer_init     timer.o
    0x080078f2   0x080078f2   0x00000002   PAD
    0x080078f4   0x080078f4   0x000000f8   Code   RO         4884    i.rt_timer_start    timer.o
    0x080079ec   0x080079ec   0x00000030   Code   RO         4885    i.rt_timer_stop     timer.o
    0x08007a1c   0x08007a1c   0x00000004   Code   RO         3903    i.rti_board_end     components.o
    0x08007a20   0x08007a20   0x00000004   Code   RO         3904    i.rti_board_start   components.o
    0x08007a24   0x08007a24   0x00000004   Code   RO         3905    i.rti_end           components.o
    0x08007a28   0x08007a28   0x00000004   Code   RO         3906    i.rti_start         components.o
    0x08007a2c   0x08007a2c   0x0000002a   Code   RO         3907    i.rtthread_startup  components.o
    0x08007a56   0x08007a56   0x00000002   PAD
    0x08007a58   0x08007a58   0x00000024   Code   RO         3315    i.sensor_thread_entry  main.o
    0x08007a7c   0x08007a7c   0x0000004c   Code   RO         6341    i.sqrt              m_ws.l(sqrt.o)
    0x08007ac8   0x08007ac8   0x000000a8   Code   RO         5900    i.uart2_init        usart2.o
    0x08007b70   0x08007b70   0x000000c0   Code   RO         5822    i.uart4_init        uart4.o
    0x08007c30   0x08007c30   0x000000a0   Code   RO         5096    i.uart_init         usart.o
    0x08007cd0   0x08007cd0   0x00000122   Data   RO         4340    .constdata          kservice.o
    0x08007df2   0x08007df2   0x00000818   Data   RO         5503    .constdata          oled.o
    0x0800860a   0x0800860a   0x00000006   PAD
    0x08008610   0x08008610   0x00000088   Data   RO         6001    .constdata          m_ws.l(pow.o)
    0x08008698   0x08008698   0x00000008   Data   RO         6339    .constdata          m_ws.l(qnan.o)
    0x080086a0   0x080086a0   0x00000040   Data   RO         6403    .constdata          mc_w.l(ctype_c.o)
    0x080086e0   0x080086e0   0x00000504   Data   RO         5350    .conststring        ml302.o
    0x08008be4   0x08008be4   0x00000004   Data   RO         3908    .rti_fn.0           components.o
    0x08008be8   0x08008be8   0x00000004   Data   RO         3909    .rti_fn.0.end       components.o
    0x08008bec   0x08008bec   0x00000004   Data   RO         3910    .rti_fn.1.end       components.o
    0x08008bf0   0x08008bf0   0x00000004   Data   RO         3911    .rti_fn.6.end       components.o
    0x08008bf4   0x08008bf4   0x00000020   Data   RO         6405    Region$$Table       anon$$obj.o


    Execution Region RW_IRAM1 (Exec base: 0x20000000, Load base: 0x08008c14, Size: 0x00002700, Max: 0x00010000, ABSOLUTE, COMPRESSED[0x000000c0])

    Exec Addr    Load Addr    Size         Type   Attr      Idx    E Section Name        Object

    0x20000000   COMPRESSED   0x00000014   Data   RW           28    .data               system_stm32f10x.o
    0x20000014   COMPRESSED   0x00000014   Data   RW         1738    .data               stm32f10x_rcc.o
    0x20000028   COMPRESSED   0x00000018   Data   RW         3316    .data               main.o
    0x20000040   COMPRESSED   0x000000b9   Data   RW         3630    .data               deal_with.o
    0x200000f9   COMPRESSED   0x00000003   PAD
    0x200000fc   COMPRESSED   0x00000004   Data   RW         3859    .data               clock.o
    0x20000100   COMPRESSED   0x00000001   Data   RW         4287    .data               irq.o
    0x20000101   COMPRESSED   0x00000003   PAD
    0x20000104   COMPRESSED   0x00000018   Data   RW         4500    .data               mem.o
    0x2000011c   COMPRESSED   0x00000080   Data   RW         4613    .data               object.o
    0x2000019c   COMPRESSED   0x00000018   Data   RW         4682    .data               scheduler.o
    0x200001b4   COMPRESSED   0x0000000c   Data   RW         4886    .data               timer.o
    0x200001c0   COMPRESSED   0x00000010   Data   RW         4980    .data               cpuport.o
    0x200001d0   COMPRESSED   0x00000005   Data   RW         5020    .data               delay.o
    0x200001d5   COMPRESSED   0x00000001   PAD
    0x200001d6   COMPRESSED   0x00000002   Data   RW         5098    .data               usart.o
    0x200001d8   COMPRESSED   0x00000001   Data   RW         5160    .data               gp2y10_adc.o
    0x200001d9   COMPRESSED   0x00000084   Data   RW         5239    .data               hlk_tx510.o
    0x2000025d   COMPRESSED   0x00000003   PAD
    0x20000260   COMPRESSED   0x00000049   Data   RW         5351    .data               ml302.o
    0x200002a9   COMPRESSED   0x00000003   PAD
    0x200002ac   COMPRESSED   0x00000008   Data   RW         5445    .data               mq2_adc.o
    0x200002b4   COMPRESSED   0x00000001   Data   RW         5825    .data               uart4.o
    0x200002b5   COMPRESSED   0x00000003   PAD
    0x200002b8   COMPRESSED   0x00000006   Data   RW         5902    .data               usart2.o
    0x200002be   COMPRESSED   0x00000002   PAD
    0x200002c0   COMPRESSED   0x00000004   Data   RW         6375    .data               mc_w.l(errno.o)
    0x200002c4        -       0x00001000   Zero   RW         3113    .bss                board.o
    0x200012c4        -       0x00000180   Zero   RW         3977    .bss                idle.o
    0x20001444        -       0x00000080   Zero   RW         4339    .bss                kservice.o
    0x200014c4        -       0x00000020   Zero   RW         4499    .bss                mem.o
    0x200014e4        -       0x00000040   Zero   RW         4681    .bss                scheduler.o
    0x20001524        -       0x000000c8   Zero   RW         5097    .bss                usart.o
    0x200015ec        -       0x00000028   Zero   RW         5159    .bss                gp2y10_adc.o
    0x20001614        -       0x0000053c   Zero   RW         5202    .bss                hlk_ld2410c.o
    0x20001b50        -       0x0000006c   Zero   RW         5238    .bss                hlk_tx510.o
    0x20001bbc        -       0x00000016   Zero   RW         5349    .bss                ml302.o
    0x20001bd2   COMPRESSED   0x00000006   PAD
    0x20001bd8        -       0x00000668   Zero   RW         5824    .bss                uart4.o
    0x20002240        -       0x000000b9   Zero   RW         5901    .bss                usart2.o
    0x200022f9   COMPRESSED   0x00000007   PAD
    0x20002300        -       0x00000400   Zero   RW            1    STACK               startup_stm32f10x_hd.o



  Load Region LR$$.ARM.__AT_0x68000000 (Base: 0x68000000, Size: 0x00000000, Max: 0x000f0000, ABSOLUTE)

    Execution Region ER$$.ARM.__AT_0x68000000 (Exec base: 0x68000000, Load base: 0x68000000, Size: 0x000f0000, Max: 0x000f0000, ABSOLUTE, UNINIT)

    Exec Addr    Load Addr    Size         Type   Attr      Idx    E Section Name        Object

    0x68000000        -       0x000f0000   Zero   RW         3763    .ARM.__AT_0x68000000  malloc.o



  Load Region LR$$.ARM.__AT_0x680F0000 (Base: 0x680f0000, Size: 0x00000000, Max: 0x0000f000, ABSOLUTE)

    Execution Region ER$$.ARM.__AT_0x680F0000 (Exec base: 0x680f0000, Load base: 0x680f0000, Size: 0x0000f000, Max: 0x0000f000, ABSOLUTE, UNINIT)

    Exec Addr    Load Addr    Size         Type   Attr      Idx    E Section Name        Object

    0x680f0000        -       0x0000f000   Zero   RW         3764    .ARM.__AT_0x680F0000  malloc.o


==============================================================================

Image component sizes


      Code (inc. data)   RO Data    RW Data    ZI Data      Debug   Object Name

       236         28          0          0       4096      24301   board.o
        60         12          0          4          0       1113   clock.o
       186         28         16          0          0       5412   components.o
       240         26          0          0          0        764   context_rvds.o
         0          0          0          0          0       4508   core_cm3.o
       588        328          0         16          0       3102   cpuport.o
      1278        234          0        185          0       7359   deal_with.o
       304         26          0          5          0       3765   delay.o
       122          0          0          0          0       1371   generaltim.o
       556         54          0          1         40       4032   gp2y10_adc.o
       164         10          0          0       1340       1694   hlk_ld2410c.o
       796         84          0        132        108       9312   hlk_tx510.o
       220         30          0          0        384       4814   idle.o
       434          0          0          0          0       8101   ipc.o
        64         12          0          1          0       1474   irq.o
       198          8          0          0          0       1042   key_exti.o
       372        148        290          0        128       5169   kservice.o
        96          6          0          0          0        510   led_test.o
       448        154          0         24          0       7938   main.o
         0          0          0          0    1044480       1541   malloc.o
       956        224          0         24         32       3708   mem.o
       172         22          0          0          0       2177   misc.o
      4336       1088       1284         73         22       8586   ml302.o
       522         66          0          8          0       2544   mq2_adc.o
       282          4          0        128          0       7396   object.o
      1338         32       2072          0          0       9790   oled.o
       530         88          0         24         64       7566   scheduler.o
       776         86          0          0          0       6450   sgp30.o
       886         86          0          0          0       5840   sht30.o
        36          8        304          0       1024        852   startup_stm32f10x_hd.o
       492         24          0          0          0       9486   stm32f10x_adc.o
       200         18          0          0          0       2232   stm32f10x_exti.o
       368          4          0          0          0       4446   stm32f10x_gpio.o
       258         30          0          0          0       3915   stm32f10x_it.o
        68         30          0          0          0       2602   stm32f10x_iwdg.o
       364         50          0         20          0       6311   stm32f10x_rcc.o
       252         42          0          0          0       4286   stm32f10x_tim.o
       598         28          0          0          0       7036   stm32f10x_usart.o
       328         28          0         20          0     261981   system_stm32f10x.o
       776         36          0          0          0      10795   thread.o
       732         20          0         12          0      10096   timer.o
       136         12          0          0          0       1074   timer_mq2.o
       392         36          0          1       1640       1959   uart4.o
       254         20          0          0          0       1534   uart5.o
       344         28          0          2        200       2264   usart.o
       352         44          0          6        185       4389   usart2.o
       344         28          0          0          0       3220   usart3.o
        44          0          0          0          0        948   wdg.o

    ----------------------------------------------------------------------
     22526       3370       4004        704    1053756     490805   Object Totals
         0          0         32          0          0          0   (incl. Generated)
        28          0          6         18         13          0   (incl. Padding)

    ----------------------------------------------------------------------

      Code (inc. data)   RO Data    RW Data    ZI Data      Debug   Library Member Name

        62         10          0          0          0        340   dunder.o
        40          0          0          0          0         68   fpclassify.o
       170          0          0          0          0         96   poly.o
      2520        190        136          0          0        324   pow.o
         0          0          8          0          0          0   qnan.o
        76          0          0          0          0         84   sqrt.o
        56          8          0          0          0         84   __0sscanf.o
        86          0          0          0          0          0   __dczerorl2.o
       812          4          0          0          0        112   _scanf.o
       224          0          0          0          0         96   _scanf_str.o
        64          0          0          0          0         84   _sgetc.o
        40          6         64          0          0         68   ctype_c.o
         0          0          0          0          0          0   entry.o
         0          0          0          0          0          0   entry10a.o
         0          0          0          0          0          0   entry11a.o
         8          4          0          0          0          0   entry2.o
         4          0          0          0          0          0   entry5.o
         0          0          0          0          0          0   entry7b.o
         0          0          0          0          0          0   entry8b.o
         8          4          0          0          0          0   entry9a.o
        12          6          0          4          0         68   errno.o
        30          0          0          0          0          0   handlers.o
        36          8          0          0          0         68   init.o
        10          0          0          0          0         68   isspace_c.o
         0          0          0          0          0          0   iusefp.o
        30          0          0          0          0         68   llshl.o
        36          0          0          0          0         68   llsshr.o
        32          0          0          0          0         68   llushr.o
        36          0          0          0          0         68   memcpya.o
        36          0          0          0          0        108   memseta.o
      2324         94          0          0          0        600   printfa.o
        40          8          0          0          0         84   scanf_char.o
        28          0          0          0          0         76   strcmp.o
        14          0          0          0          0         68   strlen.o
        36          0          0          0          0         80   strstr.o
        44          0          0          0          0         80   uidiv.o
        98          0          0          0          0         92   uldiv.o
        48          0          0          0          0         68   cdrcmple.o
        20          0          0          0          0         68   cfcmple.o
        20          0          0          0          0         68   cfrcmple.o
        56          0          0          0          0         88   d2f.o
       334          0          0          0          0        148   dadd.o
       222          0          0          0          0        100   ddiv.o
       186          0          0          0          0        176   depilogue.o
        62          0          0          0          0         80   dfixi.o
        48          0          0          0          0         68   dfixul.o
        34          0          0          0          0         76   dflti.o
       228          0          0          0          0         96   dmul.o
        46          0          0          0          0         80   dscalb.o
       162          0          0          0          0        100   dsqrt.o
        38          0          0          0          0         68   f2d.o
       176          0          0          0          0        140   fadd.o
       124          0          0          0          0         88   fdiv.o
       110          0          0          0          0        168   fepilogue.o
        50          0          0          0          0         68   ffixi.o
        18          0          0          0          0         68   fflti.o
        10          0          0          0          0         68   ffltui.o
       100          0          0          0          0         76   fmul.o

    ----------------------------------------------------------------------
      9122        342        208          4          0       4980   Library Totals
        18          0          0          0          0          0   (incl. Padding)

    ----------------------------------------------------------------------

      Code (inc. data)   RO Data    RW Data    ZI Data      Debug   Library Name

      2868        200        144          0          0        912   m_ws.l
      4144        142         64          4          0       2108   mc_w.l
      2092          0          0          0          0       1960   mf_w.l

    ----------------------------------------------------------------------
      9122        342        208          4          0       4980   Library Totals

    ----------------------------------------------------------------------

==============================================================================


      Code (inc. data)   RO Data    RW Data    ZI Data      Debug   

     31648       3712       4212        708    1053756     479377   Grand Totals
     31648       3712       4212        192    1053756     479377   ELF Image Totals (compressed)
     31648       3712       4212        192          0          0   ROM Totals

==============================================================================

    Total RO  Size (Code + RO Data)                35860 (  35.02kB)
    Total RW  Size (RW Data + ZI Data)           1054464 (1029.75kB)
    Total ROM Size (Code + RO Data + RW Data)      36052 (  35.21kB)

==============================================================================

