Component: ARM Compiler 5.06 update 6 (build 750) Tool: armlink [4d35ed]

==============================================================================

Section Cross References

    startup_stm32f10x_hd.o(RESET) refers to startup_stm32f10x_hd.o(STACK) for __initial_sp
    startup_stm32f10x_hd.o(RESET) refers to startup_stm32f10x_hd.o(.text) for Reset_Handler
    startup_stm32f10x_hd.o(RESET) refers to stm32f10x_it.o(i.NMI_Handler) for NMI_Handler
    startup_stm32f10x_hd.o(RESET) refers to stm32f10x_it.o(i.HardFault_Handler) for HardFault_Handler
    startup_stm32f10x_hd.o(RESET) refers to stm32f10x_it.o(i.MemManage_Handler) for MemManage_Handler
    startup_stm32f10x_hd.o(RESET) refers to stm32f10x_it.o(i.BusFault_Handler) for BusFault_Handler
    startup_stm32f10x_hd.o(RESET) refers to stm32f10x_it.o(i.UsageFault_Handler) for UsageFault_Handler
    startup_stm32f10x_hd.o(RESET) refers to stm32f10x_it.o(i.SVC_Handler) for SVC_Handler
    startup_stm32f10x_hd.o(RESET) refers to stm32f10x_it.o(i.DebugMon_Handler) for DebugMon_Handler
    startup_stm32f10x_hd.o(RESET) refers to stm32f10x_it.o(i.PendSV_Handler) for PendSV_Handler
    startup_stm32f10x_hd.o(RESET) refers to stm32f10x_it.o(i.SysTick_Handler) for SysTick_Handler
    startup_stm32f10x_hd.o(RESET) refers to stm32f10x_it.o(i.EXTI0_IRQHandler) for EXTI0_IRQHandler
    startup_stm32f10x_hd.o(RESET) refers to usart.o(i.USART1_IRQHandler) for USART1_IRQHandler
    startup_stm32f10x_hd.o(RESET) refers to usart2.o(i.USART2_IRQHandler) for USART2_IRQHandler
    startup_stm32f10x_hd.o(RESET) refers to usart3.o(i.USART3_IRQHandler) for USART3_IRQHandler
    startup_stm32f10x_hd.o(RESET) refers to stm32f10x_it.o(i.EXTI15_10_IRQHandler) for EXTI15_10_IRQHandler
    startup_stm32f10x_hd.o(RESET) refers to uart4.o(i.UART4_IRQHandler) for UART4_IRQHandler
    startup_stm32f10x_hd.o(RESET) refers to uart5.o(i.UART5_IRQHandler) for UART5_IRQHandler
    startup_stm32f10x_hd.o(RESET) refers to timer_mq2.o(i.TIM7_IRQHandler) for TIM7_IRQHandler
    startup_stm32f10x_hd.o(.text) refers to system_stm32f10x.o(i.SystemInit) for SystemInit
    startup_stm32f10x_hd.o(.text) refers to entry.o(.ARM.Collect$$$$00000000) for __main
    system_stm32f10x.o(i.SetSysClock) refers to system_stm32f10x.o(i.SetSysClockTo72) for SetSysClockTo72
    system_stm32f10x.o(i.SystemCoreClockUpdate) refers to system_stm32f10x.o(.data) for SystemCoreClock
    system_stm32f10x.o(i.SystemInit) refers to system_stm32f10x.o(i.SetSysClock) for SetSysClock
    stm32f10x_adc.o(i.ADC_DeInit) refers to stm32f10x_rcc.o(i.RCC_APB2PeriphResetCmd) for RCC_APB2PeriphResetCmd
    stm32f10x_bkp.o(i.BKP_DeInit) refers to stm32f10x_rcc.o(i.RCC_BackupResetCmd) for RCC_BackupResetCmd
    stm32f10x_can.o(i.CAN_DeInit) refers to stm32f10x_rcc.o(i.RCC_APB1PeriphResetCmd) for RCC_APB1PeriphResetCmd
    stm32f10x_can.o(i.CAN_GetITStatus) refers to stm32f10x_can.o(i.CheckITStatus) for CheckITStatus
    stm32f10x_cec.o(i.CEC_DeInit) refers to stm32f10x_rcc.o(i.RCC_APB1PeriphResetCmd) for RCC_APB1PeriphResetCmd
    stm32f10x_dac.o(i.DAC_DeInit) refers to stm32f10x_rcc.o(i.RCC_APB1PeriphResetCmd) for RCC_APB1PeriphResetCmd
    stm32f10x_flash.o(i.FLASH_EnableWriteProtection) refers to stm32f10x_flash.o(i.FLASH_WaitForLastOperation) for FLASH_WaitForLastOperation
    stm32f10x_flash.o(i.FLASH_EraseAllBank1Pages) refers to stm32f10x_flash.o(i.FLASH_WaitForLastBank1Operation) for FLASH_WaitForLastBank1Operation
    stm32f10x_flash.o(i.FLASH_EraseAllPages) refers to stm32f10x_flash.o(i.FLASH_WaitForLastOperation) for FLASH_WaitForLastOperation
    stm32f10x_flash.o(i.FLASH_EraseOptionBytes) refers to stm32f10x_flash.o(i.FLASH_GetReadOutProtectionStatus) for FLASH_GetReadOutProtectionStatus
    stm32f10x_flash.o(i.FLASH_EraseOptionBytes) refers to stm32f10x_flash.o(i.FLASH_WaitForLastOperation) for FLASH_WaitForLastOperation
    stm32f10x_flash.o(i.FLASH_ErasePage) refers to stm32f10x_flash.o(i.FLASH_WaitForLastOperation) for FLASH_WaitForLastOperation
    stm32f10x_flash.o(i.FLASH_ProgramHalfWord) refers to stm32f10x_flash.o(i.FLASH_WaitForLastOperation) for FLASH_WaitForLastOperation
    stm32f10x_flash.o(i.FLASH_ProgramOptionByteData) refers to stm32f10x_flash.o(i.FLASH_WaitForLastOperation) for FLASH_WaitForLastOperation
    stm32f10x_flash.o(i.FLASH_ProgramWord) refers to stm32f10x_flash.o(i.FLASH_WaitForLastOperation) for FLASH_WaitForLastOperation
    stm32f10x_flash.o(i.FLASH_ReadOutProtection) refers to stm32f10x_flash.o(i.FLASH_WaitForLastOperation) for FLASH_WaitForLastOperation
    stm32f10x_flash.o(i.FLASH_UserOptionByteConfig) refers to stm32f10x_flash.o(i.FLASH_WaitForLastOperation) for FLASH_WaitForLastOperation
    stm32f10x_flash.o(i.FLASH_WaitForLastBank1Operation) refers to stm32f10x_flash.o(i.FLASH_GetBank1Status) for FLASH_GetBank1Status
    stm32f10x_flash.o(i.FLASH_WaitForLastOperation) refers to stm32f10x_flash.o(i.FLASH_GetBank1Status) for FLASH_GetBank1Status
[...]
    i.USART3_Init                            0x08004f8c   Section        0  usart3.o(i.USART3_Init)
    i.USART3_NVIC_Configuration              0x08004fa4   Section        0  usart3.o(i.USART3_NVIC_Configuration)
    USART3_NVIC_Configuration                0x08004fa5   Thumb Code    36  usart3.o(i.USART3_NVIC_Configuration)
    i.USART3_RCC_Configuration               0x08004fcc   Section        0  usart3.o(i.USART3_RCC_Configuration)
    USART3_RCC_Configuration                 0x08004fcd   Thumb Code    20  usart3.o(i.USART3_RCC_Configuration)
    i.USART_Cmd                              0x08004fe0   Section        0  stm32f10x_usart.o(i.USART_Cmd)
    i.USART_DeInit                           0x08004ff8   Section        0  stm32f10x_usart.o(i.USART_DeInit)
    i.USART_GetITStatus                      0x08005094   Section        0  stm32f10x_usart.o(i.USART_GetITStatus)
    i.USART_ITConfig                         0x080050e8   Section        0  stm32f10x_usart.o(i.USART_ITConfig)
    i.USART_Init                             0x08005134   Section        0  stm32f10x_usart.o(i.USART_Init)
    i.USART_ReceiveData                      0x0800520c   Section        0  stm32f10x_usart.o(i.USART_ReceiveData)
    i.USART_SendData                         0x08005216   Section        0  stm32f10x_usart.o(i.USART_SendData)
    i.Uart1_SendStr                          0x08005220   Section        0  usart.o(i.Uart1_SendStr)
    i.UsageFault_Handler                     0x08005248   Section        0  stm32f10x_it.o(i.UsageFault_Handler)
    i.__0printf                              0x0800524c   Section        0  printfa.o(i.__0printf)
    i.__0sprintf                             0x0800526c   Section        0  printfa.o(i.__0sprintf)
    i.__ARM_fpclassify                       0x08005294   Section        0  fpclassify.o(i.__ARM_fpclassify)
    i.__kernel_poly                          0x080052bc   Section        0  poly.o(i.__kernel_poly)
    i.__mathlib_dbl_divzero                  0x08005368   Section        0  dunder.o(i.__mathlib_dbl_divzero)
    i.__mathlib_dbl_infnan2                  0x08005378   Section        0  dunder.o(i.__mathlib_dbl_infnan2)
    i.__mathlib_dbl_invalid                  0x0800537c   Section        0  dunder.o(i.__mathlib_dbl_invalid)
    i.__mathlib_dbl_overflow                 0x08005388   Section        0  dunder.o(i.__mathlib_dbl_overflow)
    i.__mathlib_dbl_underflow                0x08005398   Section        0  dunder.o(i.__mathlib_dbl_underflow)
    i.__read_errno                           0x080053a8   Section        0  errno.o(i.__read_errno)
    i.__scatterload_copy                     0x080053b4   Section       14  handlers.o(i.__scatterload_copy)
    i.__scatterload_null                     0x080053c2   Section        2  handlers.o(i.__scatterload_null)
    i.__scatterload_zeroinit                 0x080053c4   Section       14  handlers.o(i.__scatterload_zeroinit)
    i.__set_errno                            0x080053d4   Section        0  errno.o(i.__set_errno)
    i._fp_digits                             0x080053e0   Section        0  printfa.o(i._fp_digits)
    _fp_digits                               0x080053e1   Thumb Code   366  printfa.o(i._fp_digits)
    i._is_digit                              0x08005564   Section        0  scanf_fp.o(i._is_digit)
    i._printf_core                           0x08005574   Section        0  printfa.o(i._printf_core)
    _printf_core                             0x08005575   Thumb Code  1744  printfa.o(i._printf_core)
    i._printf_post_padding                   0x08005c50   Section        0  printfa.o(i._printf_post_padding)
    _printf_post_padding                     0x08005c51   Thumb Code    36  printfa.o(i._printf_post_padding)
    i._printf_pre_padding                    0x08005c74   Section        0  printfa.o(i._printf_pre_padding)
    _printf_pre_padding                      0x08005c75   Thumb Code    46  printfa.o(i._printf_pre_padding)
    i._sputc                                 0x08005ca2   Section        0  printfa.o(i._sputc)
    _sputc                                   0x08005ca3   Thumb Code    10  printfa.o(i._sputc)
    i.atof                                   0x08005cac   Section        0  atof.o(i.atof)
    i.deal_with                              0x08005cd8   Section        0  deal_with.o(i.deal_with)
    i.delay_init                             0x08005dd0   Section        0  delay.o(i.delay_init)
    i.delay_ms                               0x08005e14   Section        0  delay.o(i.delay_ms)
    i.delay_s                                0x08005e60   Section        0  delay.o(i.delay_s)
    i.delay_us                               0x08005e78   Section        0  delay.o(i.delay_us)
    i.fputc                                  0x08005ec4   Section        0  usart2.o(i.fputc)
    i.main                                   0x08005ee0   Section        0  main.o(i.main)
    i.oled_pow                               0x08005f2a   Section        0  oled_iic.o(i.oled_pow)
    i.pow                                    0x08005f40   Section        0  pow.o(i.pow)
    i.printf_myself                          0x08006918   Section        0  deal_with.o(i.printf_myself)
    i.sqrt                                   0x08006b8c   Section        0  sqrt.o(i.sqrt)
    i.uart2_init                             0x08006bd8   Section        0  usart2.o(i.uart2_init)
    i.uart4_init                             0x08006c80   Section        0  uart4.o(i.uart4_init)
    i.uart_init                              0x08006d40   Section        0  usart.o(i.uart_init)
    .constdata                               0x08006de0   Section     2072  oled_iic.o(.constdata)
    .constdata                               0x080075f8   Section      136  pow.o(.constdata)
    bp                                       0x080075f8   Data          16  pow.o(.constdata)
    dp_h                                     0x08007608   Data          16  pow.o(.constdata)
    dp_l                                     0x08007618   Data          16  pow.o(.constdata)
    L                                        0x08007628   Data          48  pow.o(.constdata)
    P                                        0x08007658   Data          40  pow.o(.constdata)
    .constdata                               0x08007680   Section        8  qnan.o(.constdata)
    .constdata                               0x08007688   Section       64  ctype_c.o(.constdata)
    .conststring                             0x080076c8   Section     1287  ml302.o(.conststring)
    .data                                    0x20000000   Section       20  system_stm32f10x.o(.data)
    .data                                    0x20000014   Section       20  stm32f10x_rcc.o(.data)
    APBAHBPrescTable                         0x20000014   Data          16  stm32f10x_rcc.o(.data)
    ADCPrescTable                            0x20000024   Data           4  stm32f10x_rcc.o(.data)
    .data                                    0x20000028   Section      303  deal_with.o(.data)
    .data                                    0x20000158   Section        4  delay.o(.data)
    fac_us                                   0x20000158   Data           1  delay.o(.data)
    fac_ms                                   0x2000015a   Data           2  delay.o(.data)
    .data                                    0x2000015c   Section        2  usart.o(.data)
    .data                                    0x2000015e   Section        1  uart4.o(.data)
    .data                                    0x2000015f   Section      132  hlk_tx510.o(.data)
    .data                                    0x200001e4   Section       60  ml302.o(.data)
    .data                                    0x20000220   Section        6  usart2.o(.data)
    .data                                    0x20000226   Section        1  gp2y10_adc.o(.data)
    k                                        0x20000226   Data           1  gp2y10_adc.o(.data)
    .data                                    0x20000228   Section        9  mq2_adc.o(.data)
    R0                                       0x20000228   Data           4  mq2_adc.o(.data)
    .data                                    0x20000231   Section     1888  oled_iic.o(.data)
    .data                                    0x20000994   Section        4  errno.o(.data)
    _errno                                   0x20000994   Data           4  errno.o(.data)
    .bss                                     0x20000998   Section       44  deal_with.o(.bss)
    .bss                                     0x200009c4   Section      200  usart.o(.bss)
    .bss                                     0x20000a8c   Section     1340  hlk_ld2410c.o(.bss)
    .bss                                     0x20000fc8   Section     1640  uart4.o(.bss)
    .bss                                     0x20001630   Section      108  hlk_tx510.o(.bss)
    .bss                                     0x2000169c   Section     1331  ml302.o(.bss)
    .bss                                     0x20001bcf   Section     1321  usart2.o(.bss)
    .bss                                     0x200020f8   Section       40  gp2y10_adc.o(.bss)
    buffer                                   0x200020f8   Data          40  gp2y10_adc.o(.bss)
    STACK                                    0x20002120   Section     1024  startup_stm32f10x_hd.o(STACK)

    Global Symbols

    Symbol Name                              Value     Ov Type        Size  Object(Section)

    BuildAttributes$$THM_ISAv4$P$D$K$B$S$PE$A:L22UL41UL21$X:L11$S22US41US21$IEEE1$IW$USESV6$~STKCKD$USESV7$~SHL$OTIME$ROPI$IEEEX$EBA8$MICROLIB$REQ8$PRES8$EABIv2 0x00000000   Number         0  anon$$obj.o ABSOLUTE
    __ARM_use_no_argv                        0x00000000   Number         0  main.o ABSOLUTE
    __use_no_errno                           0x00000000   Number         0  useno.o ABSOLUTE
    __use_no_exception_handling              0x00000000   Number         0  useno.o ABSOLUTE
    __use_no_fp                              0x00000000   Number         0  useno.o ABSOLUTE
    __use_no_heap                            0x00000000   Number         0  useno.o ABSOLUTE
    __use_no_heap_region                     0x00000000   Number         0  useno.o ABSOLUTE
    __use_no_semihosting                     0x00000000   Number         0  useno.o ABSOLUTE
    __use_no_semihosting_swi                 0x00000000   Number         0  useno.o ABSOLUTE
    __use_no_signal_handling                 0x00000000   Number         0  useno.o ABSOLUTE
    _printf_a                                0x00000000   Number         0  stubs.o ABSOLUTE
    _printf_c                                0x00000000   Number         0  stubs.o ABSOLUTE
    _printf_charcount                        0x00000000   Number         0  stubs.o ABSOLUTE
    _printf_d                                0x00000000   Number         0  stubs.o ABSOLUTE
    _printf_e                                0x00000000   Number         0  stubs.o ABSOLUTE
    _printf_f                                0x00000000   Number         0  stubs.o ABSOLUTE
    _printf_flags                            0x00000000   Number         0  stubs.o ABSOLUTE
    _printf_fp_dec                           0x00000000   Number         0  stubs.o ABSOLUTE
    _printf_fp_hex                           0x00000000   Number         0  stubs.o ABSOLUTE
    _printf_g                                0x00000000   Number         0  stubs.o ABSOLUTE
    _printf_i                                0x00000000   Number         0  stubs.o ABSOLUTE
    _printf_int_dec                          0x00000000   Number         0  stubs.o ABSOLUTE
    _printf_l                                0x00000000   Number         0  stubs.o ABSOLUTE
    _printf_lc                               0x00000000   Number         0  stubs.o ABSOLUTE
    _printf_ll                               0x00000000   Number         0  stubs.o ABSOLUTE
    _printf_lld                              0x00000000   Number         0  stubs.o ABSOLUTE
    _printf_lli                              0x00000000   Number         0  stubs.o ABSOLUTE
    _printf_llo                              0x00000000   Number         0  stubs.o ABSOLUTE
    _printf_llu                              0x00000000   Number         0  stubs.o ABSOLUTE
    _printf_llx                              0x00000000   Number         0  stubs.o ABSOLUTE
    _printf_longlong_dec                     0x00000000   Number         0  stubs.o ABSOLUTE
    _printf_longlong_hex                     0x00000000   Number         0  stubs.o ABSOLUTE
    _printf_longlong_oct                     0x00000000   Number         0  stubs.o ABSOLUTE
    _printf_ls                               0x00000000   Number         0  stubs.o ABSOLUTE
    _printf_mbtowc                           0x00000000   Number         0  stubs.o ABSOLUTE
    _printf_n                                0x00000000   Number         0  stubs.o ABSOLUTE
    _printf_o                                0x00000000   Number         0  stubs.o ABSOLUTE
    _printf_p                                0x00000000   Number         0  stubs.o ABSOLUTE
    _printf_percent                          0x00000000   Number         0  stubs.o ABSOLUTE
    _printf_pre_padding                      0x00000000   Number         0  stubs.o ABSOLUTE
    _printf_return_value                     0x00000000   Number         0  stubs.o ABSOLUTE
    _printf_s                                0x00000000   Number         0  stubs.o ABSOLUTE
    _printf_sizespec                         0x00000000   Number         0  stubs.o ABSOLUTE
    _printf_str                              0x00000000   Number         0  stubs.o ABSOLUTE
    _printf_truncate_signed                  0x00000000   Number         0  stubs.o ABSOLUTE
    _printf_truncate_unsigned                0x00000000   Number         0  stubs.o ABSOLUTE
    _printf_u                                0x00000000   Number         0  stubs.o ABSOLUTE
    _printf_wc                               0x00000000   Number         0  stubs.o ABSOLUTE
    _printf_wctomb                           0x00000000   Number         0  stubs.o ABSOLUTE
    _printf_widthprec                        0x00000000   Number         0  stubs.o ABSOLUTE
    _printf_x                                0x00000000   Number         0  stubs.o ABSOLUTE
    __cpp_initialize__aeabi_                  - Undefined Weak Reference
    __cxa_finalize                            - Undefined Weak Reference
    _clock_init                               - Undefined Weak Reference
    _microlib_exit                            - Undefined Weak Reference
    _scanf_int                                - Undefined Weak Reference
    _scanf_longlong                           - Undefined Weak Reference
    __Vectors_Size                           0x00000130   Number         0  startup_stm32f10x_hd.o ABSOLUTE
    __Vectors                                0x08000000   Data           4  startup_stm32f10x_hd.o(RESET)
    __Vectors_End                            0x08000130   Data           0  startup_stm32f10x_hd.o(RESET)
    __main                                   0x08000131   Thumb Code     0  entry.o(.ARM.Collect$$$$00000000)
    _main_stk                                0x08000131   Thumb Code     0  entry2.o(.ARM.Collect$$$$00000001)
    _main_scatterload                        0x08000135   Thumb Code     0  entry5.o(.ARM.Collect$$$$00000004)
    __main_after_scatterload                 0x08000139   Thumb Code     0  entry5.o(.ARM.Collect$$$$00000004)
    _main_clock                              0x08000139   Thumb Code     0  entry7b.o(.ARM.Collect$$$$00000008)
    _main_cpp_init                           0x08000139   Thumb Code     0  entry8b.o(.ARM.Collect$$$$0000000A)
    _main_init                               0x08000139   Thumb Code     0  entry9a.o(.ARM.Collect$$$$0000000B)
    __rt_final_cpp                           0x08000141   Thumb Code     0  entry10a.o(.ARM.Collect$$$$0000000D)
    __rt_final_exit                          0x08000141   Thumb Code     0  entry11a.o(.ARM.Collect$$$$0000000F)
    Reset_Handler                            0x08000145   Thumb Code     8  startup_stm32f10x_hd.o(.text)
    ADC1_2_IRQHandler                        0x0800015f   Thumb Code     0  startup_stm32f10x_hd.o(.text)
    ADC3_IRQHandler                          0x0800015f   Thumb Code     0  startup_stm32f10x_hd.o(.text)
    CAN1_RX1_IRQHandler                      0x0800015f   Thumb Code     0  startup_stm32f10x_hd.o(.text)
    CAN1_SCE_IRQHandler                      0x0800015f   Thumb Code     0  startup_stm32f10x_hd.o(.text)
    DMA1_Channel1_IRQHandler                 0x0800015f   Thumb Code     0  startup_stm32f10x_hd.o(.text)
    DMA1_Channel2_IRQHandler                 0x0800015f   Thumb Code     0  startup_stm32f10x_hd.o(.text)
    DMA1_Channel3_IRQHandler                 0x0800015f   Thumb Code     0  startup_stm32f10x_hd.o(.text)
    DMA1_Channel4_IRQHandler                 0x0800015f   Thumb Code     0  startup_stm32f10x_hd.o(.text)
    DMA1_Channel5_IRQHandler                 0x0800015f   Thumb Code     0  startup_stm32f10x_hd.o(.text)
    DMA1_Channel6_IRQHandler                 0x0800015f   Thumb Code     0  startup_stm32f10x_hd.o(.text)
    DMA1_Channel7_IRQHandler                 0x0800015f   Thumb Code     0  startup_stm32f10x_hd.o(.text)
    DMA2_Channel1_IRQHandler                 0x0800015f   Thumb Code     0  startup_stm32f10x_hd.o(.text)
    DMA2_Channel2_IRQHandler                 0x0800015f   Thumb Code     0  startup_stm32f10x_hd.o(.text)
    DMA2_Channel3_IRQHandler                 0x0800015f   Thumb Code     0  startup_stm32f10x_hd.o(.text)
    DMA2_Channel4_5_IRQHandler               0x0800015f   Thumb Code     0  startup_stm32f10x_hd.o(.text)
    EXTI1_IRQHandler                         0x0800015f   Thumb Code     0  startup_stm32f10x_hd.o(.text)
    EXTI2_IRQHandler                         0x0800015f   Thumb Code     0  startup_stm32f10x_hd.o(.text)
    EXTI3_IRQHandler                         0x0800015f   Thumb Code     0  startup_stm32f10x_hd.o(.text)
    EXTI4_IRQHandler                         0x0800015f   Thumb Code     0  startup_stm32f10x_hd.o(.text)
    EXTI9_5_IRQHandler                       0x0800015f   Thumb Code     0  startup_stm32f10x_hd.o(.text)
    FLASH_IRQHandler                         0x0800015f   Thumb Code     0  startup_stm32f10x_hd.o(.text)
    FSMC_IRQHandler                          0x0800015f   Thumb Code     0  startup_stm32f10x_hd.o(.text)
    I2C1_ER_IRQHandler                       0x0800015f   Thumb Code     0  startup_stm32f10x_hd.o(.text)
    I2C1_EV_IRQHandler                       0x0800015f   Thumb Code     0  startup_stm32f10x_hd.o(.text)
    I2C2_ER_IRQHandler                       0x0800015f   Thumb Code     0  startup_stm32f10x_hd.o(.text)
    I2C2_EV_IRQHandler                       0x0800015f   Thumb Code     0  startup_stm32f10x_hd.o(.text)
    PVD_IRQHandler                           0x0800015f   Thumb Code     0  startup_stm32f10x_hd.o(.text)
    RCC_IRQHandler                           0x0800015f   Thumb Code     0  startup_stm32f10x_hd.o(.text)
    RTCAlarm_IRQHandler                      0x0800015f   Thumb Code     0  startup_stm32f10x_hd.o(.text)
    RTC_IRQHandler                           0x0800015f   Thumb Code     0  startup_stm32f10x_hd.o(.text)
    SDIO_IRQHandler                          0x0800015f   Thumb Code     0  startup_stm32f10x_hd.o(.text)
    SPI1_IRQHandler                          0x0800015f   Thumb Code     0  startup_stm32f10x_hd.o(.text)
    SPI2_IRQHandler                          0x0800015f   Thumb Code     0  startup_stm32f10x_hd.o(.text)
    SPI3_IRQHandler                          0x0800015f   Thumb Code     0  startup_stm32f10x_hd.o(.text)
    TAMPER_IRQHandler                        0x0800015f   Thumb Code     0  startup_stm32f10x_hd.o(.text)
    TIM1_BRK_IRQHandler                      0x0800015f   Thumb Code     0  startup_stm32f10x_hd.o(.text)
    TIM1_CC_IRQHandler                       0x0800015f   Thumb Code     0  startup_stm32f10x_hd.o(.text)
    TIM1_TRG_COM_IRQHandler                  0x0800015f   Thumb Code     0  startup_stm32f10x_hd.o(.text)
    TIM1_UP_IRQHandler                       0x0800015f   Thumb Code     0  startup_stm32f10x_hd.o(.text)
    TIM2_IRQHandler                          0x0800015f   Thumb Code     0  startup_stm32f10x_hd.o(.text)
    TIM3_IRQHandler                          0x0800015f   Thumb Code     0  startup_stm32f10x_hd.o(.text)
    TIM4_IRQHandler                          0x0800015f   Thumb Code     0  startup_stm32f10x_hd.o(.text)
    TIM5_IRQHandler                          0x0800015f   Thumb Code     0  startup_stm32f10x_hd.o(.text)
    TIM6_IRQHandler                          0x0800015f   Thumb Code     0  startup_stm32f10x_hd.o(.text)
    TIM8_BRK_IRQHandler                      0x0800015f   Thumb Code     0  startup_stm32f10x_hd.o(.text)
    TIM8_CC_IRQHandler                       0x0800015f   Thumb Code     0  startup_stm32f10x_hd.o(.text)
    TIM8_TRG_COM_IRQHandler                  0x0800015f   Thumb Code     0  startup_stm32f10x_hd.o(.text)
    TIM8_UP_IRQHandler                       0x0800015f   Thumb Code     0  startup_stm32f10x_hd.o(.text)
    USBWakeUp_IRQHandler                     0x0800015f   Thumb Code     0  startup_stm32f10x_hd.o(.text)
    USB_HP_CAN1_TX_IRQHandler                0x0800015f   Thumb Code     0  startup_stm32f10x_hd.o(.text)
    USB_LP_CAN1_RX0_IRQHandler               0x0800015f   Thumb Code     0  startup_stm32f10x_hd.o(.text)
    WWDG_IRQHandler                          0x0800015f   Thumb Code     0  startup_stm32f10x_hd.o(.text)
    __aeabi_memcpy                           0x08000169   Thumb Code    36  memcpya.o(.text)
    __aeabi_memcpy4                          0x08000169   Thumb Code     0  memcpya.o(.text)
    __aeabi_memcpy8                          0x08000169   Thumb Code     0  memcpya.o(.text)
    __aeabi_memset                           0x0800018d   Thumb Code    14  memseta.o(.text)
    __aeabi_memset4                          0x0800018d   Thumb Code     0  memseta.o(.text)
    __aeabi_memset8                          0x0800018d   Thumb Code     0  memseta.o(.text)
    __aeabi_memclr                           0x0800019b   Thumb Code     4  memseta.o(.text)
    __aeabi_memclr4                          0x0800019b   Thumb Code     0  memseta.o(.text)
    __aeabi_memclr8                          0x0800019b   Thumb Code     0  memseta.o(.text)
    _memset$wrapper                          0x0800019f   Thumb Code    18  memseta.o(.text)
    strstr                                   0x080001b1   Thumb Code    36  strstr.o(.text)
    strncpy                                  0x080001d5   Thumb Code    24  strncpy.o(.text)
    strchr                                   0x080001ed   Thumb Code    20  strchr.o(.text)
    strcmp                                   0x08000201   Thumb Code    28  strcmp.o(.text)
    __0sscanf                                0x0800021d   Thumb Code    48  __0sscanf.o(.text)
    _scanf_string                            0x08000255   Thumb Code   224  _scanf_str.o(.text)
    __aeabi_fadd                             0x08000335   Thumb Code   164  fadd.o(.text)
    __aeabi_fsub                             0x080003d9   Thumb Code     6  fadd.o(.text)
    __aeabi_frsub                            0x080003df   Thumb Code     6  fadd.o(.text)
    __aeabi_fmul                             0x080003e5   Thumb Code   100  fmul.o(.text)
    __aeabi_fdiv                             0x08000449   Thumb Code   124  fdiv.o(.text)
    __aeabi_dadd                             0x080004c5   Thumb Code   322  dadd.o(.text)
    __aeabi_dsub                             0x08000607   Thumb Code     6  dadd.o(.text)
    __aeabi_drsub                            0x0800060d   Thumb Code     6  dadd.o(.text)
    __aeabi_dmul                             0x08000613   Thumb Code   228  dmul.o(.text)
    __aeabi_ddiv                             0x080006f7   Thumb Code   222  ddiv.o(.text)
    __aeabi_i2f                              0x080007d5   Thumb Code    18  fflti.o(.text)
    __aeabi_ui2f                             0x080007e7   Thumb Code    10  ffltui.o(.text)
    __aeabi_i2d                              0x080007f1   Thumb Code    34  dflti.o(.text)
    __aeabi_ul2d                             0x08000813   Thumb Code    24  dfltul.o(.text)
    __aeabi_f2iz                             0x0800082b   Thumb Code    50  ffixi.o(.text)
    __aeabi_f2uiz                            0x0800085d   Thumb Code    40  ffixui.o(.text)
    __aeabi_d2iz                             0x08000885   Thumb Code    62  dfixi.o(.text)
    __aeabi_d2uiz                            0x080008c3   Thumb Code    50  dfixui.o(.text)
    __aeabi_d2ulz                            0x080008f5   Thumb Code    48  dfixul.o(.text)
    __aeabi_f2d                              0x08000925   Thumb Code    38  f2d.o(.text)
    __aeabi_cdrcmple                         0x0800094d   Thumb Code    48  cdrcmple.o(.text)
    __aeabi_d2f                              0x0800097d   Thumb Code    56  d2f.o(.text)
    __aeabi_cfcmpeq                          0x080009b5   Thumb Code     0  cfcmple.o(.text)
    __aeabi_cfcmple                          0x080009b5   Thumb Code    20  cfcmple.o(.text)
    __aeabi_cfrcmple                         0x080009c9   Thumb Code    20  cfrcmple.o(.text)
    __aeabi_uidiv                            0x080009dd   Thumb Code     0  uidiv.o(.text)
    __aeabi_uidivmod                         0x080009dd   Thumb Code    44  uidiv.o(.text)
    __aeabi_uldivmod                         0x08000a09   Thumb Code    98  uldiv.o(.text)
    __aeabi_llsl                             0x08000a6b   Thumb Code    30  llshl.o(.text)
    _ll_shift_l                              0x08000a6b   Thumb Code     0  llshl.o(.text)
    __aeabi_llsr                             0x08000a89   Thumb Code    32  llushr.o(.text)
    _ll_ushift_r                             0x08000a89   Thumb Code     0  llushr.o(.text)
    __aeabi_lasr                             0x08000aa9   Thumb Code    36  llsshr.o(.text)
    _ll_sshift_r                             0x08000aa9   Thumb Code     0  llsshr.o(.text)
    __vfscanf_char                           0x08000ad9   Thumb Code    20  scanf_char.o(.text)
    _sgetc                                   0x08000af5   Thumb Code    30  _sgetc.o(.text)
    _sbackspace                              0x08000b13   Thumb Code    34  _sgetc.o(.text)
    __strtod_int                             0x08000b6b   Thumb Code    90  strtod.o(.text)
    __I$use$fp                               0x08000bd1   Thumb Code     0  iusefp.o(.text)
    _float_round                             0x08000bd1   Thumb Code    18  fepilogue.o(.text)
    _float_epilogue                          0x08000be3   Thumb Code    92  fepilogue.o(.text)
    _double_round                            0x08000c3f   Thumb Code    30  depilogue.o(.text)
    _double_epilogue                         0x08000c5d   Thumb Code   156  depilogue.o(.text)
    __ARM_scalbn                             0x08000cf9   Thumb Code    46  dscalb.o(.text)
    scalbn                                   0x08000cf9   Thumb Code     0  dscalb.o(.text)
    __scatterload                            0x08000d29   Thumb Code    28  init.o(.text)
    __scatterload_rt2                        0x08000d29   Thumb Code     0  init.o(.text)
    isspace                                  0x08000d4d   Thumb Code    10  isspace_c.o(.text)
    __vfscanf                                0x08000d59   Thumb Code   808  _scanf.o(.text)
    _scanf_real                              0x080011ad   Thumb Code     0  scanf_fp.o(.text)
    _scanf_really_real                       0x080011ad   Thumb Code   556  scanf_fp.o(.text)
    _dsqrt                                   0x080013e5   Thumb Code   162  dsqrt.o(.text)
    __ctype_lookup                           0x08001489   Thumb Code    34  ctype_c.o(.text)
    __decompress                             0x080014b1   Thumb Code     0  __dczerorl2.o(.text)
    __decompress1                            0x080014b1   Thumb Code    86  __dczerorl2.o(.text)
    ADC_ClearFlag                            0x08001507   Thumb Code     6  stm32f10x_adc.o(i.ADC_ClearFlag)
    ADC_Cmd                                  0x0800150d   Thumb Code    22  stm32f10x_adc.o(i.ADC_Cmd)
    ADC_DeInit                               0x08001525   Thumb Code    78  stm32f10x_adc.o(i.ADC_DeInit)
    ADC_GetCalibrationStatus                 0x08001581   Thumb Code    20  stm32f10x_adc.o(i.ADC_GetCalibrationStatus)
    ADC_GetConversionValue                   0x08001595   Thumb Code     8  stm32f10x_adc.o(i.ADC_GetConversionValue)
    ADC_GetFlagStatus                        0x0800159d   Thumb Code    18  stm32f10x_adc.o(i.ADC_GetFlagStatus)
    ADC_GetResetCalibrationStatus            0x080015af   Thumb Code    20  stm32f10x_adc.o(i.ADC_GetResetCalibrationStatus)
    ADC_Init                                 0x080015c5   Thumb Code    70  stm32f10x_adc.o(i.ADC_Init)
    ADC_RegularChannelConfig                 0x08001615   Thumb Code   184  stm32f10x_adc.o(i.ADC_RegularChannelConfig)
    ADC_ResetCalibration                     0x080016cd   Thumb Code    10  stm32f10x_adc.o(i.ADC_ResetCalibration)
    ADC_SoftwareStartConvCmd                 0x080016d7   Thumb Code    22  stm32f10x_adc.o(i.ADC_SoftwareStartConvCmd)
    ADC_StartCalibration                     0x080016ed   Thumb Code    10  stm32f10x_adc.o(i.ADC_StartCalibration)
    ALARM_Handle_myself                      0x080016f9   Thumb Code   600  deal_with.o(i.ALARM_Handle_myself)
    BusFault_Handler                         0x080019d1   Thumb Code     4  stm32f10x_it.o(i.BusFault_Handler)
    Calculate_SGP30                          0x080019d5   Thumb Code    38  deal_with.o(i.Calculate_SGP30)
    Calculate_SHT30                          0x080019fd   Thumb Code   214  deal_with.o(i.Calculate_SHT30)
    Clear_Buffer                             0x08001af1   Thumb Code    40  usart2.o(i.Clear_Buffer)
    Clear_Buffer_separate                    0x08001b21   Thumb Code    34  usart2.o(i.Clear_Buffer_separate)
    Collect_data                             0x08001b4d   Thumb Code   100  gp2y10_adc.o(i.Collect_data)
    DataGet_LD2410C                          0x08001bb9   Thumb Code   154  hlk_ld2410c.o(i.DataGet_LD2410C)
    DebugMon_Handler                         0x08001c5d   Thumb Code     2  stm32f10x_it.o(i.DebugMon_Handler)
    EXTI0_IRQHandler                         0x08001c61   Thumb Code    22  stm32f10x_it.o(i.EXTI0_IRQHandler)
    EXTI15_10_IRQHandler                     0x08001c7d   Thumb Code    26  stm32f10x_it.o(i.EXTI15_10_IRQHandler)
    EXTI_ClearITPendingBit                   0x08001c9d   Thumb Code     6  stm32f10x_exti.o(i.EXTI_ClearITPendingBit)
    EXTI_GetITStatus                         0x08001ca9   Thumb Code    34  stm32f10x_exti.o(i.EXTI_GetITStatus)
    EXTI_Init                                0x08001cd1   Thumb Code   142  stm32f10x_exti.o(i.EXTI_Init)
    EXTI_Key_Config                          0x08001d65   Thumb Code   140  key_exti.o(i.EXTI_Key_Config)
    Fire_ADC_Init                            0x08001df9   Thumb Code    12  fire_adc.o(i.Fire_ADC_Init)
    Fire_GetData                             0x08001e31   Thumb Code    60  fire_adc.o(i.Fire_GetData)
    Fire_Get_ADC                             0x08001e75   Thumb Code    46  fire_adc.o(i.Fire_Get_ADC)
    Fire_Get_ADC_Aveurage                    0x08001ea9   Thumb Code    46  fire_adc.o(i.Fire_Get_ADC_Aveurage)
    GET_Data_ALARM_myself                    0x08001f51   Thumb Code   140  deal_with.o(i.GET_Data_ALARM_myself)
    GET_Data_Desired_myself                  0x08001ff1   Thumb Code    20  deal_with.o(i.GET_Data_Desired_myself)
    GET_Data_SENSOR_myself                   0x08002005   Thumb Code    44  deal_with.o(i.GET_Data_SENSOR_myself)
    GP2Y_ADC_Init                            0x08002039   Thumb Code    12  gp2y10_adc.o(i.GP2Y_ADC_Init)
    GP2Y_Convert                             0x08002045   Thumb Code   148  gp2y10_adc.o(i.GP2Y_Convert)
    GP2Y_GetDate                             0x08002145   Thumb Code    34  gp2y10_adc.o(i.GP2Y_GetDate)
    GP2Y_GetDens                             0x08002171   Thumb Code    16  gp2y10_adc.o(i.GP2Y_GetDens)
    GPIO_EXTILineConfig                      0x080021f9   Thumb Code    60  stm32f10x_gpio.o(i.GPIO_EXTILineConfig)
    GPIO_Init                                0x08002239   Thumb Code   278  stm32f10x_gpio.o(i.GPIO_Init)
    GPIO_ReadInputDataBit                    0x0800234f   Thumb Code    18  stm32f10x_gpio.o(i.GPIO_ReadInputDataBit)
    GPIO_ResetBits                           0x08002361   Thumb Code     4  stm32f10x_gpio.o(i.GPIO_ResetBits)
    GPIO_SetBits                             0x08002365   Thumb Code     4  stm32f10x_gpio.o(i.GPIO_SetBits)
    Get_MQ2_ADC                              0x08002369   Thumb Code    46  mq2_adc.o(i.Get_MQ2_ADC)
    Get_MQ2_ADC_Average                      0x0800239d   Thumb Code    46  mq2_adc.o(i.Get_MQ2_ADC_Average)
    HLK_TX510_ClearDate                      0x080023cd   Thumb Code    52  hlk_tx510.o(i.HLK_TX510_ClearDate)
    HLK_TX510_Receive_Byte                   0x0800240d   Thumb Code   198  hlk_tx510.o(i.HLK_TX510_Receive_Byte)
    HardFault_Handler                        0x080024e5   Thumb Code     4  stm32f10x_it.o(i.HardFault_Handler)
    IWDG_Enable                              0x08002aa5   Thumb Code    10  stm32f10x_iwdg.o(i.IWDG_Enable)
    IWDG_Feed                                0x08002ab5   Thumb Code     8  wdg.o(i.IWDG_Feed)
    IWDG_Init                                0x08002abd   Thumb Code    36  wdg.o(i.IWDG_Init)
    IWDG_ReloadCounter                       0x08002ae1   Thumb Code    10  stm32f10x_iwdg.o(i.IWDG_ReloadCounter)
    IWDG_SetPrescaler                        0x08002af1   Thumb Code     6  stm32f10x_iwdg.o(i.IWDG_SetPrescaler)
    IWDG_SetReload                           0x08002afd   Thumb Code     6  stm32f10x_iwdg.o(i.IWDG_SetReload)
    IWDG_WriteAccessCmd                      0x08002b09   Thumb Code     6  stm32f10x_iwdg.o(i.IWDG_WriteAccessCmd)
    Init_myself                              0x08002b15   Thumb Code   280  deal_with.o(i.Init_myself)
    LED_GPIO_Config                          0x08002c31   Thumb Code    94  led_test.o(i.LED_GPIO_Config)
    ML302_Init                               0x08002c99   Thumb Code    64  ml302.o(i.ML302_Init)
    ML302_Init_MQTT                          0x08002cd9   Thumb Code   332  ml302.o(i.ML302_Init_MQTT)
    ML302_Init_call                          0x08002ef1   Thumb Code   306  ml302.o(i.ML302_Init_call)
    ML302_Init_text                          0x080030b9   Thumb Code   346  ml302.o(i.ML302_Init_text)
    ML302_MQTTInit                           0x080032ed   Thumb Code   106  ml302.o(i.ML302_MQTTInit)
    ML302_MQTTPUB_GET_desired                0x080033c5   Thumb Code    24  ml302.o(i.ML302_MQTTPUB_GET_desired)
    ML302_MQTTPUB_POST                       0x080033e5   Thumb Code   182  ml302.o(i.ML302_MQTTPUB_POST)
    ML302_MQTTSUB                            0x080034b9   Thumb Code   166  ml302.o(i.ML302_MQTTSUB)
    ML302_MQTT_ParseData                     0x08003659   Thumb Code   534  ml302.o(i.ML302_MQTT_ParseData)
    ML302_SendMessage                        0x08003915   Thumb Code   114  ml302.o(i.ML302_SendMessage)
    MQ2_ADC_Init                             0x080039bd   Thumb Code   138  mq2_adc.o(i.MQ2_ADC_Init)
    MQ2_GetPPM                               0x08003a51   Thumb Code   274  mq2_adc.o(i.MQ2_GetPPM)
    MemManage_Handler                        0x08003b9d   Thumb Code     4  stm32f10x_it.o(i.MemManage_Handler)
    NMI_Handler                              0x08003ba1   Thumb Code     2  stm32f10x_it.o(i.NMI_Handler)
    NVIC_Init                                0x08003bfd   Thumb Code   100  misc.o(i.NVIC_Init)
    NVIC_PriorityGroupConfig                 0x08003c6d   Thumb Code    10  misc.o(i.NVIC_PriorityGroupConfig)
    OLED_CLS                                 0x08003c81   Thumb Code    10  oled_iic.o(i.OLED_CLS)
    OLED_Fill                                0x08003c8b   Thumb Code    58  oled_iic.o(i.OLED_Fill)
    OLED_IIC_GPIO_Init                       0x08003cc5   Thumb Code    42  oled_iic.o(i.OLED_IIC_GPIO_Init)
    OLED_IIC_WriteByte                       0x08003cf5   Thumb Code    64  oled_iic.o(i.OLED_IIC_WriteByte)
    OLED_Init                                0x08003d35   Thumb Code   182  oled_iic.o(i.OLED_Init)
    OLED_SetPos                              0x08003deb   Thumb Code    40  oled_iic.o(i.OLED_SetPos)
    OLED_ShowCN                              0x08003e15   Thumb Code    80  oled_iic.o(i.OLED_ShowCN)
    OLED_ShowChar                            0x08003e69   Thumb Code   148  oled_iic.o(i.OLED_ShowChar)
    OLED_ShowNum                             0x08003f05   Thumb Code   136  oled_iic.o(i.OLED_ShowNum)
    OLED_ShowStr                             0x08003f8d   Thumb Code   228  oled_iic.o(i.OLED_ShowStr)
    OLED_Showdecimal                         0x08004079   Thumb Code   300  oled_iic.o(i.OLED_Showdecimal)
    OLED_WriteCmd                            0x080041a5   Thumb Code    14  oled_iic.o(i.OLED_WriteCmd)
    OLED_WriteDat                            0x080041b3   Thumb Code    14  oled_iic.o(i.OLED_WriteDat)
    OSD_myself                               0x080041c1   Thumb Code   414  deal_with.o(i.OSD_myself)
    POST_Data_myself                         0x08004379   Thumb Code   136  deal_with.o(i.POST_Data_myself)
    Parse_JSON                               0x08004405   Thumb Code    86  ml302.o(i.Parse_JSON)
    Parse_JSON_phone                         0x080044b5   Thumb Code   134  ml302.o(i.Parse_JSON_phone)
    PendSV_Handler                           0x08004595   Thumb Code     2  stm32f10x_it.o(i.PendSV_Handler)
    RCC_ADCCLKConfig                         0x08004599   Thumb Code    18  stm32f10x_rcc.o(i.RCC_ADCCLKConfig)
    RCC_APB1PeriphClockCmd                   0x080045b1   Thumb Code    26  stm32f10x_rcc.o(i.RCC_APB1PeriphClockCmd)
    RCC_APB1PeriphResetCmd                   0x080045d1   Thumb Code    26  stm32f10x_rcc.o(i.RCC_APB1PeriphResetCmd)
    RCC_APB2PeriphClockCmd                   0x080045f1   Thumb Code    26  stm32f10x_rcc.o(i.RCC_APB2PeriphClockCmd)
    RCC_APB2PeriphResetCmd                   0x08004611   Thumb Code    26  stm32f10x_rcc.o(i.RCC_APB2PeriphResetCmd)
    RCC_GetClocksFreq                        0x08004631   Thumb Code   192  stm32f10x_rcc.o(i.RCC_GetClocksFreq)
    SGP30_Init                               0x08004795   Thumb Code    16  sgp30_iic.o(i.SGP30_Init)
    SGP30_Read                               0x080047a5   Thumb Code    72  sgp30_iic.o(i.SGP30_Read)
    SGP30_Write                              0x080047ed   Thumb Code    52  sgp30_iic.o(i.SGP30_Write)
    SHT30_Init                               0x08004821   Thumb Code     8  sht30_iic.o(i.SHT30_Init)
    SHT30_read_result                        0x08004829   Thumb Code   186  sht30_iic.o(i.SHT30_read_result)
    SVC_Handler                              0x080048e3   Thumb Code     2  stm32f10x_it.o(i.SVC_Handler)
    SysTick_CLKSourceConfig                  0x080049cd   Thumb Code    40  misc.o(i.SysTick_CLKSourceConfig)
    SysTick_Handler                          0x080049f5   Thumb Code     2  stm32f10x_it.o(i.SysTick_Handler)
    SystemInit                               0x080049f9   Thumb Code    78  system_stm32f10x.o(i.SystemInit)
    TIM7_IRQHandler                          0x08004a59   Thumb Code    32  timer_mq2.o(i.TIM7_IRQHandler)
    TIM7_Init                                0x08004a81   Thumb Code    84  timer_mq2.o(i.TIM7_Init)
    TIM_ClearITPendingBit                    0x08004ad9   Thumb Code     6  stm32f10x_tim.o(i.TIM_ClearITPendingBit)
    TIM_Cmd                                  0x08004adf   Thumb Code    24  stm32f10x_tim.o(i.TIM_Cmd)
    TIM_GetITStatus                          0x08004af7   Thumb Code    34  stm32f10x_tim.o(i.TIM_GetITStatus)
    TIM_ITConfig                             0x08004b19   Thumb Code    18  stm32f10x_tim.o(i.TIM_ITConfig)
    TIM_TimeBaseInit                         0x08004b2d   Thumb Code   122  stm32f10x_tim.o(i.TIM_TimeBaseInit)
    UART4_IRQHandler                         0x08004bd1   Thumb Code   182  uart4.o(i.UART4_IRQHandler)
    UART5_Config                             0x08004c99   Thumb Code   132  uart5.o(i.UART5_Config)
    UART5_IRQHandler                         0x08004d29   Thumb Code   162  uart5.o(i.UART5_IRQHandler)
    USART1_IRQHandler                        0x08004dd9   Thumb Code   122  usart.o(i.USART1_IRQHandler)
    USART2_IRQHandler                        0x08004e61   Thumb Code    58  usart2.o(i.USART2_IRQHandler)
    USART3_IRQHandler                        0x08004f39   Thumb Code    74  usart3.o(i.USART3_IRQHandler)
    USART3_Init                              0x08004f8d   Thumb Code    24  usart3.o(i.USART3_Init)
    USART_Cmd                                0x08004fe1   Thumb Code    24  stm32f10x_usart.o(i.USART_Cmd)
    USART_DeInit                             0x08004ff9   Thumb Code   134  stm32f10x_usart.o(i.USART_DeInit)
    USART_GetITStatus                        0x08005095   Thumb Code    84  stm32f10x_usart.o(i.USART_GetITStatus)
    USART_ITConfig                           0x080050e9   Thumb Code    74  stm32f10x_usart.o(i.USART_ITConfig)
    USART_Init                               0x08005135   Thumb Code   210  stm32f10x_usart.o(i.USART_Init)
    USART_ReceiveData                        0x0800520d   Thumb Code    10  stm32f10x_usart.o(i.USART_ReceiveData)
    USART_SendData                           0x08005217   Thumb Code     8  stm32f10x_usart.o(i.USART_SendData)
    Uart1_SendStr                            0x08005221   Thumb Code    34  usart.o(i.Uart1_SendStr)
    UsageFault_Handler                       0x08005249   Thumb Code     4  stm32f10x_it.o(i.UsageFault_Handler)
    __0printf                                0x0800524d   Thumb Code    22  printfa.o(i.__0printf)
    __1printf                                0x0800524d   Thumb Code     0  printfa.o(i.__0printf)
    __2printf                                0x0800524d   Thumb Code     0  printfa.o(i.__0printf)
    __c89printf                              0x0800524d   Thumb Code     0  printfa.o(i.__0printf)
    printf                                   0x0800524d   Thumb Code     0  printfa.o(i.__0printf)
    __0sprintf                               0x0800526d   Thumb Code    34  printfa.o(i.__0sprintf)
    __1sprintf                               0x0800526d   Thumb Code     0  printfa.o(i.__0sprintf)
    __2sprintf                               0x0800526d   Thumb Code     0  printfa.o(i.__0sprintf)
    __c89sprintf                             0x0800526d   Thumb Code     0  printfa.o(i.__0sprintf)
    sprintf                                  0x0800526d   Thumb Code     0  printfa.o(i.__0sprintf)
    __ARM_fpclassify                         0x08005295   Thumb Code    40  fpclassify.o(i.__ARM_fpclassify)
    __kernel_poly                            0x080052bd   Thumb Code   170  poly.o(i.__kernel_poly)
    __mathlib_dbl_divzero                    0x08005369   Thumb Code    12  dunder.o(i.__mathlib_dbl_divzero)
    __mathlib_dbl_infnan2                    0x08005379   Thumb Code     4  dunder.o(i.__mathlib_dbl_infnan2)
    __mathlib_dbl_invalid                    0x0800537d   Thumb Code    12  dunder.o(i.__mathlib_dbl_invalid)
    __mathlib_dbl_overflow                   0x08005389   Thumb Code    14  dunder.o(i.__mathlib_dbl_overflow)
    __mathlib_dbl_underflow                  0x08005399   Thumb Code    10  dunder.o(i.__mathlib_dbl_underflow)
    __read_errno                             0x080053a9   Thumb Code     6  errno.o(i.__read_errno)
    __scatterload_copy                       0x080053b5   Thumb Code    14  handlers.o(i.__scatterload_copy)
    __scatterload_null                       0x080053c3   Thumb Code     2  handlers.o(i.__scatterload_null)
    __scatterload_zeroinit                   0x080053c5   Thumb Code    14  handlers.o(i.__scatterload_zeroinit)
    __set_errno                              0x080053d5   Thumb Code     6  errno.o(i.__set_errno)
    _is_digit                                0x08005565   Thumb Code    14  scanf_fp.o(i._is_digit)
    atof                                     0x08005cad   Thumb Code    42  atof.o(i.atof)
    deal_with                                0x08005cd9   Thumb Code   220  deal_with.o(i.deal_with)
    delay_init                               0x08005dd1   Thumb Code    50  delay.o(i.delay_init)
    delay_ms                                 0x08005e15   Thumb Code    72  delay.o(i.delay_ms)
    delay_s                                  0x08005e61   Thumb Code    24  delay.o(i.delay_s)
    delay_us                                 0x08005e79   Thumb Code    72  delay.o(i.delay_us)
    fputc                                    0x08005ec5   Thumb Code    24  usart2.o(i.fputc)
    main                                     0x08005ee1   Thumb Code    74  main.o(i.main)
    oled_pow                                 0x08005f2b   Thumb Code    22  oled_iic.o(i.oled_pow)
    pow                                      0x08005f41   Thumb Code  2512  pow.o(i.pow)
    printf_myself                            0x08006919   Thumb Code   336  deal_with.o(i.printf_myself)
    sqrt                                     0x08006b8d   Thumb Code    76  sqrt.o(i.sqrt)
    uart2_init                               0x08006bd9   Thumb Code   160  usart2.o(i.uart2_init)
    uart4_init                               0x08006c81   Thumb Code   174  uart4.o(i.uart4_init)
    uart_init                                0x08006d41   Thumb Code   152  usart.o(i.uart_init)
    F6x8                                     0x08006de0   Data         552  oled_iic.o(.constdata)
    F8X16                                    0x08007008   Data        1520  oled_iic.o(.constdata)
    __mathlib_zero                           0x08007680   Data           8  qnan.o(.constdata)
    __ctype_categories                       0x08007688   Data          64  ctype_c.o(.constdata)
    Region$$Table$$Base                      0x08007bd0   Number         0  anon$$obj.o(Region$$Table)
    Region$$Table$$Limit                     0x08007bf0   Number         0  anon$$obj.o(Region$$Table)
    SystemCoreClock                          0x20000000   Data           4  system_stm32f10x.o(.data)
    AHBPrescTable                            0x20000004   Data          16  system_stm32f10x.o(.data)
    ALARM                                    0x20000028   Data          24  deal_with.o(.data)
    IFWORK                                   0x20000040   Data           5  deal_with.o(.data)
    STM32                                    0x20000048   Data          80  deal_with.o(.data)
    REC_cache                                0x20000098   Data          80  deal_with.o(.data)
    Desired                                  0x200000e8   Data          80  deal_with.o(.data)
    ONENET_IF                                0x20000138   Data           5  deal_with.o(.data)
    ASR_IF                                   0x2000013d   Data           5  deal_with.o(.data)
    phone_num                                0x20000142   Data          12  deal_with.o(.data)
    NVICPriority_Structure                   0x2000014e   Data           7  deal_with.o(.data)
    KEY1_flag                                0x20000155   Data           1  deal_with.o(.data)
    KEY2_flag                                0x20000156   Data           1  deal_with.o(.data)
    USART_RX_STA                             0x2000015c   Data           2  usart.o(.data)
    flag_start_LD2410C                       0x2000015e   Data           1  uart4.o(.data)
    HLK_TX510_Face_IdentifyCmd               0x2000015f   Data           8  hlk_tx510.o(.data)
    HLK_TX510_Face_EnrollCmd                 0x20000167   Data           8  hlk_tx510.o(.data)
    HLK_TX510_Delete_FaceCmd                 0x2000016f   Data          10  hlk_tx510.o(.data)
    HLK_TX510_Delete_FaceALLCmd              0x20000179   Data           8  hlk_tx510.o(.data)
    HLK_TX510_LightON                        0x20000181   Data           9  hlk_tx510.o(.data)
    HLK_TX510_LightOFF                       0x2000018a   Data           9  hlk_tx510.o(.data)
    HLK_TX510_Control_DisplayON              0x20000193   Data           9  hlk_tx510.o(.data)
    HLK_TX510_Control_DisplayOFF             0x2000019c   Data           9  hlk_tx510.o(.data)
    HLK_TX510_WhiteLightON                   0x200001a5   Data           9  hlk_tx510.o(.data)
    HLK_TX510_WhiteLightOFF                  0x200001ae   Data           9  hlk_tx510.o(.data)
    HLK_TX510_Version_InquireCmd             0x200001b7   Data           8  hlk_tx510.o(.data)
    HLK_TX510_RebootCmd                      0x200001bf   Data           8  hlk_tx510.o(.data)
    HLK_TX510_Baudrate_SetCmd                0x200001c7   Data           9  hlk_tx510.o(.data)
    HLK_TX510_Read_Face_QuantityCmd          0x200001d0   Data           8  hlk_tx510.o(.data)
    HLK_TX510                                0x200001d8   Data           8  hlk_tx510.o(.data)
    flag_start_TX510                         0x200001e0   Data           1  hlk_tx510.o(.data)
    flag_stop_TX510                          0x200001e1   Data           1  hlk_tx510.o(.data)
    i                                        0x200001e2   Data           1  hlk_tx510.o(.data)
    strx_MQTT                                0x200001e4   Data           4  ml302.o(.data)
    extstrx_MQTT                             0x200001e8   Data           4  ml302.o(.data)
    strx_call                                0x200001ec   Data           4  ml302.o(.data)
    extstrx_call                             0x200001f0   Data           4  ml302.o(.data)
    strx_text                                0x200001f4   Data           4  ml302.o(.data)
    extstrx_text                             0x200001f8   Data           4  ml302.o(.data)
    strx_LBS                                 0x200001fc   Data           4  ml302.o(.data)
    extstrx_LBS                              0x20000200   Data           4  ml302.o(.data)
    socketnum                                0x20000204   Data           1  ml302.o(.data)
    strx_MQTTSUB                             0x20000208   Data           4  ml302.o(.data)
    strx_MQTT_REC                            0x2000020c   Data           4  ml302.o(.data)
    strx_MQTT_REC_cache                      0x20000210   Data           4  ml302.o(.data)
    REC_data                                 0x20000214   Data           4  ml302.o(.data)
    Data_cache                               0x20000218   Data           4  ml302.o(.data)
    i_parse                                  0x2000021c   Data           4  ml302.o(.data)
    __stdout                                 0x20000220   Data           4  usart2.o(.data)
    RxCounter                                0x20000224   Data           2  usart2.o(.data)
    times_MQ2                                0x2000022c   Data           4  mq2_adc.o(.data)
    TIM7_flag                                0x20000230   Data           1  mq2_adc.o(.data)
    F16x16                                   0x20000231   Data         864  oled_iic.o(.data)
    BMP1                                     0x20000591   Data        1024  oled_iic.o(.data)
    SENSOR                                   0x20000998   Data          44  deal_with.o(.bss)
    USART_RX_BUF                             0x200009c4   Data         200  usart.o(.bss)
    RX_Data_LD2410C                          0x20000a8c   Data         304  hlk_ld2410c.o(.bss)
    Receive_Data_LD2410C                     0x20000bbc   Data        1026  hlk_ld2410c.o(.bss)
    Detection_Target_LD2410C                 0x20000fbe   Data          10  hlk_ld2410c.o(.bss)
    UART4_TX_BUF                             0x20000fc8   Data         600  uart4.o(.bss)
    UART4_RX_BUF                             0x20001220   Data        1024  uart4.o(.bss)
    USART_InitStructure                      0x20001620   Data          16  uart4.o(.bss)
    RX_Data_TX510                            0x20001630   Data          54  hlk_tx510.o(.bss)
    Receive_Data_TX510                       0x20001666   Data          54  hlk_tx510.o(.bss)
    judge_rec                                0x2000169c   Data          10  ml302.o(.bss)
    REC_data_parse                           0x200016a6   Data        1321  ml302.o(.bss)
    RxBuffer                                 0x20001bcf   Data        1321  usart2.o(.bss)
    __initial_sp                             0x20002520   Data           0  startup_stm32f10x_hd.o(STACK)



==============================================================================

Memory Map of the image

  Image Entry point : 0x08000131

  Load Region LR_IROM1 (Base: 0x08000000, Size: 0x00008588, Max: 0x00080000, ABSOLUTE, COMPRESSED[0x0000805c])

    Execution Region ER_IROM1 (Exec base: 0x08000000, Load base: 0x08000000, Size: 0x00007bf0, Max: 0x00080000, ABSOLUTE)

    Exec Addr    Load Addr    Size         Type   Attr      Idx    E Section Name        Object

    0x08000000   0x08000000   0x00000130   Data   RO            3    RESET               startup_stm32f10x_hd.o
    0x08000130   0x08000130   0x00000000   Code   RO         4514  * .ARM.Collect$$$$00000000  mc_w.l(entry.o)
    0x08000130   0x08000130   0x00000004   Code   RO         4867    .ARM.Collect$$$$00000001  mc_w.l(entry2.o)
    0x08000134   0x08000134   0x00000004   Code   RO         4870    .ARM.Collect$$$$00000004  mc_w.l(entry5.o)
    0x08000138   0x08000138   0x00000000   Code   RO         4872    .ARM.Collect$$$$00000008  mc_w.l(entry7b.o)
    0x08000138   0x08000138   0x00000000   Code   RO         4874    .ARM.Collect$$$$0000000A  mc_w.l(entry8b.o)
    0x08000138   0x08000138   0x00000008   Code   RO         4875    .ARM.Collect$$$$0000000B  mc_w.l(entry9a.o)
    0x08000140   0x08000140   0x00000000   Code   RO         4877    .ARM.Collect$$$$0000000D  mc_w.l(entry10a.o)
    0x08000140   0x08000140   0x00000000   Code   RO         4879    .ARM.Collect$$$$0000000F  mc_w.l(entry11a.o)
    0x08000140   0x08000140   0x00000004   Code   RO         4868    .ARM.Collect$$$$00002712  mc_w.l(entry2.o)
    0x08000144   0x08000144   0x00000024   Code   RO            4    .text               startup_stm32f10x_hd.o
    0x08000168   0x08000168   0x00000024   Code   RO         4517    .text               mc_w.l(memcpya.o)
    0x0800018c   0x0800018c   0x00000024   Code   RO         4519    .text               mc_w.l(memseta.o)
    0x080001b0   0x080001b0   0x00000024   Code   RO         4523    .text               mc_w.l(strstr.o)
    0x080001d4   0x080001d4   0x00000018   Code   RO         4525    .text               mc_w.l(strncpy.o)
    0x080001ec   0x080001ec   0x00000014   Code   RO         4527    .text               mc_w.l(strchr.o)
    0x08000200   0x08000200   0x0000001c   Code   RO         4529    .text               mc_w.l(strcmp.o)
    0x0800021c   0x0800021c   0x00000038   Code   RO         4796    .text               mc_w.l(__0sscanf.o)
    0x08000254   0x08000254   0x000000e0   Code   RO         4798    .text               mc_w.l(_scanf_str.o)
    0x08000334   0x08000334   0x000000b0   Code   RO         4800    .text               mf_w.l(fadd.o)
    0x080003e4   0x080003e4   0x00000064   Code   RO         4802    .text               mf_w.l(fmul.o)
    0x08000448   0x08000448   0x0000007c   Code   RO         4804    .text               mf_w.l(fdiv.o)
    0x080004c4   0x080004c4   0x0000014e   Code   RO         4806    .text               mf_w.l(dadd.o)
    0x08000612   0x08000612   0x000000e4   Code   RO         4808    .text               mf_w.l(dmul.o)
    0x080006f6   0x080006f6   0x000000de   Code   RO         4810    .text               mf_w.l(ddiv.o)
    0x080007d4   0x080007d4   0x00000012   Code   RO         4812    .text               mf_w.l(fflti.o)
    0x080007e6   0x080007e6   0x0000000a   Code   RO         4814    .text               mf_w.l(ffltui.o)
    0x080007f0   0x080007f0   0x00000022   Code   RO         4816    .text               mf_w.l(dflti.o)
    0x08000812   0x08000812   0x00000018   Code   RO         4818    .text               mf_w.l(dfltul.o)
    0x0800082a   0x0800082a   0x00000032   Code   RO         4820    .text               mf_w.l(ffixi.o)
    0x0800085c   0x0800085c   0x00000028   Code   RO         4822    .text               mf_w.l(ffixui.o)
    0x08000884   0x08000884   0x0000003e   Code   RO         4824    .text               mf_w.l(dfixi.o)
    0x080008c2   0x080008c2   0x00000032   Code   RO         4826    .text               mf_w.l(dfixui.o)
    0x080008f4   0x080008f4   0x00000030   Code   RO         4828    .text               mf_w.l(dfixul.o)
    0x08000924   0x08000924   0x00000026   Code   RO         4830    .text               mf_w.l(f2d.o)
    0x0800094a   0x0800094a   0x00000002   PAD
    0x0800094c   0x0800094c   0x00000030   Code   RO         4832    .text               mf_w.l(cdrcmple.o)
    0x0800097c   0x0800097c   0x00000038   Code   RO         4834    .text               mf_w.l(d2f.o)
    0x080009b4   0x080009b4   0x00000014   Code   RO         4836    .text               mf_w.l(cfcmple.o)
    0x080009c8   0x080009c8   0x00000014   Code   RO         4838    .text               mf_w.l(cfrcmple.o)
    0x080009dc   0x080009dc   0x0000002c   Code   RO         4881    .text               mc_w.l(uidiv.o)
    0x08000a08   0x08000a08   0x00000062   Code   RO         4883    .text               mc_w.l(uldiv.o)
    0x08000a6a   0x08000a6a   0x0000001e   Code   RO         4885    .text               mc_w.l(llshl.o)
    0x08000a88   0x08000a88   0x00000020   Code   RO         4887    .text               mc_w.l(llushr.o)
    0x08000aa8   0x08000aa8   0x00000024   Code   RO         4889    .text               mc_w.l(llsshr.o)
    0x08000acc   0x08000acc   0x00000028   Code   RO         4898    .text               mc_w.l(scanf_char.o)
    0x08000af4   0x08000af4   0x00000040   Code   RO         4900    .text               mc_w.l(_sgetc.o)
    0x08000b34   0x08000b34   0x0000009c   Code   RO         4902    .text               mc_w.l(strtod.o)
    0x08000bd0   0x08000bd0   0x00000000   Code   RO         4904    .text               mc_w.l(iusefp.o)
    0x08000bd0   0x08000bd0   0x0000006e   Code   RO         4905    .text               mf_w.l(fepilogue.o)
    0x08000c3e   0x08000c3e   0x000000ba   Code   RO         4907    .text               mf_w.l(depilogue.o)
    0x08000cf8   0x08000cf8   0x0000002e   Code   RO         4909    .text               mf_w.l(dscalb.o)
    0x08000d26   0x08000d26   0x00000002   PAD
    0x08000d28   0x08000d28   0x00000024   Code   RO         4915    .text               mc_w.l(init.o)
    0x08000d4c   0x08000d4c   0x0000000a   Code   RO         4917    .text               mc_w.l(isspace_c.o)
    0x08000d56   0x08000d56   0x00000002   PAD
    0x08000d58   0x08000d58   0x0000032c   Code   RO         4919    .text               mc_w.l(_scanf.o)
    0x08001084   0x08001084   0x00000360   Code   RO         4921    .text               mc_w.l(scanf_fp.o)
    0x080013e4   0x080013e4   0x000000a2   Code   RO         4925    .text               mf_w.l(dsqrt.o)
    0x08001486   0x08001486   0x00000002   PAD
    0x08001488   0x08001488   0x00000028   Code   RO         4927    .text               mc_w.l(ctype_c.o)
    0x080014b0   0x080014b0   0x00000056   Code   RO         4938    .text               mc_w.l(__dczerorl2.o)
    0x08001506   0x08001506   0x00000006   Code   RO          181    i.ADC_ClearFlag     stm32f10x_adc.o
    0x0800150c   0x0800150c   0x00000016   Code   RO          183    i.ADC_Cmd           stm32f10x_adc.o
    0x08001522   0x08001522   0x00000002   PAD
    0x08001524   0x08001524   0x0000005c   Code   RO          185    i.ADC_DeInit        stm32f10x_adc.o
    0x08001580   0x08001580   0x00000014   Code   RO          191    i.ADC_GetCalibrationStatus  stm32f10x_adc.o
    0x08001594   0x08001594   0x00000008   Code   RO          192    i.ADC_GetConversionValue  stm32f10x_adc.o
    0x0800159c   0x0800159c   0x00000012   Code   RO          194    i.ADC_GetFlagStatus  stm32f10x_adc.o
    0x080015ae   0x080015ae   0x00000014   Code   RO          197    i.ADC_GetResetCalibrationStatus  stm32f10x_adc.o
    0x080015c2   0x080015c2   0x00000002   PAD
    0x080015c4   0x080015c4   0x00000050   Code   RO          201    i.ADC_Init          stm32f10x_adc.o
    0x08001614   0x08001614   0x000000b8   Code   RO          205    i.ADC_RegularChannelConfig  stm32f10x_adc.o
    0x080016cc   0x080016cc   0x0000000a   Code   RO          206    i.ADC_ResetCalibration  stm32f10x_adc.o
    0x080016d6   0x080016d6   0x00000016   Code   RO          208    i.ADC_SoftwareStartConvCmd  stm32f10x_adc.o
    0x080016ec   0x080016ec   0x0000000a   Code   RO          210    i.ADC_StartCalibration  stm32f10x_adc.o
    0x080016f6   0x080016f6   0x00000002   PAD
    0x080016f8   0x080016f8   0x000002d8   Code   RO         3294    i.ALARM_Handle_myself  deal_with.o
    0x080019d0   0x080019d0   0x00000004   Code   RO         3218    i.BusFault_Handler  stm32f10x_it.o
    0x080019d4   0x080019d4   0x00000026   Code   RO         3295    i.Calculate_SGP30   deal_with.o
    0x080019fa   0x080019fa   0x00000002   PAD
    0x080019fc   0x080019fc   0x000000f4   Code   RO         3296    i.Calculate_SHT30   deal_with.o
    0x08001af0   0x08001af0   0x00000030   Code   RO         3968    i.Clear_Buffer      usart2.o
    0x08001b20   0x08001b20   0x0000002c   Code   RO         3969    i.Clear_Buffer_separate  usart2.o
    0x08001b4c   0x08001b4c   0x0000006c   Code   RO         4030    i.Collect_data      gp2y10_adc.o
    0x08001bb8   0x08001bb8   0x000000a4   Code   RO         3605    i.DataGet_LD2410C   hlk_ld2410c.o
    0x08001c5c   0x08001c5c   0x00000002   Code   RO         3219    i.DebugMon_Handler  stm32f10x_it.o
    0x08001c5e   0x08001c5e   0x00000002   PAD
    0x08001c60   0x08001c60   0x0000001c   Code   RO         3220    i.EXTI0_IRQHandler  stm32f10x_it.o
    0x08001c7c   0x08001c7c   0x00000020   Code   RO         3221    i.EXTI15_10_IRQHandler  stm32f10x_it.o
    0x08001c9c   0x08001c9c   0x0000000c   Code   RO          939    i.EXTI_ClearITPendingBit  stm32f10x_exti.o
    0x08001ca8   0x08001ca8   0x00000028   Code   RO          943    i.EXTI_GetITStatus  stm32f10x_exti.o
    0x08001cd0   0x08001cd0   0x00000094   Code   RO          944    i.EXTI_Init         stm32f10x_exti.o
    0x08001d64   0x08001d64   0x00000094   Code   RO         3553    i.EXTI_Key_Config   key_exti.o
    0x08001df8   0x08001df8   0x0000000c   Code   RO         4137    i.Fire_ADC_Init     fire_adc.o
    0x08001e04   0x08001e04   0x0000002c   Code   RO         4138    i.Fire_GPIO_Config  fire_adc.o
    0x08001e30   0x08001e30   0x00000044   Code   RO         4139    i.Fire_GetData      fire_adc.o
    0x08001e74   0x08001e74   0x00000034   Code   RO         4140    i.Fire_Get_ADC      fire_adc.o
    0x08001ea8   0x08001ea8   0x0000002e   Code   RO         4141    i.Fire_Get_ADC_Aveurage  fire_adc.o
    0x08001ed6   0x08001ed6   0x00000002   PAD
    0x08001ed8   0x08001ed8   0x00000078   Code   RO         4142    i.Fire_Mode_Config  fire_adc.o
    0x08001f50   0x08001f50   0x000000a0   Code   RO         3298    i.GET_Data_ALARM_myself  deal_with.o
    0x08001ff0   0x08001ff0   0x00000014   Code   RO         3299    i.GET_Data_Desired_myself  deal_with.o
    0x08002004   0x08002004   0x00000034   Code   RO         3300    i.GET_Data_SENSOR_myself  deal_with.o
    0x08002038   0x08002038   0x0000000c   Code   RO         4031    i.GP2Y_ADC_Init     gp2y10_adc.o
    0x08002044   0x08002044   0x000000b0   Code   RO         4032    i.GP2Y_Convert      gp2y10_adc.o
    0x080020f4   0x080020f4   0x00000050   Code   RO         4033    i.GP2Y_GPIO_Config  gp2y10_adc.o
    0x08002144   0x08002144   0x0000002c   Code   RO         4034    i.GP2Y_GetDate      gp2y10_adc.o
    0x08002170   0x08002170   0x00000010   Code   RO         4035    i.GP2Y_GetDens      gp2y10_adc.o
    0x08002180   0x08002180   0x00000078   Code   RO         4036    i.GP2Y_Mode_Config  gp2y10_adc.o
    0x080021f8   0x080021f8   0x00000040   Code   RO         1289    i.GPIO_EXTILineConfig  stm32f10x_gpio.o
    0x08002238   0x08002238   0x00000116   Code   RO         1292    i.GPIO_Init         stm32f10x_gpio.o
    0x0800234e   0x0800234e   0x00000012   Code   RO         1296    i.GPIO_ReadInputDataBit  stm32f10x_gpio.o
    0x08002360   0x08002360   0x00000004   Code   RO         1299    i.GPIO_ResetBits    stm32f10x_gpio.o
    0x08002364   0x08002364   0x00000004   Code   RO         1300    i.GPIO_SetBits      stm32f10x_gpio.o
    0x08002368   0x08002368   0x00000034   Code   RO         4079    i.Get_MQ2_ADC       mq2_adc.o
    0x0800239c   0x0800239c   0x0000002e   Code   RO         4080    i.Get_MQ2_ADC_Average  mq2_adc.o
    0x080023ca   0x080023ca   0x00000002   PAD
    0x080023cc   0x080023cc   0x00000040   Code   RO         3669    i.HLK_TX510_ClearDate  hlk_tx510.o
    0x0800240c   0x0800240c   0x000000d8   Code   RO         3676    i.HLK_TX510_Receive_Byte  hlk_tx510.o
    0x080024e4   0x080024e4   0x00000004   Code   RO         3222    i.HardFault_Handler  stm32f10x_it.o
    0x080024e8   0x080024e8   0x00000044   Code   RO         4424    i.IIC_ACK           sht30_iic.o
    0x0800252c   0x0800252c   0x00000038   Code   RO         4350    i.IIC_Ack           sgp30_iic.o
    0x08002564   0x08002564   0x0000000e   Code   RO         4178    i.IIC_Delay         oled_iic.o
    0x08002572   0x08002572   0x00000002   PAD
    0x08002574   0x08002574   0x00000044   Code   RO         4351    i.IIC_Init          sgp30_iic.o
    0x080025b8   0x080025b8   0x00000044   Code   RO         4425    i.IIC_Init          sht30_iic.o
    0x080025fc   0x080025fc   0x00000044   Code   RO         4426    i.IIC_NACK          sht30_iic.o
    0x08002640   0x08002640   0x00000038   Code   RO         4352    i.IIC_NAck          sgp30_iic.o
    0x08002678   0x08002678   0x00000058   Code   RO         4427    i.IIC_RcvByte       sht30_iic.o
    0x080026d0   0x080026d0   0x0000005c   Code   RO         4353    i.IIC_Read_Byte     sgp30_iic.o
    0x0800272c   0x0800272c   0x0000005c   Code   RO         4181    i.IIC_SendByte      oled_iic.o
    0x08002788   0x08002788   0x00000060   Code   RO         4428    i.IIC_SendByte      sht30_iic.o
    0x080027e8   0x080027e8   0x00000064   Code   RO         4354    i.IIC_Send_Byte     sgp30_iic.o
    0x0800284c   0x0800284c   0x00000034   Code   RO         4182    i.IIC_Start         oled_iic.o
    0x08002880   0x08002880   0x00000038   Code   RO         4355    i.IIC_Start         sgp30_iic.o
    0x080028b8   0x080028b8   0x00000038   Code   RO         4429    i.IIC_Start         sht30_iic.o
    0x080028f0   0x080028f0   0x00000024   Code   RO         4183    i.IIC_Stop          oled_iic.o
    0x08002914   0x08002914   0x00000038   Code   RO         4356    i.IIC_Stop          sgp30_iic.o
    0x0800294c   0x0800294c   0x00000040   Code   RO         4430    i.IIC_Stop          sht30_iic.o
    0x0800298c   0x0800298c   0x00000040   Code   RO         4184    i.IIC_WaitAck       oled_iic.o
    0x080029cc   0x080029cc   0x00000054   Code   RO         4357    i.IIC_Wait_Ack      sgp30_iic.o
    0x08002a20   0x08002a20   0x00000084   Code   RO         4431    i.IIC_wait_ACK      sht30_iic.o
    0x08002aa4   0x08002aa4   0x00000010   Code   RO         1604    i.IWDG_Enable       stm32f10x_iwdg.o
    0x08002ab4   0x08002ab4   0x00000008   Code   RO         3511    i.IWDG_Feed         wdg.o
    0x08002abc   0x08002abc   0x00000024   Code   RO         3512    i.IWDG_Init         wdg.o
    0x08002ae0   0x08002ae0   0x00000010   Code   RO         1606    i.IWDG_ReloadCounter  stm32f10x_iwdg.o
    0x08002af0   0x08002af0   0x0000000c   Code   RO         1607    i.IWDG_SetPrescaler  stm32f10x_iwdg.o
    0x08002afc   0x08002afc   0x0000000c   Code   RO         1608    i.IWDG_SetReload    stm32f10x_iwdg.o
    0x08002b08   0x08002b08   0x0000000c   Code   RO         1609    i.IWDG_WriteAccessCmd  stm32f10x_iwdg.o
    0x08002b14   0x08002b14   0x0000011c   Code   RO         3301    i.Init_myself       deal_with.o
    0x08002c30   0x08002c30   0x00000068   Code   RO         3499    i.LED_GPIO_Config   led_test.o
    0x08002c98   0x08002c98   0x00000040   Code   RO         3845    i.ML302_Init        ml302.o
    0x08002cd8   0x08002cd8   0x00000218   Code   RO         3847    i.ML302_Init_MQTT   ml302.o
    0x08002ef0   0x08002ef0   0x000001c8   Code   RO         3848    i.ML302_Init_call   ml302.o
    0x080030b8   0x080030b8   0x00000234   Code   RO         3849    i.ML302_Init_text   ml302.o
    0x080032ec   0x080032ec   0x000000d8   Code   RO         3850    i.ML302_MQTTInit    ml302.o
    0x080033c4   0x080033c4   0x00000020   Code   RO         3852    i.ML302_MQTTPUB_GET_desired  ml302.o
    0x080033e4   0x080033e4   0x000000d4   Code   RO         3853    i.ML302_MQTTPUB_POST  ml302.o
    0x080034b8   0x080034b8   0x000001a0   Code   RO         3854    i.ML302_MQTTSUB     ml302.o
    0x08003658   0x08003658   0x000002bc   Code   RO         3856    i.ML302_MQTT_ParseData  ml302.o
    0x08003914   0x08003914   0x000000a8   Code   RO         3858    i.ML302_SendMessage  ml302.o
    0x080039bc   0x080039bc   0x00000094   Code   RO         4081    i.MQ2_ADC_Init      mq2_adc.o
    0x08003a50   0x08003a50   0x0000014c   Code   RO         4082    i.MQ2_GetPPM        mq2_adc.o
    0x08003b9c   0x08003b9c   0x00000004   Code   RO         3223    i.MemManage_Handler  stm32f10x_it.o
    0x08003ba0   0x08003ba0   0x00000002   Code   RO         3224    i.NMI_Handler       stm32f10x_it.o
    0x08003ba2   0x08003ba2   0x00000032   Code   RO         3554    i.NVIC_Configuration  key_exti.o
    0x08003bd4   0x08003bd4   0x00000026   Code   RO         3570    i.NVIC_Configuration  uart5.o
    0x08003bfa   0x08003bfa   0x00000002   PAD
    0x08003bfc   0x08003bfc   0x00000070   Code   RO          137    i.NVIC_Init         misc.o
    0x08003c6c   0x08003c6c   0x00000014   Code   RO          138    i.NVIC_PriorityGroupConfig  misc.o
    0x08003c80   0x08003c80   0x0000000a   Code   RO         4185    i.OLED_CLS          oled_iic.o
    0x08003c8a   0x08003c8a   0x0000003a   Code   RO         4188    i.OLED_Fill         oled_iic.o
    0x08003cc4   0x08003cc4   0x00000030   Code   RO         4189    i.OLED_IIC_GPIO_Init  oled_iic.o
    0x08003cf4   0x08003cf4   0x00000040   Code   RO         4190    i.OLED_IIC_WriteByte  oled_iic.o
    0x08003d34   0x08003d34   0x000000b6   Code   RO         4191    i.OLED_Init         oled_iic.o
    0x08003dea   0x08003dea   0x00000028   Code   RO         4194    i.OLED_SetPos       oled_iic.o
    0x08003e12   0x08003e12   0x00000002   PAD
    0x08003e14   0x08003e14   0x00000054   Code   RO         4195    i.OLED_ShowCN       oled_iic.o
    0x08003e68   0x08003e68   0x0000009c   Code   RO         4196    i.OLED_ShowChar     oled_iic.o
    0x08003f04   0x08003f04   0x00000088   Code   RO         4197    i.OLED_ShowNum      oled_iic.o
    0x08003f8c   0x08003f8c   0x000000ec   Code   RO         4198    i.OLED_ShowStr      oled_iic.o
    0x08004078   0x08004078   0x0000012c   Code   RO         4200    i.OLED_Showdecimal  oled_iic.o
    0x080041a4   0x080041a4   0x0000000e   Code   RO         4202    i.OLED_WriteCmd     oled_iic.o
    0x080041b2   0x080041b2   0x0000000e   Code   RO         4203    i.OLED_WriteDat     oled_iic.o
    0x080041c0   0x080041c0   0x000001b8   Code   RO         3304    i.OSD_myself        deal_with.o
    0x08004378   0x08004378   0x0000008c   Code   RO         3305    i.POST_Data_myself  deal_with.o
    0x08004404   0x08004404   0x000000b0   Code   RO         3860    i.Parse_JSON        ml302.o
    0x080044b4   0x080044b4   0x000000e0   Code   RO         3861    i.Parse_JSON_phone  ml302.o
    0x08004594   0x08004594   0x00000002   Code   RO         3225    i.PendSV_Handler    stm32f10x_it.o
    0x08004596   0x08004596   0x00000002   PAD
    0x08004598   0x08004598   0x00000018   Code   RO         1706    i.RCC_ADCCLKConfig  stm32f10x_rcc.o
    0x080045b0   0x080045b0   0x00000020   Code   RO         1708    i.RCC_APB1PeriphClockCmd  stm32f10x_rcc.o
    0x080045d0   0x080045d0   0x00000020   Code   RO         1709    i.RCC_APB1PeriphResetCmd  stm32f10x_rcc.o
    0x080045f0   0x080045f0   0x00000020   Code   RO         1710    i.RCC_APB2PeriphClockCmd  stm32f10x_rcc.o
    0x08004610   0x08004610   0x00000020   Code   RO         1711    i.RCC_APB2PeriphResetCmd  stm32f10x_rcc.o
    0x08004630   0x08004630   0x000000d4   Code   RO         1718    i.RCC_GetClocksFreq  stm32f10x_rcc.o
    0x08004704   0x08004704   0x00000024   Code   RO         4358    i.SDA_IN            sgp30_iic.o
    0x08004728   0x08004728   0x00000024   Code   RO         4432    i.SDA_IN            sht30_iic.o
    0x0800474c   0x0800474c   0x00000024   Code   RO         4359    i.SDA_OUT           sgp30_iic.o
    0x08004770   0x08004770   0x00000024   Code   RO         4433    i.SDA_OUT           sht30_iic.o
    0x08004794   0x08004794   0x00000010   Code   RO         4360    i.SGP30_Init        sgp30_iic.o
    0x080047a4   0x080047a4   0x00000048   Code   RO         4361    i.SGP30_Read        sgp30_iic.o
    0x080047ec   0x080047ec   0x00000034   Code   RO         4362    i.SGP30_Write       sgp30_iic.o
    0x08004820   0x08004820   0x00000008   Code   RO         4434    i.SHT30_Init        sht30_iic.o
    0x08004828   0x08004828   0x000000ba   Code   RO         4435    i.SHT30_read_result  sht30_iic.o
    0x080048e2   0x080048e2   0x00000002   Code   RO         3226    i.SVC_Handler       stm32f10x_it.o
    0x080048e4   0x080048e4   0x00000008   Code   RO           24    i.SetSysClock       system_stm32f10x.o
    0x080048ec   0x080048ec   0x000000e0   Code   RO           25    i.SetSysClockTo72   system_stm32f10x.o
    0x080049cc   0x080049cc   0x00000028   Code   RO          141    i.SysTick_CLKSourceConfig  misc.o
    0x080049f4   0x080049f4   0x00000002   Code   RO         3227    i.SysTick_Handler   stm32f10x_it.o
    0x080049f6   0x080049f6   0x00000002   PAD
    0x080049f8   0x080049f8   0x00000060   Code   RO           27    i.SystemInit        system_stm32f10x.o
    0x08004a58   0x08004a58   0x00000028   Code   RO         4118    i.TIM7_IRQHandler   timer_mq2.o
    0x08004a80   0x08004a80   0x00000058   Code   RO         4119    i.TIM7_Init         timer_mq2.o
    0x08004ad8   0x08004ad8   0x00000006   Code   RO         2337    i.TIM_ClearITPendingBit  stm32f10x_tim.o
    0x08004ade   0x08004ade   0x00000018   Code   RO         2342    i.TIM_Cmd           stm32f10x_tim.o
    0x08004af6   0x08004af6   0x00000022   Code   RO         2363    i.TIM_GetITStatus   stm32f10x_tim.o
    0x08004b18   0x08004b18   0x00000012   Code   RO         2367    i.TIM_ITConfig      stm32f10x_tim.o
    0x08004b2a   0x08004b2a   0x00000002   PAD
    0x08004b2c   0x08004b2c   0x000000a4   Code   RO         2413    i.TIM_TimeBaseInit  stm32f10x_tim.o
    0x08004bd0   0x08004bd0   0x000000c8   Code   RO         3623    i.UART4_IRQHandler  uart4.o
    0x08004c98   0x08004c98   0x00000090   Code   RO         3571    i.UART5_Config      uart5.o
    0x08004d28   0x08004d28   0x000000b0   Code   RO         3572    i.UART5_IRQHandler  uart5.o
    0x08004dd8   0x08004dd8   0x00000088   Code   RO         3463    i.USART1_IRQHandler  usart.o
    0x08004e60   0x08004e60   0x00000048   Code   RO         3971    i.USART2_IRQHandler  usart2.o
    0x08004ea8   0x08004ea8   0x00000054   Code   RO         3799    i.USART3_Configuration  usart3.o
    0x08004efc   0x08004efc   0x0000003c   Code   RO         3800    i.USART3_GPIO_Configuration  usart3.o
    0x08004f38   0x08004f38   0x00000054   Code   RO         3801    i.USART3_IRQHandler  usart3.o
    0x08004f8c   0x08004f8c   0x00000018   Code   RO         3802    i.USART3_Init       usart3.o
    0x08004fa4   0x08004fa4   0x00000028   Code   RO         3803    i.USART3_NVIC_Configuration  usart3.o
    0x08004fcc   0x08004fcc   0x00000014   Code   RO         3804    i.USART3_RCC_Configuration  usart3.o
    0x08004fe0   0x08004fe0   0x00000018   Code   RO         2878    i.USART_Cmd         stm32f10x_usart.o
    0x08004ff8   0x08004ff8   0x0000009c   Code   RO         2880    i.USART_DeInit      stm32f10x_usart.o
    0x08005094   0x08005094   0x00000054   Code   RO         2882    i.USART_GetITStatus  stm32f10x_usart.o
    0x080050e8   0x080050e8   0x0000004a   Code   RO         2884    i.USART_ITConfig    stm32f10x_usart.o
    0x08005132   0x08005132   0x00000002   PAD
    0x08005134   0x08005134   0x000000d8   Code   RO         2885    i.USART_Init        stm32f10x_usart.o
    0x0800520c   0x0800520c   0x0000000a   Code   RO         2892    i.USART_ReceiveData  stm32f10x_usart.o
    0x08005216   0x08005216   0x00000008   Code   RO         2895    i.USART_SendData    stm32f10x_usart.o
    0x0800521e   0x0800521e   0x00000002   PAD
    0x08005220   0x08005220   0x00000028   Code   RO         3464    i.Uart1_SendStr     usart.o
    0x08005248   0x08005248   0x00000004   Code   RO         3228    i.UsageFault_Handler  stm32f10x_it.o
    0x0800524c   0x0800524c   0x00000020   Code   RO         4768    i.__0printf         mc_w.l(printfa.o)
    0x0800526c   0x0800526c   0x00000028   Code   RO         4770    i.__0sprintf        mc_w.l(printfa.o)
    0x08005294   0x08005294   0x00000028   Code   RO         4854    i.__ARM_fpclassify  m_ws.l(fpclassify.o)
    0x080052bc   0x080052bc   0x000000aa   Code   RO         4856    i.__kernel_poly     m_ws.l(poly.o)
    0x08005366   0x08005366   0x00000002   PAD
    0x08005368   0x08005368   0x00000010   Code   RO         4840    i.__mathlib_dbl_divzero  m_ws.l(dunder.o)
    0x08005378   0x08005378   0x00000004   Code   RO         4842    i.__mathlib_dbl_infnan2  m_ws.l(dunder.o)
    0x0800537c   0x0800537c   0x0000000c   Code   RO         4843    i.__mathlib_dbl_invalid  m_ws.l(dunder.o)
    0x08005388   0x08005388   0x0000000e   Code   RO         4844    i.__mathlib_dbl_overflow  m_ws.l(dunder.o)
    0x08005396   0x08005396   0x00000002   PAD
    0x08005398   0x08005398   0x00000010   Code   RO         4846    i.__mathlib_dbl_underflow  m_ws.l(dunder.o)
    0x080053a8   0x080053a8   0x0000000c   Code   RO         4892    i.__read_errno      mc_w.l(errno.o)
    0x080053b4   0x080053b4   0x0000000e   Code   RO         4932    i.__scatterload_copy  mc_w.l(handlers.o)
    0x080053c2   0x080053c2   0x00000002   Code   RO         4933    i.__scatterload_null  mc_w.l(handlers.o)
    0x080053c4   0x080053c4   0x0000000e   Code   RO         4934    i.__scatterload_zeroinit  mc_w.l(handlers.o)
    0x080053d2   0x080053d2   0x00000002   PAD
    0x080053d4   0x080053d4   0x0000000c   Code   RO         4893    i.__set_errno       mc_w.l(errno.o)
    0x080053e0   0x080053e0   0x00000184   Code   RO         4775    i._fp_digits        mc_w.l(printfa.o)
    0x08005564   0x08005564   0x0000000e   Code   RO         4923    i._is_digit         mc_w.l(scanf_fp.o)
    0x08005572   0x08005572   0x00000002   PAD
    0x08005574   0x08005574   0x000006dc   Code   RO         4776    i._printf_core      mc_w.l(printfa.o)
    0x08005c50   0x08005c50   0x00000024   Code   RO         4777    i._printf_post_padding  mc_w.l(printfa.o)
    0x08005c74   0x08005c74   0x0000002e   Code   RO         4778    i._printf_pre_padding  mc_w.l(printfa.o)
    0x08005ca2   0x08005ca2   0x0000000a   Code   RO         4780    i._sputc            mc_w.l(printfa.o)
    0x08005cac   0x08005cac   0x0000002a   Code   RO         4499    i.atof              m_ws.l(atof.o)
    0x08005cd6   0x08005cd6   0x00000002   PAD
    0x08005cd8   0x08005cd8   0x000000f8   Code   RO         3307    i.deal_with         deal_with.o
    0x08005dd0   0x08005dd0   0x00000044   Code   RO         3402    i.delay_init        delay.o
    0x08005e14   0x08005e14   0x0000004c   Code   RO         3403    i.delay_ms          delay.o
    0x08005e60   0x08005e60   0x00000018   Code   RO         3404    i.delay_s           delay.o
    0x08005e78   0x08005e78   0x0000004c   Code   RO         3405    i.delay_us          delay.o
    0x08005ec4   0x08005ec4   0x0000001c   Code   RO         3974    i.fputc             usart2.o
    0x08005ee0   0x08005ee0   0x0000004a   Code   RO         3108    i.main              main.o
    0x08005f2a   0x08005f2a   0x00000016   Code   RO         4204    i.oled_pow          oled_iic.o
    0x08005f40   0x08005f40   0x000009d8   Code   RO         4503    i.pow               m_ws.l(pow.o)
    0x08006918   0x08006918   0x00000274   Code   RO         3308    i.printf_myself     deal_with.o
    0x08006b8c   0x08006b8c   0x0000004c   Code   RO         4860    i.sqrt              m_ws.l(sqrt.o)
    0x08006bd8   0x08006bd8   0x000000a8   Code   RO         3975    i.uart2_init        usart2.o
    0x08006c80   0x08006c80   0x000000c0   Code   RO         3625    i.uart4_init        uart4.o
    0x08006d40   0x08006d40   0x000000a0   Code   RO         3465    i.uart_init         usart.o
    0x08006de0   0x08006de0   0x00000818   Data   RO         4205    .constdata          oled_iic.o
    0x080075f8   0x080075f8   0x00000088   Data   RO         4504    .constdata          m_ws.l(pow.o)
    0x08007680   0x08007680   0x00000008   Data   RO         4858    .constdata          m_ws.l(qnan.o)
    0x08007688   0x08007688   0x00000040   Data   RO         4928    .constdata          mc_w.l(ctype_c.o)
    0x080076c8   0x080076c8   0x00000507   Data   RO         3863    .conststring        ml302.o
    0x08007bcf   0x08007bcf   0x00000001   PAD
    0x08007bd0   0x08007bd0   0x00000020   Data   RO         4930    Region$$Table       anon$$obj.o


    Execution Region RW_IRAM1 (Exec base: 0x20000000, Load base: 0x08007bf0, Size: 0x00002520, Max: 0x00010000, ABSOLUTE, COMPRESSED[0x0000046c])

    Exec Addr    Load Addr    Size         Type   Attr      Idx    E Section Name        Object

    0x20000000   COMPRESSED   0x00000014   Data   RW           28    .data               system_stm32f10x.o
    0x20000014   COMPRESSED   0x00000014   Data   RW         1738    .data               stm32f10x_rcc.o
    0x20000028   COMPRESSED   0x0000012f   Data   RW         3310    .data               deal_with.o
    0x20000157   COMPRESSED   0x00000001   PAD
    0x20000158   COMPRESSED   0x00000004   Data   RW         3406    .data               delay.o
    0x2000015c   COMPRESSED   0x00000002   Data   RW         3467    .data               usart.o
    0x2000015e   COMPRESSED   0x00000001   Data   RW         3628    .data               uart4.o
    0x2000015f   COMPRESSED   0x00000084   Data   RW         3687    .data               hlk_tx510.o
    0x200001e3   COMPRESSED   0x00000001   PAD
    0x200001e4   COMPRESSED   0x0000003c   Data   RW         3864    .data               ml302.o
    0x20000220   COMPRESSED   0x00000006   Data   RW         3977    .data               usart2.o
    0x20000226   COMPRESSED   0x00000001   Data   RW         4038    .data               gp2y10_adc.o
    0x20000227   COMPRESSED   0x00000001   PAD
    0x20000228   COMPRESSED   0x00000009   Data   RW         4084    .data               mq2_adc.o
    0x20000231   COMPRESSED   0x00000760   Data   RW         4206    .data               oled_iic.o
    0x20000991   COMPRESSED   0x00000003   PAD
    0x20000994   COMPRESSED   0x00000004   Data   RW         4894    .data               mc_w.l(errno.o)
    0x20000998        -       0x0000002c   Zero   RW         3309    .bss                deal_with.o
    0x200009c4        -       0x000000c8   Zero   RW         3466    .bss                usart.o
    0x20000a8c        -       0x0000053c   Zero   RW         3606    .bss                hlk_ld2410c.o
    0x20000fc8        -       0x00000668   Zero   RW         3627    .bss                uart4.o
    0x20001630        -       0x0000006c   Zero   RW         3686    .bss                hlk_tx510.o
    0x2000169c        -       0x00000533   Zero   RW         3862    .bss                ml302.o
    0x20001bcf        -       0x00000529   Zero   RW         3976    .bss                usart2.o
    0x200020f8        -       0x00000028   Zero   RW         4037    .bss                gp2y10_adc.o
    0x20002120        -       0x00000400   Zero   RW            1    STACK               startup_stm32f10x_hd.o


==============================================================================

Image component sizes


      Code (inc. data)   RO Data    RW Data    ZI Data      Debug   Object Name

         0          0          0          0          0       4508   core_cm3.o
      2982        540          0        303         44       9332   deal_with.o
       244         26          0          4          0       2177   delay.o
       342         24          0          0          0       3186   fire_adc.o
       556         54          0          1         40       4208   gp2y10_adc.o
       164         10          0          0       1340       1746   hlk_ld2410c.o
       280         30          0        132        108       4492   hlk_tx510.o
       198          8          0          0          0       1038   key_exti.o
       104         10          0          0          0        510   led_test.o
        74          0          0          0          0        475   main.o
       172         22          0          0          0       2169   misc.o
      3764       1370       1287         60       1331       9310   ml302.o
       578         74          0          9          0       2694   mq2_adc.o
      1622         46       2072       1888          0      11774   oled_iic.o
       780         48          0          0          0       6272   sgp30_iic.o
       906         48          0          0          0       6201   sht30_iic.o
        36          8        304          0       1024        848   startup_stm32f10x_hd.o
       492         24          0          0          0       9466   stm32f10x_adc.o
       200         18          0          0          0       2228   stm32f10x_exti.o
       368          4          0          0          0       4430   stm32f10x_gpio.o
        86         12          0          0          0       4608   stm32f10x_it.o
        68         30          0          0          0       2590   stm32f10x_iwdg.o
       364         50          0         20          0       6307   stm32f10x_rcc.o
       246         42          0          0          0       3710   stm32f10x_tim.o
       572         28          0          0          0       6350   stm32f10x_usart.o
       328         28          0         20          0     261953   system_stm32f10x.o
       128         12          0          0          0       1106   timer_mq2.o
       392         36          0          1       1640       2047   uart4.o
       358         26          0          0          0       1690   uart5.o
       336         28          0          2        200       2272   usart.o
       360         44          0          6       1321       4465   usart2.o
       312         24          0          0          0       2842   usart3.o
        44          0          0          0          0        944   wdg.o

    ----------------------------------------------------------------------
     17486       2724       3696       2452       7048     387948   Object Totals
         0          0         32          0          0          0   (incl. Generated)
        30          0          1          6          0          0   (incl. Padding)

    ----------------------------------------------------------------------

      Code (inc. data)   RO Data    RW Data    ZI Data      Debug   Library Member Name

        42          0          0          0          0         84   atof.o
        62         10          0          0          0        340   dunder.o
        40          0          0          0          0         68   fpclassify.o
       170          0          0          0          0         96   poly.o
      2520        190        136          0          0        324   pow.o
         0          0          8          0          0          0   qnan.o
        76          0          0          0          0         84   sqrt.o
        56          8          0          0          0         84   __0sscanf.o
        86          0          0          0          0          0   __dczerorl2.o
       812          4          0          0          0        112   _scanf.o
       224          0          0          0          0         96   _scanf_str.o
        64          0          0          0          0         84   _sgetc.o
        40          6         64          0          0         68   ctype_c.o
         0          0          0          0          0          0   entry.o
         0          0          0          0          0          0   entry10a.o
         0          0          0          0          0          0   entry11a.o
         8          4          0          0          0          0   entry2.o
         4          0          0          0          0          0   entry5.o
         0          0          0          0          0          0   entry7b.o
         0          0          0          0          0          0   entry8b.o
         8          4          0          0          0          0   entry9a.o
        24         12          0          4          0        136   errno.o
        30          0          0          0          0          0   handlers.o
        36          8          0          0          0         68   init.o
        10          0          0          0          0         68   isspace_c.o
         0          0          0          0          0          0   iusefp.o
        30          0          0          0          0         68   llshl.o
        36          0          0          0          0         68   llsshr.o
        32          0          0          0          0         68   llushr.o
        36          0          0          0          0         68   memcpya.o
        36          0          0          0          0        108   memseta.o
      2308         96          0          0          0        604   printfa.o
        40          8          0          0          0         84   scanf_char.o
       878         12          0          0          0        216   scanf_fp.o
        20          0          0          0          0         68   strchr.o
        28          0          0          0          0         76   strcmp.o
        24          0          0          0          0         76   strncpy.o
        36          0          0          0          0         80   strstr.o
       156         12          0          0          0        120   strtod.o
        44          0          0          0          0         80   uidiv.o
        98          0          0          0          0         92   uldiv.o
        48          0          0          0          0         68   cdrcmple.o
        20          0          0          0          0         68   cfcmple.o
        20          0          0          0          0         68   cfrcmple.o
        56          0          0          0          0         88   d2f.o
       334          0          0          0          0        148   dadd.o
       222          0          0          0          0        100   ddiv.o
       186          0          0          0          0        176   depilogue.o
        62          0          0          0          0         80   dfixi.o
        50          0          0          0          0         76   dfixui.o
        48          0          0          0          0         68   dfixul.o
        34          0          0          0          0         76   dflti.o
        24          0          0          0          0         76   dfltul.o
       228          0          0          0          0         96   dmul.o
        46          0          0          0          0         80   dscalb.o
       162          0          0          0          0        100   dsqrt.o
        38          0          0          0          0         68   f2d.o
       176          0          0          0          0        140   fadd.o
       124          0          0          0          0         88   fdiv.o
       110          0          0          0          0        168   fepilogue.o
        50          0          0          0          0         68   ffixi.o
        40          0          0          0          0         68   ffixui.o
        18          0          0          0          0         68   fflti.o
        10          0          0          0          0         68   ffltui.o
       100          0          0          0          0         76   fmul.o

    ----------------------------------------------------------------------
     10338        374        208          4          0       5768   Library Totals
        18          0          0          0          0          0   (incl. Padding)

    ----------------------------------------------------------------------

      Code (inc. data)   RO Data    RW Data    ZI Data      Debug   Library Name

      2910        200        144          0          0        996   m_ws.l
      5204        174         64          4          0       2592   mc_w.l
      2206          0          0          0          0       2180   mf_w.l

    ----------------------------------------------------------------------
     10338        374        208          4          0       5768   Library Totals

    ----------------------------------------------------------------------

==============================================================================


      Code (inc. data)   RO Data    RW Data    ZI Data      Debug   

     27824       3098       3904       2456       7048     381676   Grand Totals
     27824       3098       3904       1132       7048     381676   ELF Image Totals (compressed)
     27824       3098       3904       1132          0          0   ROM Totals

==============================================================================

    Total RO  Size (Code + RO Data)                31728 (  30.98kB)
    Total RW  Size (RW Data + ZI Data)              9504 (   9.28kB)
    Total ROM Size (Code + RO Data + RW Data)      32860 (  32.09kB)

==============================================================================

